ARM Linker, 5.03 [Build 76] [MDK-ARM Standard]

==============================================================================

Section Cross References

    startup_lpc177x_8x.o(STACK) refers (Special) to heapauxi.o(.text) for __use_two_region_memory
    startup_lpc177x_8x.o(HEAP) refers (Special) to heapauxi.o(.text) for __use_two_region_memory
    startup_lpc177x_8x.o(RESET) refers (Special) to heapauxi.o(.text) for __use_two_region_memory
    startup_lpc177x_8x.o(RESET) refers to startup_lpc177x_8x.o(STACK) for __initial_sp
    startup_lpc177x_8x.o(RESET) refers to startup_lpc177x_8x.o(.text) for Reset_Handler
    startup_lpc177x_8x.o(RESET) refers to os_cpu_a.o(.text) for OS_CPU_PendSVHandler
    startup_lpc177x_8x.o(RESET) refers to os_cpu_c.o(.text) for OS_CPU_SysTickHandler
    startup_lpc177x_8x.o(RESET) refers to user_key.o(.text) for TIMER2_IRQHandler
    startup_lpc177x_8x.o(RESET) refers to com_uart.o(.text) for UART0_IRQHandler
    startup_lpc177x_8x.o(RESET) refers to lpc177x_8x_emac.o(.text) for ENET_IRQHandler
    startup_lpc177x_8x.o(.ARM.__at_0x02FC) refers (Special) to heapauxi.o(.text) for __use_two_region_memory
    startup_lpc177x_8x.o(.text) refers (Special) to heapauxi.o(.text) for __use_two_region_memory
    startup_lpc177x_8x.o(.text) refers to system_lpc177x_8x.o(.text) for SystemInit
    startup_lpc177x_8x.o(.text) refers to __main.o(!!!main) for __main
    startup_lpc177x_8x.o(.text) refers to startup_lpc177x_8x.o(HEAP) for Heap_Mem
    startup_lpc177x_8x.o(.text) refers to startup_lpc177x_8x.o(STACK) for Stack_Mem
    system_lpc177x_8x.o(.text) refers to gpioconfig.o(.text) for GPIOIni
    system_lpc177x_8x.o(.text) refers to lpc177x_8x_emc.o(.text) for EMC_Init
    system_lpc177x_8x.o(.text) refers to sdram_mt48lc8m32lfb5.o(.text) for SDRAMInit
    system_lpc177x_8x.o(.text) refers to system_lpc177x_8x.o(STARTUP_DATA) for SystemCoreClock
    lpc177x_8x_clkpwr.o(.text) refers to system_lpc177x_8x.o(.text) for SystemCoreClockUpdate
    lpc177x_8x_clkpwr.o(.text) refers to system_lpc177x_8x.o(STARTUP_DATA) for SystemCoreClock
    lpc177x_8x_emc.o(.text) refers to lpc177x_8x_clkpwr.o(.text) for CLKPWR_GetCLK
    lpc177x_8x_emc.o(.text) refers to lludivv7m.o(.text) for __aeabi_uldivmod
    lpc177x_8x_emc.o(.text) refers to lpc177x_8x_pinsel.o(.text) for PINSEL_ConfigPin
    lpc177x_8x_emc.o(.text) refers to lpc177x_8x_gpio.o(.text) for GPIO_SetDir
    lpc177x_8x_gpio.o(.text) refers to lpc177x_8x_clkpwr.o(.text) for CLKPWR_ConfigPPWR
    lpc177x_8x_rtc.o(.text) refers to lpc177x_8x_clkpwr.o(.text) for CLKPWR_ConfigPPWR
    lpc177x_8x_ssp.o(.text) refers to lpc177x_8x_clkpwr.o(.text) for CLKPWR_GetCLK
    lpc177x_8x_timer.o(.text) refers to lpc177x_8x_clkpwr.o(.text) for CLKPWR_GetCLK
    lpc177x_8x_timer.o(.text) refers to lludivv7m.o(.text) for __aeabi_uldivmod
    lpc177x_8x_emac.o(.text) refers to rt_memcpy_w.o(.text) for __aeabi_memcpy4
    lpc177x_8x_emac.o(.text) refers to lpc177x_8x_clkpwr.o(.text) for CLKPWR_ConfigPPWR
    lpc177x_8x_emac.o(.text) refers to lpc177x_8x_pinsel.o(.text) for PINSEL_ConfigPin
    lpc177x_8x_emac.o(.text) refers to lpc177x_8x_emac.o(.bss) for EMAC_Configs
    lpc177x_8x_emac.o(.text) refers to lpc177x_8x_emac.o(.constdata) for EMAC_clkdiv
    lpc177x_8x_emac.o(.text) refers to ethernetif.o(.text) for ethernetif_frame_ready
    lpc177x_8x_lcd.o(.text) refers to lpc177x_8x_lcd.o(.bss) for FrameBuffer
    lpc177x_8x_lcd.o(.text) refers to guicore.o(.bss) for GUI_Context
    lpc177x_8x_lcd.o(.text) refers to lpc177x_8x_gpio.o(.text) for GPIO_SetDir
    lpc177x_8x_lcd.o(.text) refers to lpc177x_8x_clkpwr.o(.text) for CLKPWR_ConfigPPWR
    lpc177x_8x_uart.o(.text) refers to lpc177x_8x_clkpwr.o(.text) for CLKPWR_GetCLK
    lpc177x_8x_uart.o(.text) refers to lludivv7m.o(.text) for __aeabi_uldivmod
    lpc177x_8x_i2c.o(.text) refers to lpc177x_8x_clkpwr.o(.text) for CLKPWR_GetCLK
    lpc177x_8x_i2c.o(.text) refers to lpc177x_8x_i2c.o(.bss) for i2cdat
    lpc177x_8x_i2c.o(.text) refers to lpc177x_8x_i2c.o(.data) for I2C_MonitorBufferIndex
    sdram_mt48lc8m32lfb5.o(.text) refers to lpc177x_8x_timer.o(.text) for TIM_Init
    sdram_mt48lc8m32lfb5.o(.text) refers to lpc177x_8x_emc.o(.text) for DynMem_Init
    norflash_sst39vf1601.o(.text) refers to lpc177x_8x_emc.o(.text) for StaticMem_Init
    norflash_sst39vf1601.o(.text) refers to lpc177x_8x_timer.o(.text) for TIM_Init
    nandflash_k9f4g08u0b.o(.text) refers to lpc177x_8x_timer.o(.text) for TIM_Waitus
    nandflash_k9f4g08u0b.o(.text) refers to lpc177x_8x_emc.o(.text) for StaticMem_Init
    nandflash_k9f4g08u0b.o(.text) refers to __2printf.o(.text) for __2printf
    phylan_dm9161a.o(.text) refers to lpc177x_8x_emac.o(.text) for EMAC_Read_PHY
    phylan_dm9161a.o(.text) refers to rt_memcpy_w.o(.text) for __aeabi_memcpy4
    phylan_dm9161a.o(.text) refers to phylan_dm9161a.o(.constdata) for .constdata
    ssp_gt21l16s2w.o(.text) refers to lpc177x_8x_ssp.o(.text) for SSP_ConfigStructInit
[...]
    0x0003aa24   0x00000042   Code   RO         3431    .text               ucGui.lib(gui__intersectrect.o)
    0x0003aa66   0x00000022   Code   RO         3481    .text               ucGui.lib(gui__reducerect.o)
    0x0003aa88   0x00000016   Code   RO         3493    .text               ucGui.lib(gui__strlen.o)
    0x0003aa9e   0x0000001a   Code   RO         3505    .text               ucGui.lib(gui_clearrectex.o)
    0x0003aab8   0x00000028   Code   RO         3517    .text               ucGui.lib(gui_dispstringat.o)
    0x0003aae0   0x000001e0   Code   RO         3529    .text               ucGui.lib(gui_dispstringinrect.o)
    0x0003acc0   0x00000104   Code   RO         3551    .text               ucGui.lib(gui_drawbitmap.o)
    0x0003adc4   0x00000060   Code   RO         3576    .text               ucGui.lib(gui_drawhline.o)
    0x0003ae24   0x0000005c   Code   RO         3588    .text               ucGui.lib(gui_drawvline.o)
    0x0003ae80   0x0000006c   Code   RO         3600    .text               ucGui.lib(gui_fillrect.o)
    0x0003aeec   0x00000016   Code   RO         3612    .text               ucGui.lib(gui_getstringdistx.o)
    0x0003af02   0x00000014   Code   RO         3627    .text               ucGui.lib(gui_getysizeoffont.o)
    0x0003af16   0x00000024   Code   RO         3639    .text               ucGui.lib(gui_moverect.o)
    0x0003af3a   0x00000002   PAD
    0x0003af3c   0x00000098   Code   RO         3651    .text               ucGui.lib(gui_onkey.o)
    0x0003afd4   0x00000028   Code   RO         3674    .text               ucGui.lib(gui_setcolor.o)
    0x0003affc   0x00000020   Code   RO         3686    .text               ucGui.lib(gui_setfont.o)
    0x0003b01c   0x00000020   Code   RO         3698    .text               ucGui.lib(gui_settextmode.o)
    0x0003b03c   0x00000438   Code   RO         3710    .text               ucGui.lib(guialloc.o)
    0x0003b474   0x00000124   Code   RO         3729    .text               ucGui.lib(guicore.o)
    0x0003b598   0x00000148   Code   RO         3750    .text               ucGui.lib(guitask.o)
    0x0003b6e0   0x0000003e   Code   RO         3765    .text               ucGui.lib(guitime.o)
    0x0003b71e   0x00000002   PAD
    0x0003b720   0x00000468   Code   RO         3777    .text               ucGui.lib(lcd.o)
    0x0003bb88   0x0000022c   Code   RO         3793    .text               ucGui.lib(lcdrle4.o)
    0x0003bdb4   0x00000050   Code   RO         3815    .text               ucGui.lib(button_createindirect.o)
    0x0003be04   0x00000138   Code   RO         3851    .text               ucGui.lib(dialog.o)
    0x0003bf3c   0x000007d8   Code   RO         3895    .text               ucGui.lib(dropdown.o)
    0x0003c714   0x00000048   Code   RO         3923    .text               ucGui.lib(dropdown_createindirect.o)
    0x0003c75c   0x0000004c   Code   RO         3935    .text               ucGui.lib(dropdown_setautoscroll.o)
    0x0003c7a8   0x00000a34   Code   RO         3947    .text               ucGui.lib(edit.o)
    0x0003d1dc   0x0000005c   Code   RO         3965    .text               ucGui.lib(edit_createindirect.o)
    0x0003d238   0x0000002a   Code   RO         3977    .text               ucGui.lib(edit_setcursoratchar.o)
    0x0003d262   0x00000002   PAD
    0x0003d264   0x000007c8   Code   RO         3993    .text               ucGui.lib(framewin.o)
    0x0003da2c   0x0000009c   Code   RO         4014    .text               ucGui.lib(framewin_addmenu.o)
    0x0003dac8   0x0000004e   Code   RO         4033    .text               ucGui.lib(framewin_createindirect.o)
    0x0003db16   0x000000cc   Code   RO         4045    .text               ucGui.lib(framewin_setcolors.o)
    0x0003dbe2   0x0000003e   Code   RO         4057    .text               ucGui.lib(framewin_setfont.o)
    0x0003dc20   0x000001ac   Code   RO         4081    .text               ucGui.lib(gui_array.o)
    0x0003ddcc   0x00000058   Code   RO         4093    .text               ucGui.lib(gui_array_deleteitem.o)
    0x0003de24   0x000008a4   Code   RO         4105    .text               ucGui.lib(header.o)
    0x0003e6c8   0x00000044   Code   RO         4140    .text               ucGui.lib(listview_default.o)
    0x0003e70c   0x00000028   Code   RO         4156    .text               ucGui.lib(listview_getnumrows.o)
    0x0003e734   0x00000022   Code   RO         4168    .text               ucGui.lib(listview_getsel.o)
    0x0003e756   0x00000042   Code   RO         4180    .text               ucGui.lib(listview_setbkcolor.o)
    0x0003e798   0x0000003c   Code   RO         4192    .text               ucGui.lib(listview_setgridvis.o)
    0x0003e7d4   0x000000fc   Code   RO         4204    .text               ucGui.lib(listview_setitemcolor.o)
    0x0003e8d0   0x00000074   Code   RO         4216    .text               ucGui.lib(listview_setitemtext.o)
    0x0003e944   0x0000003c   Code   RO         4228    .text               ucGui.lib(listview_setrowheight.o)
    0x0003e980   0x00000078   Code   RO         4240    .text               ucGui.lib(listview_setsel.o)
    0x0003e9f8   0x00000042   Code   RO         4264    .text               ucGui.lib(listview_settextcolor.o)
    0x0003ea3a   0x00000002   PAD
    0x0003ea3c   0x0000007c   Code   RO         4276    .text               ucGui.lib(menu_default.o)
    0x0003eab8   0x00000058   Code   RO         4292    .text               ucGui.lib(radio_createindirect.o)
    0x0003eb10   0x000004b8   Code   RO         4304    .text               ucGui.lib(widget.o)
    0x0003efc8   0x00000110   Code   RO         4319    .text               ucGui.lib(widget_effect_3d1l.o)
    0x0003f0d8   0x00000120   Code   RO         4338    .text               ucGui.lib(widget_fillstringinrect.o)
    0x0003f1f8   0x0000001e   Code   RO         4350    .text               ucGui.lib(widget_seteffect.o)
    0x0003f216   0x00000024   Code   RO         4362    .text               ucGui.lib(wm__sendmessage.o)
    0x0003f23a   0x000000be   Code   RO         4374    .text               ucGui.lib(wm_attachwindow.o)
    0x0003f2f8   0x00000076   Code   RO         4386    .text               ucGui.lib(wm_checkscrollpos.o)
    0x0003f36e   0x00000002   PAD
    0x0003f370   0x00000058   Code   RO         4398    .text               ucGui.lib(wm_getclientrect.o)
    0x0003f3c8   0x0000001a   Code   RO         4410    .text               ucGui.lib(wm_getclientwindow.o)
    0x0003f3e2   0x00000002   PAD
    0x0003f3e4   0x0000000c   Code   RO         4422    .text               ucGui.lib(wm_getdesktopwindow.o)
    0x0003f3f0   0x0000006a   Code   RO         4438    .text               ucGui.lib(wm_getdialogitem.o)
    0x0003f45a   0x00000014   Code   RO         4450    .text               ucGui.lib(wm_getid.o)
    0x0003f46e   0x000000be   Code   RO         4462    .text               ucGui.lib(wm_getinsiderectexscrollbar.o)
    0x0003f52c   0x0000005c   Code   RO         4474    .text               ucGui.lib(wm_getorg.o)
    0x0003f588   0x0000001c   Code   RO         4486    .text               ucGui.lib(wm_getparent.o)
    0x0003f5a4   0x0000001c   Code   RO         4498    .text               ucGui.lib(wm_getscrollbar.o)
    0x0003f5c0   0x00000016   Code   RO         4510    .text               ucGui.lib(wm_getscrollstate.o)
    0x0003f5d6   0x00000002   PAD
    0x0003f5d8   0x00000018   Code   RO         4522    .text               ucGui.lib(wm_hascaptured.o)
    0x0003f5f0   0x00000010   Code   RO         4534    .text               ucGui.lib(wm_pid__getprevstate.o)
    0x0003f600   0x00000060   Code   RO         4546    .text               ucGui.lib(wm_setcapture.o)
    0x0003f660   0x00000010   Code   RO         4558    .text               ucGui.lib(wm_setcreateflags.o)
    0x0003f670   0x000000b0   Code   RO         4570    .text               ucGui.lib(wm_setfocus.o)
    0x0003f720   0x0000004a   Code   RO         4582    .text               ucGui.lib(wm_setsize.o)
    0x0003f76a   0x00000060   Code   RO         4594    .text               ucGui.lib(wm_show.o)
    0x0003f7ca   0x0000004a   Code   RO         4606    .text               ucGui.lib(wmmemdev.o)
    0x0003f814   0x00001080   Code   RO         4618    .text               ucGui.lib(wm.o)
    0x00040894   0x000000c4   Code   RO         4654    .text               ucGui.lib(gui__calctextrect.o)
    0x00040958   0x0000001a   Code   RO         4666    .text               ucGui.lib(gui__getnumchars.o)
    0x00040972   0x00000018   Code   RO         4678    .text               ucGui.lib(gui__handleeoline.o)
    0x0004098a   0x00000088   Code   RO         4690    .text               ucGui.lib(gui__intersectrects.o)
    0x00040a12   0x0000004e   Code   RO         4702    .text               ucGui.lib(gui__settext.o)
    0x00040a60   0x00000048   Code   RO         4714    .text               ucGui.lib(gui_alloc_allocinit.o)
    0x00040aa8   0x0000002a   Code   RO         4726    .text               ucGui.lib(gui_alloc_alloczero.o)
    0x00040ad2   0x00000002   PAD
    0x00040ad4   0x0000014c   Code   RO         4755    .text               ucGui.lib(gui_dispstring.o)
    0x00040c20   0x000000cc   Code   RO         4767    .text               ucGui.lib(gui_drawfocusrect.o)
    0x00040cec   0x00000038   Code   RO         4779    .text               ucGui.lib(gui_exec.o)
    0x00040d24   0x0000001a   Code   RO         4791    .text               ucGui.lib(gui_fillrectex.o)
    0x00040d3e   0x00000012   Code   RO         4803    .text               ucGui.lib(gui_getclientrect.o)
    0x00040d50   0x00000014   Code   RO         4815    .text               ucGui.lib(gui_getfontsizey.o)
    0x00040d64   0x00000070   Code   RO         4827    .text               ucGui.lib(gui_goto.o)
    0x00040dd4   0x00000078   Code   RO         4839    .text               ucGui.lib(gui_invertrect.o)
    0x00040e4c   0x00000082   Code   RO         4851    .text               ucGui.lib(gui_mergerect.o)
    0x00040ece   0x0000003a   Code   RO         4863    .text               ucGui.lib(gui_rectsintersect.o)
    0x00040f08   0x00000024   Code   RO         4875    .text               ucGui.lib(gui_savecontext.o)
    0x00040f2c   0x0000004c   Code   RO         4887    .text               ucGui.lib(gui_setdefault.o)
    0x00040f78   0x00000018   Code   RO         4899    .text               ucGui.lib(gui_setdrawmode.o)
    0x00040f90   0x00000050   Code   RO         4911    .text               ucGui.lib(gui_setpixelindex.o)
    0x00040fe0   0x000000e8   Code   RO         4923    .text               ucGui.lib(gui_uc.o)
    0x000410c8   0x00000038   Code   RO         4935    .text               ucGui.lib(gui_uc_encodenone.o)
    0x00041100   0x000000e8   Code   RO         4954    .text               ucGui.lib(guichar.o)
    0x000411e8   0x000001b8   Code   RO         4966    .text               ucGui.lib(guicharline.o)
    0x000413a0   0x00000324   Code   RO         4978    .text               ucGui.lib(guicharp.o)
    0x000416c4   0x000000b0   Code   RO         4990    .text               ucGui.lib(guiencjs.o)
    0x00041774   0x00000058   Code   RO         5016    .text               ucGui.lib(guirealloc.o)
    0x000417cc   0x0000005c   Code   RO         5042    .text               ucGui.lib(lcd_drawvline.o)
    0x00041828   0x00000038   Code   RO         5054    .text               ucGui.lib(lcd_l0_generic.o)
    0x00041860   0x00000020   Code   RO         5066    .text               ucGui.lib(lcd_setcliprectex.o)
    0x00041880   0x00000054   Code   RO         5078    .text               ucGui.lib(lcdcolor.o)
    0x000418d4   0x00000116   Code   RO         5097    .text               ucGui.lib(guidev_banding.o)
    0x000419ea   0x00000002   PAD
    0x000419ec   0x000003d0   Code   RO         5109    .text               ucGui.lib(button.o)
    0x00041dbc   0x000000fe   Code   RO         5127    .text               ucGui.lib(framewin__updatebuttons.o)
    0x00041eba   0x0000005a   Code   RO         5139    .text               ucGui.lib(gui_array_resizeitem.o)
    0x00041f14   0x0000005e   Code   RO         5151    .text               ucGui.lib(gui_draw.o)
    0x00041f72   0x00000002   PAD
    0x00041f74   0x00000dcc   Code   RO         5163    .text               ucGui.lib(listbox.o)
    0x00042d40   0x00000064   Code   RO         5181    .text               ucGui.lib(listbox_create.o)
    0x00042da4   0x00000044   Code   RO         5193    .text               ucGui.lib(listbox_font.o)
    0x00042de8   0x0000004c   Code   RO         5209    .text               ucGui.lib(listbox_itemspacing.o)
    0x00042e34   0x00000080   Code   RO         5221    .text               ucGui.lib(listbox_setautoscroll.o)
    0x00042eb4   0x00000032   Code   RO         5233    .text               ucGui.lib(listbox_setbkcolor.o)
    0x00042ee6   0x00000026   Code   RO         5245    .text               ucGui.lib(listbox_setowner.o)
    0x00042f0c   0x00000034   Code   RO         5257    .text               ucGui.lib(listbox_setscrollbarwidth.o)
    0x00042f40   0x0000003e   Code   RO         5269    .text               ucGui.lib(listbox_settextcolor.o)
    0x00042f7e   0x00000032   Code   RO         5281    .text               ucGui.lib(listview_getbkcolor.o)
    0x00042fb0   0x00000028   Code   RO         5293    .text               ucGui.lib(listview_getnumcolumns.o)
    0x00042fd8   0x00000032   Code   RO         5305    .text               ucGui.lib(listview_gettextcolor.o)
    0x0004300a   0x00000060   Code   RO         5317    .text               ucGui.lib(menu_attach.o)
    0x0004306a   0x00000002   PAD
    0x0004306c   0x000004f8   Code   RO         5329    .text               ucGui.lib(radio.o)
    0x00043564   0x000001ac   Code   RO         5348    .text               ucGui.lib(widget_effect_3d.o)
    0x00043710   0x0000004e   Code   RO         5367    .text               ucGui.lib(wm__isancestor.o)
    0x0004375e   0x0000001a   Code   RO         5379    .text               ucGui.lib(wm__isenabled.o)
    0x00043778   0x00000186   Code   RO         5391    .text               ucGui.lib(wm__updatechildpositions.o)
    0x000438fe   0x00000050   Code   RO         5403    .text               ucGui.lib(wm_bringtobottom.o)
    0x0004394e   0x00000002   PAD
    0x00043950   0x00000090   Code   RO         5415    .text               ucGui.lib(wm_bringtotop.o)
    0x000439e0   0x00000050   Code   RO         5427    .text               ucGui.lib(wm_criticalhandle.o)
    0x00043a30   0x0000001c   Code   RO         5439    .text               ucGui.lib(wm_getbkcolor.o)
    0x00043a4c   0x0000001c   Code   RO         5451    .text               ucGui.lib(wm_getfirstchild.o)
    0x00043a68   0x0000001c   Code   RO         5463    .text               ucGui.lib(wm_getflags.o)
    0x00043a84   0x0000002c   Code   RO         5475    .text               ucGui.lib(wm_getinsiderect.o)
    0x00043ab0   0x00000068   Code   RO         5487    .text               ucGui.lib(wm_getwindowrect.o)
    0x00043b18   0x00000080   Code   RO         5499    .text               ucGui.lib(wm_getwindowsize.o)
    0x00043b98   0x00000018   Code   RO         5511    .text               ucGui.lib(wm_iswindow.o)
    0x00043bb0   0x00000110   Code   RO         5523    .text               ucGui.lib(wm_move.o)
    0x00043cc0   0x00000058   Code   RO         5535    .text               ucGui.lib(wm_movechildto.o)
    0x00043d18   0x00000016   Code   RO         5547    .text               ucGui.lib(wm_notifyparent.o)
    0x00043d2e   0x00000002   PAD
    0x00043d30   0x00000040   Code   RO         5559    .text               ucGui.lib(wm_onkey.o)
    0x00043d70   0x000000f2   Code   RO         5571    .text               ucGui.lib(wm_resizewindow.o)
    0x00043e62   0x00000018   Code   RO         5583    .text               ucGui.lib(wm_sendmessagenopara.o)
    0x00043e7a   0x00000028   Code   RO         5595    .text               ucGui.lib(wm_sendtoparent.o)
    0x00043ea2   0x00000032   Code   RO         5607    .text               ucGui.lib(wm_setanchor.o)
    0x00043ed4   0x00000098   Code   RO         5619    .text               ucGui.lib(wm_setcapturemove.o)
    0x00043f6c   0x00000098   Code   RO         5633    .text               ucGui.lib(wm_setfocusonnextchild.o)
    0x00044004   0x0000001c   Code   RO         5645    .text               ucGui.lib(wm_setscrollstate.o)
    0x00044020   0x00000020   Code   RO         5657    .text               ucGui.lib(wm_setusercliprect.o)
    0x00044040   0x00000020   Code   RO         5705    .text               ucGui.lib(lcdp565.o)
    0x00044060   0x0000081c   Code   RO         5717    .text               ucGui.lib(gui2dlib.o)
    0x0004487c   0x00000014   Code   RO         5732    .text               ucGui.lib(gui__getfontsizey.o)
    0x00044890   0x00000054   Code   RO         5744    .text               ucGui.lib(gui__memset.o)
    0x000448e4   0x00000050   Code   RO         5756    .text               ucGui.lib(gui__strcmp.o)
    0x00044934   0x0000005c   Code   RO         5794    .text               ucGui.lib(gui_getcolor.o)
    0x00044990   0x00000030   Code   RO         5806    .text               ucGui.lib(gui_getfontinfo.o)
    0x000449c0   0x00000054   Code   RO         5818    .text               ucGui.lib(gui_pen.o)
    0x00044a14   0x0000001c   Code   RO         5850    .text               ucGui.lib(gui_setlinestyle.o)
    0x00044a30   0x00000020   Code   RO         5862    .text               ucGui.lib(gui_settextalign.o)
    0x00044a50   0x000001d8   Code   RO         5874    .text               ucGui.lib(guicharm.o)
    0x00044c28   0x00000030   Code   RO         5886    .text               ucGui.lib(lcdinfo0.o)
    0x00044c58   0x00000038   Code   RO         5898    .text               ucGui.lib(lcdp565_index2color.o)
    0x00044c90   0x00000440   Code   RO         5910    .text               ucGui.lib(guidev.o)
    0x000450d0   0x000008a2   Code   RO         5922    .text               ucGui.lib(guidev_16.o)
    0x00045972   0x00000002   PAD
    0x00045974   0x00000048   Code   RO         5966    .text               ucGui.lib(guidev_clear.o)
    0x000459bc   0x0000002c   Code   RO         5978    .text               ucGui.lib(guidev_getysize.o)
    0x000459e8   0x00000038   Code   RO         5990    .text               ucGui.lib(guidev_reduceysize.o)
    0x00045a20   0x0000006c   Code   RO         6002    .text               ucGui.lib(guidev_setorg.o)
    0x00045a8c   0x00000068   Code   RO         6027    .text               ucGui.lib(scrollbar_defaults.o)
    0x00045af4   0x00000026   Code   RO         6043    .text               ucGui.lib(scrollbar_setwidth.o)
    0x00045b1a   0x00000002   PAD
    0x00045b1c   0x00000024   Code   RO         6055    .text               ucGui.lib(wm__getfocussedchild.o)
    0x00045b40   0x00000036   Code   RO         6067    .text               ucGui.lib(wm__getprevsibling.o)
    0x00045b76   0x00000028   Code   RO         6091    .text               ucGui.lib(wm__sendmessagenopara.o)
    0x00045b9e   0x0000001c   Code   RO         6103    .text               ucGui.lib(wm_foreachdesc.o)
    0x00045bba   0x00000020   Code   RO         6115    .text               ucGui.lib(wm_isfocussable.o)
    0x00045bda   0x0000009e   Code   RO         6139    .text               ucGui.lib(wm_setscrollbar.o)
    0x00045c78   0x00000098   Code   RO         6151    .text               ucGui.lib(wm_settrans.o)
    0x00045d10   0x0000004e   Code   RO         6163    .text               ucGui.lib(gui__memset16.o)
    0x00045d5e   0x00000002   PAD
    0x00045d60   0x00000340   Code   RO         6175    .text               ucGui.lib(gui_fillpolygon.o)
    0x000460a0   0x00000018   Code   RO         6190    .text               ucGui.lib(gui_selectlcd.o)
    0x000460b8   0x00000484   Code   RO         6202    .text               ucGui.lib(guicirc.o)
    0x0004653c   0x00000010   Code   RO         6214    .text               ucGui.lib(lcd_getcolorindex.o)
    0x0004654c   0x00000078   Code   RO         6238    .text               ucGui.lib(guidev_usage.o)
    0x000465c4   0x0000022c   Code   RO         6250    .text               ucGui.lib(guidev_usagebm.o)
    0x000467f0   0x000007ac   Code   RO         6264    .text               ucGui.lib(scrollbar.o)
    0x00046f9c   0x00000070   Code   RO         6282    .text               ucGui.lib(scrollbar_create.o)
    0x0004700c   0x00000042   Code   RO         6294    .text               ucGui.lib(widget_setwidth.o)
    0x0004704e   0x0000003c   Code   RO         6306    .text               ucGui.lib(wm__foreachdesc.o)
    0x0004708a   0x0000001e   Code   RO         6318    .text               ucGui.lib(wm__getfirstsibling.o)
    0x000470a8   0x00000028   Code   RO         6330    .text               ucGui.lib(wm__ischild.o)
    0x000470d0   0x00000038   Code   RO         6342    .text               ucGui.lib(wm_hide.o)
    0x00047108   0x0000001a   Code   RO         6354    .text               ucGui.lib(gui__divideround.o)
    0x00047122   0x00000002   PAD
    0x00047124   0x00000024   Code   RO         6366    .text               ucGui.lib(lcd_selectlcd.o)
    0x00047148   0x00000024   Code   RO         6378    .text               ucGui.lib(lcd_updatecolorindices.o)
    0x0004716c   0x0000002a   Code   RO         6390    .text               ucGui.lib(wm_getscrollpartner.o)
    0x00047196   0x0000004a   Code   RO         6402    .text               ucGui.lib(wm_setxsize.o)
    0x000471e0   0x0000004a   Code   RO         6414    .text               ucGui.lib(wm_setysize.o)
    0x0004722a   0x00000002   PAD
    0x0004722c   0x00000010   Code   RO         6430    .text               c_w.l(rt_ctype_table.o)
    0x0004723c   0x0000005e   Code   RO         6443    .text               c_w.l(h1_alloc.o)
    0x0004729a   0x0000004e   Code   RO         6445    .text               c_w.l(h1_free.o)
    0x000472e8   0x000000ee   Code   RO         6505    .text               c_w.l(lludivv7m.o)
    0x000473d6   0x00000026   Code   RO         6507    .text               c_w.l(llsshr.o)
    0x000473fc   0x00000048   Code   RO         6509    .text               c_w.l(llsdiv.o)
    0x00047444   0x0000001a   Code   RO         6511    .text               c_w.l(tolower.o)
    0x0004745e   0x00000002   PAD
    0x00047460   0x00000038   Code   RO         6515    .text               c_w.l(_snprintf.o)
    0x00047498   0x00000034   Code   RO         6517    .text               c_w.l(_vsnprintf.o)
    0x000474cc   0x00000018   Code   RO         6519    .text               c_w.l(__2printf.o)
    0x000474e4   0x0000002c   Code   RO         6521    .text               c_w.l(__2sprintf.o)
    0x00047510   0x00000052   Code   RO         6529    .text               c_w.l(_printf_pad.o)
    0x00047562   0x00000024   Code   RO         6531    .text               c_w.l(_printf_truncate.o)
    0x00047586   0x00000052   Code   RO         6533    .text               c_w.l(_printf_str.o)
    0x000475d8   0x00000078   Code   RO         6535    .text               c_w.l(_printf_dec.o)
    0x00047650   0x00000078   Code   RO         6537    .text               c_w.l(_printf_longlong_dec.o)
    0x000476c8   0x0000009c   Code   RO         6557    .text               c_w.l(_printf_hex_int_ll_ptr.o)
    0x00047764   0x0000018c   Code   RO         6577    .text               c_w.l(__printf_flags_ss_wp.o)
    0x000478f0   0x0000003c   Code   RO         6590    .text               c_w.l(__0sscanf.o)
    0x0004792c   0x00000150   Code   RO         6592    .text               c_w.l(_scanf_int.o)
    0x00047a7c   0x0000002c   Code   RO         6596    .text               c_w.l(puts.o)
    0x00047aa8   0x0000003c   Code   RO         6599    .text               c_w.l(rand.o)
    0x00047ae4   0x0000000c   Code   RO         6603    .text               c_w.l(exit.o)
    0x00047af0   0x00000010   Code   RO         6605    .text               c_w.l(abort.o)
    0x00047b00   0x00000014   Code   RO         6607    .text               c_w.l(strchr.o)
    0x00047b14   0x00000024   Code   RO         6609    .text               c_w.l(strncat.o)
    0x00047b38   0x00000058   Code   RO         6617    .text               c_w.l(memcmp.o)
    0x00047b90   0x00000048   Code   RO         6619    .text               c_w.l(strcpy.o)
    0x00047bd8   0x0000002a   Code   RO         6621    .text               c_w.l(strcasecmp.o)
    0x00047c02   0x0000003e   Code   RO         6625    .text               c_w.l(strlen.o)
    0x00047c40   0x00000096   Code   RO         6629    .text               c_w.l(strncmp.o)
    0x00047cd6   0x00000018   Code   RO         6631    .text               c_w.l(strcat.o)
    0x00047cee   0x0000008a   Code   RO         6633    .text               c_w.l(rt_memcpy_v6.o)
    0x00047d78   0x00000084   Code   RO         6635    .text               c_w.l(rt_memmove_v6.o)
    0x00047dfc   0x00000064   Code   RO         6637    .text               c_w.l(rt_memcpy_w.o)
    0x00047e60   0x0000007a   Code   RO         6639    .text               c_w.l(rt_memmove_w.o)
    0x00047eda   0x00000010   Code   RO         6641    .text               c_w.l(aeabi_memset.o)
    0x00047eea   0x00000044   Code   RO         6643    .text               c_w.l(rt_memclr.o)
    0x00047f2e   0x0000004e   Code   RO         6645    .text               c_w.l(rt_memclr_w.o)
    0x00047f7c   0x00000056   Code   RO         6647    .text               c_w.l(strncpy.o)
    0x00047fd2   0x00000002   PAD
    0x00047fd4   0x00000080   Code   RO         6649    .text               c_w.l(strcmpv7m.o)
    0x00048054   0x00000006   Code   RO         6653    .text               c_w.l(heapauxi.o)
    0x0004805a   0x00000002   PAD
    0x0004805c   0x0000000c   Code   RO         6713    .text               c_w.l(sys_exit.o)
    0x00048068   0x00000008   Code   RO         6715    .text               c_w.l(libspace.o)
    0x00048070   0x00000002   Code   RO         6718    .text               c_w.l(use_no_semi.o)
    0x00048072   0x00000000   Code   RO         6722    .text               c_w.l(indicate_semi.o)
    0x00048072   0x00000002   PAD
    0x00048074   0x00000008   Code   RO         6733    .text               c_w.l(rt_heap_descriptor_intlibspace.o)
    0x0004807c   0x00000008   Code   RO         6738    .text               c_w.l(rt_locale_intlibspace.o)
    0x00048084   0x00000004   Code   RO         6740    .text               c_w.l(hguard.o)
    0x00048088   0x0000008a   Code   RO         6742    .text               c_w.l(init_alloc.o)
    0x00048112   0x0000000e   Code   RO         6746    .text               c_w.l(h1_init.o)
    0x00048120   0x0000008a   Code   RO         6760    .text               c_w.l(lludiv10.o)
    0x000481aa   0x000000b8   Code   RO         6762    .text               c_w.l(_printf_intcommon.o)
    0x00048262   0x0000002a   Code   RO         6764    .text               c_w.l(_printf_charcount.o)
    0x0004828c   0x00000420   Code   RO         6766    .text               c_w.l(_printf_fp_dec.o)
    0x000486ac   0x00000030   Code   RO         6768    .text               c_w.l(_printf_char_common.o)
    0x000486dc   0x0000000a   Code   RO         6770    .text               c_w.l(_sputc.o)
    0x000486e6   0x00000010   Code   RO         6772    .text               c_w.l(_snputc.o)
    0x000486f6   0x0000002c   Code   RO         6774    .text               c_w.l(_printf_char.o)
    0x00048722   0x00000002   PAD
    0x00048724   0x00000024   Code   RO         6776    .text               c_w.l(_printf_char_file.o)
    0x00048748   0x000000bc   Code   RO         6778    .text               c_w.l(_printf_wctomb.o)
    0x00048804   0x00000078   Code   RO         6785    .text               c_w.l(_printf_oct_int_ll.o)
    0x0004887c   0x0000001c   Code   RO         6801    .text               c_w.l(_chval.o)
    0x00048898   0x000004a4   Code   RO         6803    .text               c_w.l(scanf_fp.o)
    0x00048d3c   0x0000002c   Code   RO         6805    .text               c_w.l(scanf_char.o)
    0x00048d68   0x00000040   Code   RO         6807    .text               c_w.l(_sgetc.o)
    0x00048da8   0x0000000e   Code   RO         6814    .text               c_w.l(defsig_abrt_outer.o)
    0x00048db6   0x00000034   Code   RO         6912    .text               c_w.l(h1_extend.o)
    0x00048dea   0x00000012   Code   RO         6916    .text               c_w.l(isspace.o)
    0x00048dfc   0x00000080   Code   RO         6918    .text               c_w.l(_printf_fp_infnan.o)
    0x00048e7c   0x0000002c   Code   RO         6922    .text               c_w.l(_printf_wchar.o)
    0x00048ea8   0x00000370   Code   RO         6924    .text               c_w.l(_scanf.o)
    0x00049218   0x000000e4   Code   RO         6928    .text               c_w.l(bigflt0.o)
    0x000492fc   0x00000008   Code   RO         6953    .text               c_w.l(ferror.o)
    0x00049304   0x00000040   Code   RO         6957    .text               c_w.l(_wcrtomb.o)
    0x00049344   0x0000000a   Code   RO         6962    .text               c_w.l(defsig_exit.o)
    0x0004934e   0x00000002   PAD
    0x00049350   0x00000030   Code   RO         6964    .text               c_w.l(defsig_abrt_inner.o)
    0x00049380   0x0000000e   Code   RO         6966    .text               c_w.l(defsig_rtmem_outer.o)
    0x0004938e   0x0000004a   Code   RO         7002    .text               c_w.l(sys_stackheap_outer.o)
    0x000493d8   0x00000016   Code   RO         7006    .text               c_w.l(_rserrno.o)
    0x000493ee   0x00000002   PAD
    0x000493f0   0x00000314   Code   RO         7010    .text               c_w.l(scanf_hexfp.o)
    0x00049704   0x0000013c   Code   RO         7012    .text               c_w.l(scanf_infnan.o)
    0x00049840   0x00000032   Code   RO         7019    .text               c_w.l(defsig_general.o)
    0x00049872   0x00000002   PAD
    0x00049874   0x00000050   Code   RO         7025    .text               c_w.l(defsig_rtmem_inner.o)
    0x000498c4   0x0000000e   Code   RO         7049    .text               c_w.l(sys_wrch.o)
    0x000498d2   0x00000026   Code   RO         7055    .text               c_w.l(llshl.o)
    0x000498f8   0x0000003e   Code   RO         6931    CL$$btod_d2e        c_w.l(btod.o)
    0x00049936   0x00000046   Code   RO         6933    CL$$btod_d2e_denorm_low  c_w.l(btod.o)
    0x0004997c   0x00000060   Code   RO         6932    CL$$btod_d2e_norm_op1  c_w.l(btod.o)
    0x000499dc   0x00000338   Code   RO         6941    CL$$btod_div_common  c_w.l(btod.o)
    0x00049d14   0x00000054   Code   RO         6939    CL$$btod_e2d        c_w.l(btod.o)
    0x00049d68   0x000000c6   Code   RO         6938    CL$$btod_e2e        c_w.l(btod.o)
    0x00049e2e   0x00000028   Code   RO         6935    CL$$btod_ediv       c_w.l(btod.o)
    0x00049e56   0x00000028   Code   RO         6937    CL$$btod_edivd      c_w.l(btod.o)
    0x00049e7e   0x00000028   Code   RO         6934    CL$$btod_emul       c_w.l(btod.o)
    0x00049ea6   0x00000028   Code   RO         6936    CL$$btod_emuld      c_w.l(btod.o)
    0x00049ece   0x00000244   Code   RO         6940    CL$$btod_mult_common  c_w.l(btod.o)
    0x0004a112   0x00000028   Code   RO         6994    i.__ARM_fpclassify  m_ws.l(fpclassify.o)
    0x0004a13a   0x00000002   PAD
    0x0004a13c   0x00000010   Code   RO         7113    i.__mathlib_dbl_underflow  m_ws.l(dunder.o)
    0x0004a14c   0x00000010   Code   RO         6996    i.__mathlib_narrow  m_ws.l(narrow.o)
    0x0004a15c   0x00000088   Code   RO         6997    i.__mathlib_tofloat  m_ws.l(narrow.o)
    0x0004a1e4   0x00000016   Code   RO         7085    i.__support_ldexp   m_ws.l(ldexp.o)
    0x0004a1fa   0x0000000e   Code   RO         6570    i._is_digit         c_w.l(__printf_wp.o)
    0x0004a208   0x00000058   Code   RO         7046    i.frexp             m_ws.l(frexp.o)
    0x0004a260   0x0000007e   Code   RO         7086    i.ldexp             m_ws.l(ldexp.o)
    0x0004a2de   0x00000002   PAD
    0x0004a2e0   0x0000002c   Code   RO         6812    locale$$code        c_w.l(lc_ctype_c.o)
    0x0004a30c   0x0000002c   Code   RO         6960    locale$$code        c_w.l(lc_numeric_c.o)
    0x0004a338   0x00000062   Code   RO         7041    x$fpl$d2f           fz_ws.l(d2f.o)
    0x0004a39a   0x00000002   PAD
    0x0004a39c   0x00000010   Code   RO         7111    x$fpl$dcheck1       fz_ws.l(dcheck1.o)
    0x0004a3ac   0x00000018   Code   RO         6979    x$fpl$dcmpinf       fz_ws.l(dcmpi.o)
    0x0004a3c4   0x00000078   Code   RO         7043    x$fpl$deqf          fz_ws.l(deqf.o)
    0x0004a43c   0x00000078   Code   RO         6869    x$fpl$dleqf         fz_ws.l(dleqf.o)
    0x0004a4b4   0x0000009c   Code   RO         6871    x$fpl$dnaninf       fz_ws.l(dnaninf.o)
    0x0004a550   0x0000000c   Code   RO         6873    x$fpl$dretinf       fz_ws.l(dretinf.o)
    0x0004a55c   0x0000006c   Code   RO         6679    x$fpl$drleqf        fz_ws.l(drleqf.o)
    0x0004a5c8   0x00000056   Code   RO         6681    x$fpl$f2d           fz_ws.l(f2d.o)
    0x0004a61e   0x00000002   PAD
    0x0004a620   0x000000c4   Code   RO         6683    x$fpl$fadd          fz_ws.l(faddsub_clz.o)
    0x0004a6e4   0x00000184   Code   RO         6690    x$fpl$fdiv          fz_ws.l(fdiv.o)
    0x0004a868   0x00000036   Code   RO         6693    x$fpl$ffix          fz_ws.l(ffix.o)
    0x0004a89e   0x00000002   PAD
    0x0004a8a0   0x00000030   Code   RO         6698    x$fpl$fflt          fz_ws.l(fflt_clz.o)
    0x0004a8d0   0x00000102   Code   RO         6703    x$fpl$fmul          fz_ws.l(fmul.o)
    0x0004a9d2   0x0000008c   Code   RO         6875    x$fpl$fnaninf       fz_ws.l(fnaninf.o)
    0x0004aa5e   0x0000000a   Code   RO         6877    x$fpl$fretinf       fz_ws.l(fretinf.o)
    0x0004aa68   0x000000ea   Code   RO         6685    x$fpl$fsub          fz_ws.l(faddsub_clz.o)
    0x0004ab52   0x00000004   Code   RO         6705    x$fpl$printf1       fz_ws.l(printf1.o)
    0x0004ab56   0x00000064   Code   RO         7116    x$fpl$retnan        fz_ws.l(retnan.o)
    0x0004abba   0x0000005c   Code   RO         7082    x$fpl$scalbn        fz_ws.l(scalbn.o)
    0x0004ac16   0x00000004   Code   RO         6707    x$fpl$scanf1        fz_ws.l(scanf1.o)
    0x0004ac1a   0x00000008   Code   RO         6988    x$fpl$scanf2        fz_ws.l(scanf2.o)
    0x0004ac22   0x00000030   Code   RO         7118    x$fpl$trapveneer    fz_ws.l(trapv.o)
    0x0004ac52   0x00000000   Code   RO         6879    x$fpl$usenofp       fz_ws.l(usenofp.o)
    0x0004ac52   0x0000000f   Data   RO          216    .constdata          lpc177x_8x_emac.o
    0x0004ac61   0x00000003   PAD
    0x0004ac64   0x0000002c   Data   RO          441    .constdata          phylan_dm9161a.o
    0x0004ac90   0x00000100   Data   RO          587    .constdata          os_core.o
    0x0004ad90   0x00000072   Data   RO          740    .constdata          os_dbg.o
    0x0004ae02   0x00000002   PAD
    0x0004ae04   0x0000009d   Data   RO          864    .constdata          yaffs_checkptrw.o
    0x0004aea1   0x00000100   Data   RO          883    .constdata          yaffs_ecc.o
    0x0004afa1   0x00000003   PAD
    0x0004afa4   0x00000250   Data   RO          906    .constdata          yaffs_guts.o
    0x0004b1f4   0x00000100   Data   RO          946    .constdata          yaffs_hweight.o
    0x0004b2f4   0x0000005b   Data   RO         1034    .constdata          yaffs_packedtags2.o
    0x0004b34f   0x00000001   PAD
    0x0004b350   0x0000014c   Data   RO         1120    .constdata          yaffs_verify.o
    0x0004b49c   0x00000062   Data   RO         1136    .constdata          yaffs_yaffs1.o
    0x0004b4fe   0x00000002   PAD
    0x0004b500   0x000002ed   Data   RO         1149    .constdata          yaffs_yaffs2.o
    0x0004b7ed   0x00000003   PAD
    0x0004b7f0   0x00000050   Data   RO         1264    .constdata          etharp.o
    0x0004b840   0x00000040   Data   RO         1477    .constdata          sockets.o
    0x0004b880   0x00000054   Data   RO         1615    .constdata          memp.o
    0x0004b8d4   0x000000a8   Data   RO         1723    .constdata          stats.o
    0x0004b97c   0x00000050   Data   RO         1757    .constdata          tcp.o
    0x0004b9cc   0x00000055   Data   RO         1807    .constdata          tcp_out.o
    0x0004ba21   0x00000003   PAD
    0x0004ba24   0x00000008   Data   RO         1927    .constdata          ip_addr.o
    0x0004ba2c   0x000008fc   Data   RO         1990    .constdata          mib2.o
    0x0004c328   0x00000010   Data   RO         2010    .constdata          mib_structs.o
    0x0004c338   0x0000000b   Data   RO         2027    .constdata          msg_in.o
    0x0004c343   0x00000001   PAD
    0x0004c344   0x00000048   Data   RO         2295    .constdata          user_browstestpoint.o
    0x0004c38c   0x00000048   Data   RO         2396    .constdata          user_dispconnect.o
    0x0004c3d4   0x00000518   Data   RO         2493    .constdata          user_menu.o
    0x0004c8ec   0x000001f8   Data   RO         2546    .constdata          user_setaddr.o
    0x0004cae4   0x000000d8   Data   RO         2568    .constdata          user_setconnect.o
    0x0004cbbc   0x000000d8   Data   RO         2611    .constdata          user_settime.o
    0x0004cc94   0x000000a8   Data   RO         2858    .constdata          user_correct.o
    0x0004cd3c   0x00000008   Data   RO         3731    .constdata          ucGui.lib(guicore.o)
    0x0004cd44   0x00000008   Data   RO         3794    .constdata          ucGui.lib(lcdrle4.o)
    0x0004cd4c   0x00000018   Data   RO         4320    .constdata          ucGui.lib(widget_effect_3d1l.o)
    0x0004cd64   0x00000408   Data   RO         4641    .constdata          ucGui.lib(hzk16.o)
    0x0004d16c   0x00000020   Data   RO         4738    .constdata          ucGui.lib(gui_cursorheaderm.o)
    0x0004d18c   0x00000010   Data   RO         4936    .constdata          ucGui.lib(gui_uc_encodenone.o)
    0x0004d19c   0x0000000c   Data   RO         4991    .constdata          ucGui.lib(guiencjs.o)
    0x0004d1a8   0x00000040   Data   RO         5028    .constdata          ucGui.lib(lcd_api.o)
    0x0004d1e8   0x00000018   Data   RO         5349    .constdata          ucGui.lib(widget_effect_3d.o)
    0x0004d200   0x00000734   Data   RO         5688    .constdata          ucGui.lib(f6x8.o)
    0x0004d934   0x00000044   Data   RO         5718    .constdata          ucGui.lib(gui2dlib.o)
    0x0004d978   0x00000055   Data   RO         5768    .constdata          ucGui.lib(gui_cursorheadermpx.o)
    0x0004d9cd   0x00000003   PAD
    0x0004d9d0   0x00000018   Data   RO         5781    .constdata          ucGui.lib(gui_cursorpal.o)
    0x0004d9e8   0x00000060   Data   RO         5923    .constdata          ucGui.lib(guidev_16.o)
    0x0004da48   0x000000b0   Data   RO         6014    .constdata          ucGui.lib(radio_image.o)
    0x0004daf8   0x00000100   Data   RO         6226    .constdata          ucGui.lib(lcd_mirror.o)
    0x0004dbf8   0x00000018   Data   RO         6251    .constdata          ucGui.lib(guidev_usagebm.o)
    0x0004dc10   0x00000028   Data   RO         6558    .constdata          c_w.l(_printf_hex_int_ll_ptr.o)
    0x0004dc38   0x00000011   Data   RO         6578    .constdata          c_w.l(__printf_flags_ss_wp.o)
    0x0004dc49   0x00000003   PAD
    0x0004dc4c   0x00000008   Data   RO         6779    .constdata          c_w.l(_printf_wctomb.o)
    0x0004dc54   0x00000094   Data   RO         6929    .constdata          c_w.l(bigflt0.o)
    0x0004dce8   0x00000053   Data   RO         1121    .conststring        yaffs_verify.o
    0x0004dd3b   0x000000de   Data   RO         1724    .conststring        stats.o
    0x0004de19   0x00000061   Data   RO         1758    .conststring        tcp.o
    0x0004de7a   0x0000000e   Data   RO         2296    .conststring        user_browstestpoint.o
    0x0004de88   0x0000000e   Data   RO         2397    .conststring        user_dispconnect.o
    0x0004de96   0x00000010   Data   RO         2547    .conststring        user_setaddr.o
    0x0004dea6   0x00000009   Data   RO         2569    .conststring        user_setconnect.o
    0x0004deaf   0x00000009   Data   RO         2612    .conststring        user_settime.o
    0x0004deb8   0x0000001c   Data   RO         2859    .conststring        user_correct.o
    0x0004ded4   0x00000061   Data   RO         3295    .conststring        cmd.o
    0x0004df35   0x00000003   PAD
    0x0004df38   0x00000040   Data   RO         7120    Region$$Table       anon$$obj.o
    0x0004df78   0x00000008   Data   RO         6981    c$$dinf             fz_ws.l(fpconst.o)
    0x0004df80   0x00000110   Data   RO         6811    locale$$data        c_w.l(lc_ctype_c.o)
    0x0004e090   0x0000001c   Data   RO         6959    locale$$data        c_w.l(lc_numeric_c.o)


    Execution Region RW_IRAM1 (Base: 0x10000000, Size: 0x00008010, Max: 0x00010000, ABSOLUTE)

    Base Addr    Size         Type   Attr      Idx    E Section Name        Object

    0x10000000   0x00000010   Data   RW           15    STARTUP_DATA        system_lpc177x_8x.o
    0x10000010   0x00008000   Zero   RW            1    STACK               startup_lpc177x_8x.o


    Execution Region RW_RAM1 (Base: 0xa0000000, Size: 0x00e31490, Max: 0x01000000, ABSOLUTE, COMPRESSED[0x00000eac])

    Base Addr    Size         Type   Attr      Idx    E Section Name        Object

    0xa0000000   0x00000004   Data   RW          355    .data               lpc177x_8x_i2c.o
    0xa0000004   0x0000000f   Data   RW          506    .data               com_uart.o
    0xa0000013   0x00000001   PAD
    0xa0000014   0x00000058   Data   RW          588    .data               os_core.o
    0xa000006c   0x00000006   Data   RW          715    .data               os_cpu_c.o
    0xa0000072   0x00000002   PAD
    0xa0000074   0x00000010   Data   RW          755    .data               gui_x_ucos-ii.o
    0xa0000084   0x00000008   Data   RW         1081    .data               yaffs_tagscompat.o
    0xa000008c   0x00000008   Data   RW         1106    .data               yaffs_ucos_glue.o
    0xa0000094   0x00000004   Data   RW         1122    .data               yaffs_verify.o
    0xa0000098   0x00000008   Data   RW         1162    .data               yaffscfg2k.o
    0xa00000a0   0x0000001c   Data   RW         1182    .data               yaffsfs.o
    0xa00000bc   0x00000008   Data   RW         1202    .data               sys_arch.o
    0xa00000c4   0x00000001   Data   RW         1265    .data               etharp.o
    0xa00000c5   0x00000003   PAD
    0xa00000c8   0x00000008   Data   RW         1478    .data               sockets.o
    0xa00000d0   0x00000010   Data   RW         1492    .data               tcpip.o
    0xa00000e0   0x00000014   Data   RW         1544    .data               dns.o
    0xa00000f4   0x00000014   Data   RW         1599    .data               mem.o
    0xa0000108   0x00000009   Data   RW         1647    .data               netif.o
    0xa0000111   0x00000001   Data   RW         1681    .data               pbuf.o
    0xa0000112   0x00000002   PAD
    0xa0000114   0x00000004   Data   RW         1708    .data               raw.o
    0xa0000118   0x00000023   Data   RW         1759    .data               tcp.o
    0xa000013b   0x00000001   PAD
    0xa000013c   0x00000020   Data   RW         1782    .data               tcp_in.o
    0xa000015c   0x00000008   Data   RW         1820    .data               timers.o
    0xa0000164   0x00000008   Data   RW         1834    .data               udp.o
    0xa000016c   0x0000000c   Data   RW         1870    .data               igmp.o
    0xa0000178   0x00000012   Data   RW         1905    .data               ip.o
    0xa000018a   0x00000002   PAD
    0xa000018c   0x00000006   Data   RW         1949    .data               ip_frag.o
    0xa0000192   0x00000002   PAD
    0xa0000194   0x00000458   Data   RW         1991    .data               mib2.o
    0xa00005ec   0x00000001   Data   RW         2011    .data               mib_structs.o
    0xa00005ed   0x00000003   PAD
    0xa00005f0   0x00000004   Data   RW         2028    .data               msg_in.o
    0xa00005f4   0x00000008   Data   RW         2052    .data               msg_out.o
    0xa00005fc   0x00000008   Data   RW         2073    .data               ethernetif.o
    0xa0000604   0x00000008   Data   RW         2187    .data               jlink_putc.o
    0xa000060c   0x00000022   Data   RW         2267    .data               user_key.o
    0xa000062e   0x00000002   PAD
    0xa0000630   0x0000002c   Data   RW         2418    .data               user_main.o
    0xa000065c   0x00000019   Data   RW         2494    .data               user_menu.o
    0xa0000675   0x00000003   PAD
    0xa0000678   0x00000004   Data   RW         2548    .data               user_setaddr.o
    0xa000067c   0x00000004   Data   RW         2613    .data               user_settime.o
    0xa0000680   0x00000021   Data   RW         2724    .data               listview.o
    0xa00006a1   0x00000003   PAD
    0xa00006a4   0x00000034   Data   RW         2798    .data               menu.o
    0xa00006d8   0x00000010   Data   RW         2860    .data               user_correct.o
    0xa00006e8   0x00000002   Data   RW         2882    .data               user_errorraters485.o
    0xa00006ea   0x00000002   PAD
    0xa00006ec   0x00000004   Data   RW         2903    .data               equipmentlist.o
    0xa00006f0   0x0000000a   Data   RW         2926    .data               task_uartrcv.o
    0xa00006fa   0x000003c0   Data   RW         2949    .data               sensor_operation.o
    0xa0000aba   0x00000002   PAD
    0xa0000abc   0x00001fd8   Data   RW         2966    .data               g631y2.o
    0xa0002a94   0x000000c0   Data   RW         3296    .data               cmd.o
    0xa0002b54   0x00000004   Data   RW         3379    .data               hvsftpd.o
    0xa0002b58   0x00000004   Data   RW         3412    .data               session.o
    0xa0002b5c   0x00000014   Data   RW         3652    .data               ucGui.lib(gui_onkey.o)
    0xa0002b70   0x00000001   Data   RW         3712    .data               ucGui.lib(guialloc.o)
    0xa0002b71   0x00000003   PAD
    0xa0002b74   0x00000014   Data   RW         3732    .data               ucGui.lib(guicore.o)
    0xa0002b88   0x0000000c   Data   RW         3752    .data               ucGui.lib(guitask.o)
    0xa0002b94   0x00000004   Data   RW         3852    .data               ucGui.lib(dialog.o)
    0xa0002b98   0x00000020   Data   RW         3896    .data               ucGui.lib(dropdown.o)
    0xa0002bb8   0x0000001c   Data   RW         3948    .data               ucGui.lib(edit.o)
    0xa0002bd4   0x00000022   Data   RW         3994    .data               ucGui.lib(framewin.o)
    0xa0002bf6   0x00000002   PAD
    0xa0002bf8   0x0000001c   Data   RW         4106    .data               ucGui.lib(header.o)
    0xa0002c14   0x00000004   Data   RW         4305    .data               ucGui.lib(widget.o)
    0xa0002c18   0x00000031   Data   RW         4620    .data               ucGui.lib(wm.o)
    0xa0002c49   0x00000003   PAD
    0xa0002c4c   0x00000004   Data   RW         5029    .data               ucGui.lib(lcd_api.o)
    0xa0002c50   0x00000020   Data   RW         5110    .data               ucGui.lib(button.o)
    0xa0002c70   0x00000028   Data   RW         5164    .data               ucGui.lib(listbox.o)
    0xa0002c98   0x00000018   Data   RW         5330    .data               ucGui.lib(radio.o)
    0xa0002cb0   0x00000004   Data   RW         5620    .data               ucGui.lib(wm_setcapturemove.o)
    0xa0002cb4   0x00000010   Data   RW         5670    .data               ucGui.lib(wmtouch.o)
    0xa0002cc4   0x00000004   Data   RW         6177    .data               ucGui.lib(gui_fillpolygon.o)
    0xa0002cc8   0x00000012   Data   RW         6265    .data               ucGui.lib(scrollbar.o)
    0xa0002cda   0x00000002   PAD
    0xa0002cdc   0x0000002c   Zero   RW          215    .bss                lpc177x_8x_emac.o
    0xa0002d08   0x00070800   Zero   RW          242    .bss                lpc177x_8x_lcd.o
    0xa0073508   0x00000030   Zero   RW          354    .bss                lpc177x_8x_i2c.o
    0xa0073538   0x00000288   Zero   RW          461    .bss                ssp_gt21l16s2w.o
    0xa00737c0   0x000000fe   Zero   RW          505    .bss                com_uart.o
    0xa00738be   0x00000002   PAD
    0xa00738c0   0x00001620   Zero   RW          586    .bss                os_core.o
    0xa0074ee0   0x00000200   Zero   RW          714    .bss                os_cpu_c.o
    0xa00750e0   0x00000020   Zero   RW         1080    .bss                yaffs_tagscompat.o
    0xa0075100   0x00003610   Zero   RW         1181    .bss                yaffsfs.o
    0xa0078710   0x00002900   Zero   RW         1201    .bss                sys_arch.o
    0xa007b010   0x000000c8   Zero   RW         1263    .bss                etharp.o
    0xa007b0d8   0x000000f0   Zero   RW         1476    .bss                sockets.o
    0xa007b1c8   0x00000663   Zero   RW         1543    .bss                dns.o
    0xa007b82b   0x0001001c   Zero   RW         1598    .bss                mem.o
    0xa008b847   0x00000001   PAD
    0xa008b848   0x00013e87   Zero   RW         1614    .bss                memp.o
    0xa009f6cf   0x00000001   PAD
    0xa009f6d0   0x00000070   Zero   RW         1646    .bss                netif.o
    0xa009f740   0x00000290   Zero   RW         1722    .bss                stats.o
    0xa009f9d0   0x00000014   Zero   RW         1781    .bss                tcp_in.o
    0xa009f9e4   0x00000010   Zero   RW         1926    .bss                ip_addr.o
    0xa009f9f4   0x00000180   Zero   RW         2009    .bss                mib_structs.o
    0xa009fb74   0x00000130   Zero   RW         2026    .bss                msg_in.o
    0xa009fca4   0x00000044   Zero   RW         2051    .bss                msg_out.o
    0xa009fce8   0x00000800   Zero   RW         2072    .bss                ethernetif.o
    0xa00a04e8   0x000082e8   Zero   RW         2218    .bss                tcp_test.o
    0xa00a87d0   0x0000100c   Zero   RW         2266    .bss                user_key.o
    0xa00a97dc   0x00000060   Zero   RW         2294    .bss                user_browstestpoint.o
    0xa00a983c   0x00007344   Zero   RW         2417    .bss                user_main.o
    0xa00b0b80   0x00000050   Zero   RW         2492    .bss                user_menu.o
    0xa00b0bd0   0x00000180   Zero   RW         2857    .bss                user_correct.o
    0xa00b0d50   0x00000020   Zero   RW         2902    .bss                equipmentlist.o
    0xa00b0d70   0x00000180   Zero   RW         3360    .bss                hfsocket.o
    0xa00b0ef0   0x00580030   Zero   RW         3711    .bss                ucGui.lib(guialloc.o)
    0xa0630f20   0x00000060   Zero   RW         3730    .bss                ucGui.lib(guicore.o)
    0xa0630f80   0x00000190   Zero   RW         3751    .bss                ucGui.lib(guitask.o)
    0xa0631110   0x00000024   Zero   RW         4619    .bss                ucGui.lib(wm.o)
    0xa0631134   0x00000200   Zero   RW         5079    .bss                ucGui.lib(lcdcolor.o)
    0xa0631334   0x00000018   Zero   RW         6176    .bss                ucGui.lib(gui_fillpolygon.o)
    0xa063134c   0x000000e4   Zero   RW         6600    .bss                c_w.l(rand.o)
    0xa0631430   0x00000060   Zero   RW         6716    .bss                c_w.l(libspace.o)
    0xa0631490   0x00800000   Zero   RW            2    HEAP                startup_lpc177x_8x.o


==============================================================================

Image component sizes


      Code (inc. data)   RO Data    RW Data    ZI Data      Debug   Object Name

         0          0          0          0          0       8636   action.o
      3352        922          0          0          0      22268   api_lib.o
      6492       1220          0          0          0      12248   api_msg.o
        84          0          0          0          0       2290   app_hooks.o
      1256          0          0          0          0       4672   asn1_dec.o
       984          0          0          0          0       5261   asn1_enc.o
      3672       1436         97        192          0      16778   cmd.o
      3696        224          0         15        254      33772   com_uart.o
        62          0          0          0          0       1046   def.o
      1988        292          0         20       1635       7772   dns.o
       212          6          0          0          0       3823   eeprom_st24c02.o
      1280        308          0          4         32       4919   equipmentlist.o
      4200        640         80          1        200      23318   etharp.o
       732        132          0          8       2048       2961   ethernetif.o
         0          0          0       8152          0        670   g631y2.o
       944          0          0          0          0       1230   gpioconfig.o
       132         14          0         16          0      12079   gui_x_ucos-ii.o
       204          6          0          0          0       1628   hfio.o
      1464        216          0          0        384       6238   hfsocket.o
       392         70          0          4          0       3213   hvsftpd.o
      1244        360          0          0          0       2582   icmp.o
      2220        398          0         12          0       6699   igmp.o
       680         90          0          0          0       2837   inet_chksum.o
        52          0          0          0          0      13960   init.o
      2032        182          0         18          0       7640   ip.o
       788         94          8          0         16       9955   ip_addr.o
      2724        482          0          6          0       6660   ip_frag.o
        36          6          0          8          0       2406   jlink_putc.o
      2564         18          0         33          0      14481   listview.o
       368         48          0          0          0       1515   lpc177x_8x_clkpwr.o
      2124        126         15          0         44      32650   lpc177x_8x_emac.o
      4588        290          0          0          0      13082   lpc177x_8x_emc.o
       196         16          0          0          0       2573   lpc177x_8x_exti.o
      1134         62          0          0          0       8870   lpc177x_8x_gpio.o
      2284         60          0          4         48      27785   lpc177x_8x_i2c.o
      1944         44          0          0     460800      18253   lpc177x_8x_lcd.o
      1104         18          0          0          0       6006   lpc177x_8x_pinsel.o
      1554         64          0          0          0       8107   lpc177x_8x_rtc.o
      1012         16          0          0          0       9108   lpc177x_8x_ssp.o
       932         18          0          0          0       7717   lpc177x_8x_timer.o
      3224        122          0          0          0      17933   lpc177x_8x_uart.o
      2064        556          0         20      65564       4138   mem.o
       636        186         84          0      81543       3178   memp.o
      4696         28          0         52          0      19358   menu.o
      9584       1392       2300       1112          0      46241   mib2.o
      2936        200         16          1        384       8771   mib_structs.o
      5448        232         11          4        304      13245   msg_in.o
      2440         24          0          8         68       8141   msg_out.o
      1060         38          0          0          0       6907   nandflash_k9f4g08u0b.o
       884        326          0          0          0       7525   netbuf.o
         0          0          0          0          0       5848   netdb.o
      2000        344          0          9        112       8932   netif.o
       368         14          0          0          0       2524   norflash_sst39vf1601.o
      3024        208        256         88       5664      18124   os_core.o
       176         36          0          0          0        372   os_cpu_a.o
       408         32          0          6        512      12278   os_cpu_c.o
       348        230        114          0          0       3469   os_dbg.o
      2084         40          0          0          0       6820   os_flag.o
       484         16          0          0          0       3104   os_mem.o
      1536         36          0          0          0       5525   os_q.o
       932         22          0          0          0       3870   os_sem.o
      2152         72          0          0          0       7916   os_task.o
       440         30          0          0          0       1762   os_time.o
      1660        134          0          0          0       5493   os_tmr.o
      4368       1228          0          1          0      10503   pbuf.o
       492         12         44          0          0       2402   phylan_dm9161a.o
        86          0          0          0          0       2084   port.o
       564        118          0          4          0       3125   raw.o
       228          4          0          0          0       1200   sdram_mt48lc8m32lfb5.o
      2928        544          0        960          0      11812   sensor_operation.o
       836        238          0          4          0       5640   session.o
      8466        700         64          8        240      19562   sockets.o
       180          4          0          0        648       5256   ssp_gt21l16s2w.o
       180          4          0          0          0       1304   ssp_m25p128.o
        68         30        228          0    8421376       1064   startup_lpc177x_8x.o
      1380        622        390          0        656       5630   stats.o
      1360         16          0          8      10496      10680   sys_arch.o
       956         86          0         16          0      38435   system_lpc177x_8x.o
       248         54          0         10          0       1728   task_uartrcv.o
      5552       1110        177         35          0      21736   tcp.o
      7860       1072          0         32         20      15835   tcp_in.o
      5264        960         85          0          0       9719   tcp_out.o
      1008        364          0          0      33512       4821   tcp_test.o
       968        178          0         16          0      11335   tcpip.o
       796        168          0          8          0       3347   timers.o
      2032        194          0          8          0       7134   udp.o
      3336        184         86          0         96       9822   user_browstestpoint.o
      1232        212        196         16        384       3746   user_correct.o
       764        100         86          0          0       1889   user_dispconnect.o
         0          0          0          2          0        851   user_errorraters485.o
      3556        812          0          0          0      22453   user_file.o
      1584         82          0         34       4108      20122   user_key.o
       992        158          0         44      29508      27756   user_main.o
      2988        596       1304         25         80       7581   user_menu.o
       818          0          0          0          0       3086   user_saveoption.o
      2812        114        520          4          0       4003   user_setaddr.o
       996        164        225          0          0       2327   user_setconnect.o
      1200         76        225          4          0       3203   user_settime.o
      1236        192          0          0          0      20368   yaffs_allocator.o
       442          0          0          0          0       3474   yaffs_attribs.o
       648        108          0          0          0       3862   yaffs_bitmap.o
      2604        464        157          0          0       7158   yaffs_checkptrw.o
       856          4        256          0          0       5912   yaffs_ecc.o
     21656       2824        592          0          0      58057   yaffs_guts.o
       124          6        256          0          0       2169   yaffs_hweight.o
       242          0          0          0          0       2983   yaffs_k9f4g08u0b.o
       720          0          0          0          0       4150   yaffs_nameval.o
       604        102          0          0          0       4032   yaffs_nand.o
       684         60          0          0          0       5189   yaffs_nand_drv.o
       708         60         91          0          0       3858   yaffs_packedtags2.o
       974          0          0          0          0       3566   yaffs_qsort.o
      1248          0          0          0          0      16300   yaffs_summary.o
      1772        300          0          8         32       6549   yaffs_tagscompat.o
      1080        292          0          0          0       4050   yaffs_tagsmarshall.o
       236         36          0          8          0       3330   yaffs_ucos_glue.o
      3636       1292        415          4          0       7859   yaffs_verify.o
      1720        278         98          0          0       3706   yaffs_yaffs1.o
      7268       1198        749          0          0      16651   yaffs_yaffs2.o
       112         12          0          8          0       1716   yaffscfg2k.o
     15440        118          0         28      13840      65321   yaffsfs.o

    ----------------------------------------------------------------------
    239436      29746       9310      11116    9134612    1150633   Object Totals
         0          0         64          0          0          0   (incl. Generated)
        18          0         21         28          4          0   (incl. Padding)

    ----------------------------------------------------------------------

      Code (inc. data)   RO Data    RW Data    ZI Data      Debug   Library Member Name

        60          8          0          0          0         84   __0sscanf.o
        24          4          0          0          0         84   __2printf.o
        44          6          0          0          0         84   __2sprintf.o
       100          0          0          0          0          0   __dclz77c.o
         8          0          0          0          0         68   __main.o
       396          6         17          0          0         92   __printf_flags_ss_wp.o
        14          0          0          0          0         68   __printf_wp.o
        52          8          0          0          0          0   __scatter.o
        26          0          0          0          0          0   __scatter_copy.o
        28          0          0          0          0          0   __scatter_zi.o
        28          0          0          0          0         68   _chval.o
         6          0          0          0          0          0   _printf_a.o
         6          0          0          0          0          0   _printf_c.o
        44          0          0          0          0        108   _printf_char.o
        48          6          0          0          0         96   _printf_char_common.o
        36          4          0          0          0         80   _printf_char_file.o
        42          0          0          0          0         68   _printf_charcount.o
         6          0          0          0          0          0   _printf_d.o
       120         18          0          0          0         92   _printf_dec.o
         6          0          0          0          0          0   _printf_e.o
         6          0          0          0          0          0   _printf_f.o
      1056          0          0          0          0        216   _printf_fp_dec.o
       128         16          0          0          0         84   _printf_fp_infnan.o
         6          0          0          0          0          0   _printf_g.o
       156          6         40          0          0        160   _printf_hex_int_ll_ptr.o
         6          0          0          0          0          0   _printf_i.o
       184          0          0          0          0         88   _printf_intcommon.o
        10          0          0          0          0          0   _printf_l.o
         6          0          0          0          0          0   _printf_lc.o
        10          0          0          0          0          0   _printf_ll.o
         6          0          0          0          0          0   _printf_lld.o
         6          0          0          0          0          0   _printf_lli.o
         6          0          0          0          0          0   _printf_llo.o
         6          0          0          0          0          0   _printf_llu.o
         6          0          0          0          0          0   _printf_llx.o
       120         16          0          0          0         92   _printf_longlong_dec.o
         6          0          0          0          0          0   _printf_ls.o
         6          0          0          0          0          0   _printf_n.o
         6          0          0          0          0          0   _printf_o.o
       120          8          0          0          0        124   _printf_oct_int_ll.o
         6          0          0          0          0          0   _printf_p.o
        82          0          0          0          0        108   _printf_pad.o
         0          0          0          0          0          0   _printf_percent.o
         4          0          0          0          0          0   _printf_percent_end.o
         6          0          0          0          0          0   _printf_s.o
        82          0          0          0          0         80   _printf_str.o
        36          0          0          0          0         84   _printf_truncate.o
         6          0          0          0          0          0   _printf_u.o
        44          0          0          0          0        108   _printf_wchar.o
       188          6          8          0          0         92   _printf_wctomb.o
         6          0          0          0          0          0   _printf_x.o
        22          0          0          0          0        100   _rserrno.o
       880          4          0          0          0        100   _scanf.o
       336          0          0          0          0         96   _scanf_int.o
        64          0          0          0          0         84   _sgetc.o
        56          6          0          0          0         88   _snprintf.o
        16          0          0          0          0         68   _snputc.o
        10          0          0          0          0         68   _sputc.o
        52          4          0          0          0         80   _vsnprintf.o
        64          0          0          0          0         92   _wcrtomb.o
        16          0          0          0          0         72   abort.o
        16          0          0          0          0         68   aeabi_memset.o
       228          6        148          0          0         96   bigflt0.o
      2074        132          0          0          0        940   btod.o
        48         34          0          0          0         76   defsig_abrt_inner.o
        14          0          0          0          0         80   defsig_abrt_outer.o
        10          0          0          0          0         68   defsig_exit.o
        50          0          0          0          0         88   defsig_general.o
        80         58          0          0          0         76   defsig_rtmem_inner.o
        14          0          0          0          0         80   defsig_rtmem_outer.o
        12          0          0          0          0         72   exit.o
         8          0          0          0          0         68   ferror.o
        94          0          0          0          0         80   h1_alloc.o
        52          0          0          0          0         68   h1_extend.o
        78          0          0          0          0         80   h1_free.o
        14          0          0          0          0         84   h1_init.o
         6          0          0          0          0        152   heapauxi.o
         4          0          0          0          0        136   hguard.o
         0          0          0          0          0          0   indicate_semi.o
       138          0          0          0          0        168   init_alloc.o
        18          0          0          0          0         76   isspace.o
        44         10        272          0          0         76   lc_ctype_c.o
        44         10         28          0          0         76   lc_numeric_c.o
         2          0          0          0          0          0   libinit.o
        42          0          0          0          0          0   libinit2.o
         2          0          0          0          0          0   libshutdown.o
         2          0          0          0          0          0   libshutdown2.o
         8          4          0          0         96         68   libspace.o
        72          0          0          0          0         76   llsdiv.o
        38          0          0          0          0         68   llshl.o
        38          0          0          0          0         68   llsshr.o
       138          0          0          0          0         80   lludiv10.o
       238          0          0          0          0        100   lludivv7m.o
         0          0          0          0          0          0   maybetermalloc1.o
        88          0          0          0          0         76   memcmp.o
        44          4          0          0          0         84   puts.o
       112         18          0          0        228        160   rand.o
        16          4          0          0          0         76   rt_ctype_table.o
         8          4          0          0          0         68   rt_errno_addr_intlibspace.o
         8          4          0          0          0         68   rt_heap_descriptor_intlibspace.o
         8          4          0          0          0         68   rt_locale_intlibspace.o
        68          0          0          0          0         68   rt_memclr.o
        78          0          0          0          0         80   rt_memclr_w.o
       138          0          0          0          0         68   rt_memcpy_v6.o
       100          0          0          0          0         80   rt_memcpy_w.o
       132          0          0          0          0         68   rt_memmove_v6.o
       122          0          0          0          0         80   rt_memmove_w.o
         0          0          0          0          0          0   rtentry.o
        12          0          0          0          0          0   rtentry2.o
         6          0          0          0          0          0   rtentry4.o
         2          0          0          0          0          0   rtexit.o
        10          0          0          0          0          0   rtexit2.o
        44          8          0          0          0         84   scanf_char.o
      1188         12          0          0          0        148   scanf_fp.o
       788         12          0          0          0        100   scanf_hexfp.o
       316         18          0          0          0        100   scanf_infnan.o
        42          0          0          0          0         84   strcasecmp.o
        24          0          0          0          0         68   strcat.o
        20          0          0          0          0         68   strchr.o
       128          0          0          0          0         68   strcmpv7m.o
        72          0          0          0          0         80   strcpy.o
        62          0          0          0          0         76   strlen.o
        36          0          0          0          0         76   strncat.o
       150          0          0          0          0         80   strncmp.o
        86          0          0          0          0         76   strncpy.o
        12          4          0          0          0         68   sys_exit.o
        74          0          0          0          0         80   sys_stackheap_outer.o
        14          0          0          0          0         76   sys_wrch.o
        26          0          0          0          0         76   tolower.o
         2          0          0          0          0         68   use_no_semi.o
        98          4          0          0          0         92   d2f.o
        16          4          0          0          0         68   dcheck1.o
        24          0          0          0          0         68   dcmpi.o
       120          4          0          0          0         92   deqf.o
       120          4          0          0          0         92   dleqf.o
       156          4          0          0          0         92   dnaninf.o
        12          0          0          0          0         68   dretinf.o
       108          0          0          0          0         80   drleqf.o
        86          4          0          0          0         84   f2d.o
       430          8          0          0          0        168   faddsub_clz.o
       388         76          0          0          0         96   fdiv.o
        54          4          0          0          0         84   ffix.o
        48          0          0          0          0         68   fflt_clz.o
       258          4          0          0          0         84   fmul.o
       140          4          0          0          0         84   fnaninf.o
         0          0          8          0          0          0   fpconst.o
        10          0          0          0          0         68   fretinf.o
         4          0          0          0          0         68   printf1.o
       100          0          0          0          0         68   retnan.o
        92          0          0          0          0         68   scalbn.o
         4          0          0          0          0         68   scanf1.o
         8          0          0          0          0         84   scanf2.o
        48          0          0          0          0         68   trapv.o
         0          0          0          0          0          0   usenofp.o
        16          6          0          0          0         68   dunder.o
        40          0          0          0          0         68   fpclassify.o
        88          8          0          0          0         76   frexp.o
       148          0          0          0          0        160   ldexp.o
       152          4          0          0          0        160   narrow.o
       976          6          0         32          0       6044   button.o
        80          0          0          0          0       5962   button_createindirect.o
       312          4          0          4          0       7458   dialog.o
      2008         18          0         32          0      10288   dropdown.o
        72          0          0          0          0        682   dropdown_createindirect.o
        76          0          0          0          0        929   dropdown_setautoscroll.o
      2612          8          0         28          0      11305   edit.o
        92          0          0          0          0        690   edit_createindirect.o
        42          0          0          0          0       1800   edit_setcursoratchar.o
         0          0       1844          0          0       1990   f6x8.o
      1992         20          0         34          0       8172   framewin.o
       254          0          0          0          0       1386   framewin__updatebuttons.o
       156          0          0          0          0       3312   framewin_addmenu.o
        78          0          0          0          0        686   framewin_createindirect.o
       204          0          0          0          0       1849   framewin_setcolors.o
        62          0          0          0          0        919   framewin_setfont.o
      2076         18         68          0          0       7980   gui2dlib.o
       196          0          0          0          0       1212   gui__calctextrect.o
        26          0          0          0          0        499   gui__divideround.o
        20          4          0          0          0        404   gui__getfontsizey.o
        26          0          0          0          0        483   gui__getnumchars.o
        24          0          0          0          0        556   gui__handleeoline.o
        66          0          0          0          0      28298   gui__intersectrect.o
       136          0          0          0          0        966   gui__intersectrects.o
        84          0          0          0          0        694   gui__memset.o
        78          0          0          0          0        692   gui__memset16.o
        34          0          0          0          0        738   gui__reducerect.o
        78          0          0          0          0        639   gui__settext.o
        80          4          0          0          0        765   gui__strcmp.o
        22          0          0          0          0        450   gui__strlen.o
        72          0          0          0          0        678   gui_alloc_allocinit.o
        42          0          0          0          0        510   gui_alloc_alloczero.o
       428          0          0          0          0       3102   gui_array.o
        88          0          0          0          0       1059   gui_array_deleteitem.o
        90          0          0          0          0       1063   gui_array_resizeitem.o
        26          0          0          0          0        674   gui_clearrectex.o
         0          0         32          0          0      15685   gui_cursorheaderm.o
         0          0         85          0          0        444   gui_cursorheadermpx.o
         0          0         24          0          0        472   gui_cursorpal.o
       332          4          0          0          0        885   gui_dispstring.o
        40          6          0          0          0        531   gui_dispstringat.o
       480          6          0          0          0       5685   gui_dispstringinrect.o
        94          0          0          0          0       1387   gui_draw.o
       260          6          0          0          0       1307   gui_drawbitmap.o
       204          4          0          0          0        988   gui_drawfocusrect.o
        96          6          0          0          0        548   gui_drawhline.o
        92          6          0          0          0        548   gui_drawvline.o
        56          4          0          0          0        573   gui_exec.o
       832         12          0          4         24       3901   gui_fillpolygon.o
       108          6          0          0          0        591   gui_fillrect.o
        26          0          0          0          0        661   gui_fillrectex.o
        18          0          0          0          0        780   gui_getclientrect.o
        92          0          0          0          0        944   gui_getcolor.o
        48          6          0          0          0        506   gui_getfontinfo.o
        20          0          0          0          0        435   gui_getfontsizey.o
        22          0          0          0          0        481   gui_getstringdistx.o
        20          0          0          0          0        612   gui_getysizeoffont.o
       112          6          0          0          0       1105   gui_goto.o
       120          4          0          0          0        617   gui_invertrect.o
       130          0          0          0          0        884   gui_mergerect.o
        36          0          0          0          0        707   gui_moverect.o
       152         12          0         20          0      17128   gui_onkey.o
        84          4          0          0          0       1000   gui_pen.o
        58          0          0          0          0        825   gui_rectsintersect.o
        36          4          0          0          0        873   gui_savecontext.o
        24          0          0          0          0        408   gui_selectlcd.o
        40          0          0          0          0        602   gui_setcolor.o
        76          6          0          0          0        547   gui_setdefault.o
        24          0          0          0          0        486   gui_setdrawmode.o
        32          6          0          0          0        486   gui_setfont.o
        28          6          0          0          0        495   gui_setlinestyle.o
        80          6          0          0          0        532   gui_setpixelindex.o
        32          4          0          0          0        483   gui_settextalign.o
        32          4          0          0          0        478   gui_settextmode.o
       232          6          0          0          0       1936   gui_uc.o
        56          8         16          0          0       1468   gui_uc_encodenone.o
      1080         20          0          1    5767216       5364   guialloc.o
       232          8          0          0          0       1156   guichar.o
       440         12          0          0          0       1951   guicharline.o
       472          6          0          0          0       2009   guicharm.o
       804         12          0          0          0       2377   guicharp.o
      1156         10          0          0          0       3350   guicirc.o
       292         24          8         20         96       4998   guicore.o
      1088         14          0          0          0       5513   guidev.o
      2210         16         96          0          0      35135   guidev_16.o
       278          0          0          0          0       1718   guidev_banding.o
        72          6          0          0          0        911   guidev_clear.o
        44          4          0          0          0        834   guidev_getysize.o
        56          6          0          0          0        901   guidev_reduceysize.o
       108          4          0          0          0        992   guidev_setorg.o
       120          4          0          0          0       1289   guidev_usage.o
       556          4         24          0          0       3146   guidev_usagebm.o
       176          0         12          0          0       6202   guiencjs.o
        88          0          0          0          0        716   guirealloc.o
       328         20          0         12        400       1779   guitask.o
        62          0          0          0          0        644   guitime.o
      2212         56          0         28          0      12658   header.o
         0          0       1032          0          0       5441   hzk16.o
      1128         12          0          0          0       4340   lcd.o
         0          0         64          4          0        506   lcd_api.o
        92          4          0          0          0        528   lcd_drawvline.o
        16          4          0          0          0        528   lcd_getcolorindex.o
        56          0          0          0          0       1043   lcd_l0_generic.o
         0          0        256          0          0        422   lcd_mirror.o
        36         10          0          0          0        400   lcd_selectlcd.o
        32          4          0          0          0        708   lcd_setcliprectex.o
        36          4          0          0          0        425   lcd_updatecolorindices.o
        84          4          0          0        512       1514   lcdcolor.o
        48          0          0          0          0       1321   lcdinfo0.o
        32          0          0          0          0        699   lcdp565.o
        56          0          0          0          0        546   lcdp565_index2color.o
       556          4          8          0          0       2104   lcdrle4.o
      3532         10          0         40          0      16158   listbox.o
       100          0          0          0          0       1335   listbox_create.o
        68          0          0          0          0       2129   listbox_font.o
        76          0          0          0          0       1168   listbox_itemspacing.o
       128          0          0          0          0       1428   listbox_setautoscroll.o
        50          0          0          0          0        853   listbox_setbkcolor.o
        38          0          0          0          0        787   listbox_setowner.o
        52          0          0          0          0        868   listbox_setscrollbarwidth.o
        62          0          0          0          0        979   listbox_settextcolor.o
         0          0          0          0          0        592   listview_createindirect.o
        68          6          0          0          0       2307   listview_default.o
        50          0          0          0          0        890   listview_getbkcolor.o
        40          0          0          0          0        853   listview_getnumcolumns.o
        40          0          0          0          0        838   listview_getnumrows.o
        34          0          0          0          0        786   listview_getsel.o
        50          0          0          0          0        904   listview_gettextcolor.o
        66          0          0          0          0        886   listview_setbkcolor.o
        60          0          0          0          0        866   listview_setgridvis.o
       252          0          0          0          0       1812   listview_setitemcolor.o
       116          0          0          0          0       1115   listview_setitemtext.o
        60          0          0          0          0        896   listview_setrowheight.o
       120          0          0          0          0        930   listview_setsel.o
        66          0          0          0          0        900   listview_settextcolor.o
        96          0          0          0          0        986   menu_attach.o
       124          8          0          0          0       3336   menu_default.o
      1272         30          0         24          0       6449   radio.o
        88          0          0          0          0        723   radio_createindirect.o
         0          0        176          0          0        833   radio_image.o
      1964         16          0         18          0       8381   scrollbar.o
       112          0          0          0          0       1060   scrollbar_create.o
       104         12          0          0          0       1678   scrollbar_defaults.o
        38          0          0          0          0        537   scrollbar_setwidth.o
      1208          4          0          4          0       7389   widget.o
       428         18         24          0          0       3528   widget_effect_3d.o
       272         12         24          0          0       3482   widget_effect_3d1l.o
       288          6          0          0          0       1263   widget_fillstringinrect.o
        30          0          0          0          0        503   widget_seteffect.o
        66          0          0          0          0        958   widget_setwidth.o
      4224        160          0         49         36      18498   wm.o
        60          0          0          0          0        830   wm__foreachdesc.o
        30          0          0          0          0        502   wm__getfirstsibling.o
        36          6          0          0          0        495   wm__getfocussedchild.o
        54          0          0          0          0        761   wm__getprevsibling.o
        78          0          0          0          0       1086   wm__isancestor.o
        40          0          0          0          0        778   wm__ischild.o
        26          0          0          0          0        464   wm__isenabled.o
        36          0          0          0          0        786   wm__sendmessage.o
        40          0          0          0          0        860   wm__sendmessagenopara.o
       390          0          0          0          0       1427   wm__updatechildpositions.o
       190          0          0          0          0       1448   wm_attachwindow.o
        80          0          0          0          0        823   wm_bringtobottom.o
       144          6          0          0          0       1400   wm_bringtotop.o
       118          0          0          0          0       1307   wm_checkscrollpos.o
        80          4          0          0          0        821   wm_criticalhandle.o
        28          0          0          0          0        737   wm_foreachdesc.o
        28          0          0          0          0        504   wm_getbkcolor.o
        88          8          0          0          0        950   wm_getclientrect.o
        26          0          0          0          0        493   wm_getclientwindow.o
        12          4          0          0          0        406   wm_getdesktopwindow.o
       106          0          0          0          0       1131   wm_getdialogitem.o
        28          0          0          0          0        467   wm_getfirstchild.o
        28          0          0          0          0        474   wm_getflags.o
        20          0          0          0          0        447   wm_getid.o
        44          4          0          0          0        882   wm_getinsiderect.o
       190          0          0          0          0       1082   wm_getinsiderectexscrollbar.o
        92          4          0          0          0        950   wm_getorg.o
        28          0          0          0          0        451   wm_getparent.o
        28          0          0          0          0        640   wm_getscrollbar.o
        42          0          0          0          0        518   wm_getscrollpartner.o
        22          0          0          0          0        724   wm_getscrollstate.o
       104          8          0          0          0       1138   wm_getwindowrect.o
       128          0          0          0          0       1520   wm_getwindowsize.o
        24          4          0          0          0        453   wm_hascaptured.o
        56          0          0          0          0        740   wm_hide.o
        32          0          0          0          0        506   wm_isfocussable.o
        24          0          0          0          0        454   wm_iswindow.o
       272          0          0          0          0       1772   wm_move.o
        88          0          0          0          0        893   wm_movechildto.o
        22          0          0          0          0        494   wm_notifyparent.o
        64          6          0          0          0        567   wm_onkey.o
        16          6          0          0          0        707   wm_pid__getprevstate.o
       242          0          0          0          0       1050   wm_resizewindow.o
        24          0          0          0          0        495   wm_sendmessagenopara.o
        40          0          0          0          0        542   wm_sendtoparent.o
        50          0          0          0          0        815   wm_setanchor.o
        96          8          0          0          0        782   wm_setcapture.o
       152          4          0          4          0       1080   wm_setcapturemove.o
        16          6          0          0          0        456   wm_setcreateflags.o
       176          4          0          0          0        638   wm_setfocus.o
       152          0          0          0          0       1409   wm_setfocusonnextchild.o
       158          0          0          0          0       1536   wm_setscrollbar.o
        28          0          0          0          0        740   wm_setscrollstate.o
        74          0          0          0          0        869   wm_setsize.o
       152          6          0          0          0       1155   wm_settrans.o
        32          6          0          0          0        729   wm_setusercliprect.o
        74          0          0          0          0        758   wm_setxsize.o
        74          0          0          0          0        758   wm_setysize.o
        96          0          0          0          0       1049   wm_show.o
        74          0          0          0          0        959   wmmemdev.o
         0          0          0         16          0       1951   wmtouch.o

    ----------------------------------------------------------------------
     66594       1482       4320        384    5768608     460777   Library Totals
        66          0          6         10          0          0   (incl. Padding)

    ----------------------------------------------------------------------

      Code (inc. data)   RO Data    RW Data    ZI Data      Debug   Library Name

     12588        472        513          0        324       8764   c_w.l
      2324        120          8          0          0       1812   fz_ws.l
       444         18          0          0          0        532   m_ws.l
     51172        872       3793        374    5768284     449669   ucGui.lib

    ----------------------------------------------------------------------
     66594       1482       4320        384    5768608     460777   Library Totals

    ----------------------------------------------------------------------

==============================================================================


      Code (inc. data)   RO Data    RW Data    ZI Data      Debug   

    306030      31228      13630      11500   14903220    1583174   Grand Totals
    306030      31228      13630       3772   14903220    1583174   ELF Image Totals (compressed)
    306030      31228      13630       3772          0          0   ROM Totals

==============================================================================

    Total RO  Size (Code + RO Data)               319660 ( 312.17kB)
    Total RW  Size (RW Data + ZI Data)          14914720 (14565.16kB)
    Total ROM Size (Code + RO Data + RW Data)     323432 ( 315.85kB)

==============================================================================

