<html>
<body>
<pre>
<h1>µVision Build Log</h1>
<h2>Project:</h2>
E:\ARM_Program\LPC1788_Ctrl_LPC1788\Program\GasSub_LPC1788\uc1788\project\uc1788.uvproj
Project File Date:  09/05/2014

<h2>Output:</h2>
Build target 'FLASH'
assembling startup_LPC177x_8x.s...
compiling system_LPC177x_8x.c...
compiling core_cm3.c...
compiling lpc177x_8x_clkpwr.c...
compiling lpc177x_8x_emc.c...
compiling lpc177x_8x_gpio.c...
compiling lpc177x_8x_pinsel.c...
compiling lpc177x_8x_rtc.c...
compiling lpc177x_8x_ssp.c...
compiling lpc177x_8x_timer.c...
compiling lpc177x_8x_emac.c...
compiling lpc177x_8x_lcd.c...
compiling lpc177x_8x_uart.c...
compiling lpc177x_8x_exti.c...
compiling lpc177x_8x_i2c.c...
compiling sdram_mt48lc8m32lfb5.c...
compiling norflash_sst39vf1601.c...
compiling nandflash_k9f4g08u0b.c...
compiling phylan_dm9161a.c...
compiling SSP_GT21L16S2W.c...
compiling GPIOConfig.c...
compiling com_uart.c...
compiling SSP_M25P128.c...
compiling eeprom_st24c02.c...
compiling os_core.c...
compiling os_flag.c...
compiling os_mbox.c...
compiling os_mem.c...
compiling os_mutex.c...
compiling os_q.c...
compiling os_sem.c...
compiling os_task.c...
compiling os_time.c...
compiling os_tmr.c...
compiling os_cpu_c.c...
assembling os_cpu_a.asm...
compiling os_dbg.c...
compiling GUI_X_uCOS-II.c...
..\..\GuiLib\user\GUI_X_uCOS-II.c(45): warning:  #177-D: variable "KeyPressed" was declared but never referenced
..\..\GuiLib\user\GUI_X_uCOS-II.c(46): warning:  #177-D: variable "KeyIsInited" was declared but never referenced
..\..\GuiLib\user\GUI_X_uCOS-II.c(47): warning:  #550-D: variable "KeySem" was set but never used
..\..\GuiLib\user\GUI_X_uCOS-II.c(125): warning:  #177-D: function "CheckInit" was declared but never referenced
compiling yaffs_allocator.c...
compiling yaffs_attribs.c...
compiling yaffs_bitmap.c...
compiling yaffs_checkptrw.c...
compiling yaffs_ecc.c...
compiling yaffs_guts.c...
compiling yaffs_hweight.c...
compiling yaffs_k9f4g08u0b.c...
compiling yaffs_nameval.c...
compiling yaffs_nand.c...
compiling yaffs_nand_drv.c...
compiling yaffs_packedtags2.c...
compiling yaffs_qsort.c...
compiling yaffs_summary.c...
compiling yaffs_tagscompat.c...
compiling yaffs_tagsmarshall.c...
compiling yaffs_ucos_glue.c...
compiling yaffs_verify.c...
compiling yaffs_yaffs1.c...
compiling yaffs_yaffs2.c...
compiling yaffscfg2k.c...
compiling yaffsfs.c...
compiling sys_arch.c...
compiling etharp.c...
compiling slipif.c...
compiling api_lib.c...
compiling api_msg.c...
compiling err.c...
compiling netbuf.c...
compiling netdb.c...
compiling netifapi.c...
compiling sockets.c...
compiling tcpip.c...
compiling def.c...
compiling dhcp.c...
compiling dns.c...
compiling init.c...
compiling mem.c...
compiling memp.c...
compiling netif.c...
compiling pbuf.c...
compiling raw.c...
compiling stats.c...
compiling sys.c...
compiling tcp.c...
compiling tcp_in.c...
compiling tcp_out.c...
compiling timers.c...
compiling udp.c...
compiling autoip.c...
compiling icmp.c...
compiling igmp.c...
compiling inet.c...
compiling inet_chksum.c...
compiling ip.c...
compiling ip_addr.c...
compiling ip_frag.c...
compiling asn1_dec.c...
compiling asn1_enc.c...
compiling mib2.c...
compiling mib_structs.c...
compiling msg_in.c...
compiling msg_out.c...
compiling ethernetif.c...
compiling app_hooks.c...
compiling nand_test.c...
compiling fs_test.c...
compiling jlink_putc.c...
compiling sct_test.c...
compiling tcp_test.c...
..\App\tcp_test.c(143): warning:  #177-D: variable "readFds" was declared but never referenced
..\App\tcp_test.c(143): warning:  #177-D: variable "writeFds" was declared but never referenced
..\App\tcp_test.c(143): warning:  #177-D: variable "exceptFds" was declared but never referenced
..\App\tcp_test.c(144): warning:  #177-D: variable "flag" was declared but never referenced
..\App\tcp_test.c(145): warning:  #177-D: variable "tv" was declared but never referenced
compiling emac_test.c...
compiling user_key.c...
compiling user_BrowsTestpoint.c...
..\..\User\user_BrowsTestpoint.c(130): warning:  #181-D: argument is incompatible with corresponding format string conversion
..\..\User\user_BrowsTestpoint.c(239): warning:  #181-D: argument is incompatible with corresponding format string conversion
compiling user_DispBackpower.c...
compiling user_DispConnect.c...
compiling user_main.c...
..\..\User\user_SaveOption.h(11): warning:  #1295-D: Deprecated declaration EEPROM_ReadRati - give arg types
..\..\User\user_main.c(88): warning:  #1295-D: Deprecated declaration hvsftpd_main - give arg types
..\..\User\user_main.c(98): warning:  #177-D: variable "TaskErrorRateRS485Stk" was declared but never referenced
compiling user_menu.c...
..\..\User\user_menu.c(679): warning:  #223-D: function "LISTVIEW_GetEnterInfo" declared implicitly
compiling user_SetAddr.c...
..\..\User\user_SaveOption.h(11): warning:  #1295-D: Deprecated declaration EEPROM_ReadRati - give arg types
..\..\User\user_SetAddr.c(112): warning:  #223-D: function "sprintf" declared implicitly
..\..\User\user_SetAddr.c(113): warning:  #167-D: argument of type "unsigned char *" is incompatible with parameter of type "const char *"
..\..\User\user_SetAddr.c(117): warning:  #167-D: argument of type "unsigned char *" is incompatible with parameter of type "const char *"
..\..\User\user_SetAddr.c(121): warning:  #167-D: argument of type "unsigned char *" is incompatible with parameter of type "const char *"
..\..\User\user_SetAddr.c(125): warning:  #167-D: argument of type "unsigned char *" is incompatible with parameter of type "const char *"
..\..\User\user_SetAddr.c(129): warning:  #167-D: argument of type "unsigned char *" is incompatible with parameter of type "const char *"
..\..\User\user_SetAddr.c(133): warning:  #167-D: argument of type "unsigned char *" is incompatible with parameter of type "const char *"
..\..\User\user_SetAddr.c(137): warning:  #167-D: argument of type "unsigned char *" is incompatible with parameter of type "const char *"
..\..\User\user_SetAddr.c(141): warning:  #167-D: argument of type "unsigned char *" is incompatible with parameter of type "const char *"
..\..\User\user_SetAddr.c(145): warning:  #167-D: argument of type "unsigned char *" is incompatible with parameter of type "const char *"
..\..\User\user_SetAddr.c(149): warning:  #167-D: argument of type "unsigned char *" is incompatible with parameter of type "const char *"
..\..\User\user_SetAddr.c(153): warning:  #167-D: argument of type "unsigned char *" is incompatible with parameter of type "const char *"
..\..\User\user_SetAddr.c(157): warning:  #167-D: argument of type "unsigned char *" is incompatible with parameter of type "const char *"
..\..\User\user_SetAddr.c(161): warning:  #167-D: argument of type "unsigned char *" is incompatible with parameter of type "const char *"
..\..\User\user_SetAddr.c(165): warning:  #167-D: argument of type "unsigned char *" is incompatible with parameter of type "const char *"
..\..\User\user_SetAddr.c(169): warning:  #167-D: argument of type "unsigned char *" is incompatible with parameter of type "const char *"
..\..\User\user_SetAddr.c(173): warning:  #167-D: argument of type "unsigned char *" is incompatible with parameter of type "const char *"
..\..\User\user_SetAddr.c(177): warning:  #167-D: argument of type "unsigned char *" is incompatible with parameter of type "const char *"
..\..\User\user_SetAddr.c(181): warning:  #167-D: argument of type "unsigned char *" is incompatible with parameter of type "const char *"
..\..\User\user_SetAddr.c(258): warning:  #223-D: function "sscanf" declared implicitly
..\..\User\user_SetAddr.c(290): warning:  #223-D: function "sscanf" declared implicitly
..\..\User\user_SetAddr.c(291): warning:  #223-D: function "printf" declared implicitly
..\..\User\user_SetAddr.c(286): warning:  #177-D: variable "check" was declared but never referenced
..\..\User\user_SetAddr.c(456): warning:  #223-D: function "printf" declared implicitly
compiling user_SetConnect.c...
..\..\User\user_SaveOption.h(11): warning:  #1295-D: Deprecated declaration EEPROM_ReadRati - give arg types
..\..\User\user_SetConnect.c(198): warning:  #223-D: function "printf" declared implicitly
compiling user_SetPassword.c...
compiling user_SetTime.c...
compiling user_SetType.c...
compiling user_TestIO.c...
..\..\User\user_TestIO.c(191): warning:  #223-D: function "LISTVIEW_GetEnterInfo" declared implicitly
..\..\User\user_TestIO.c(182): warning:  #550-D: variable "uart1SendInfo" was set but never used
..\..\User\user_TestIO.c(183): warning:  #550-D: variable "hRadio" was set but never used
compiling user_TestRS485.c...
compiling user_TestSerial.c...
compiling user_TestTotal.c...
compiling user_UnitTest.c...
compiling LISTVIEW.c...
compiling MENU.c...
compiling user_SaveOption.c...
..\..\User\user_SaveOption.h(11): warning:  #1295-D: Deprecated declaration EEPROM_ReadRati - give arg types
..\..\User\user_SaveOption.c(208): warning:  #177-D: variable "i" was declared but never referenced
compiling user_file.c...
..\..\User\user_file.c(64): warning:  #68-D: integer conversion resulted in a change of sign
..\..\User\user_file.c(255): warning:  #177-D: variable "f2" was declared but never referenced
..\..\User\user_file.c(317): warning:  #550-D: variable "n" was set but never used
..\..\User\user_file.c(375): warning:  #550-D: variable "n" was set but never used
..\..\User\user_file.c(409): warning:  #550-D: variable "n" was set but never used
..\..\User\user_file.c(453): warning:  #550-D: variable "n" was set but never used
..\..\User\user_file.c(501): warning:  #181-D: argument is incompatible with corresponding format string conversion
..\..\User\user_file.c(501): warning:  #181-D: argument is incompatible with corresponding format string conversion
..\..\User\user_file.c(536): warning:  #181-D: argument is incompatible with corresponding format string conversion
..\..\User\user_file.c(558): warning:  #181-D: argument is incompatible with corresponding format string conversion
..\..\User\user_file.c(558): warning:  #181-D: argument is incompatible with corresponding format string conversion
..\..\User\user_file.c(566): warning:  #181-D: argument is incompatible with corresponding format string conversion
..\..\User\user_file.c(586): warning:  #181-D: argument is incompatible with corresponding format string conversion
..\..\User\user_file.c(586): warning:  #181-D: argument is incompatible with corresponding format string conversion
..\..\User\user_file.c(620): warning:  #181-D: argument is incompatible with corresponding format string conversion
..\..\User\user_file.c(620): warning:  #181-D: argument is incompatible with corresponding format string conversion
..\..\User\user_file.c(632): warning:  #181-D: argument is incompatible with corresponding format string conversion
compiling user_Correct.c...
..\..\User\user_SaveOption.h(11): warning:  #1295-D: Deprecated declaration EEPROM_ReadRati - give arg types
..\..\User\user_Correct.c(46): warning:  #1295-D: Deprecated declaration IfFinishedOneCorrect - give arg types
compiling user_ErrorRateRS485.c...
compiling EquipmentList.c...
..\..\Task\EquipmentList.c(164): warning:  #177-D: variable "phead" was declared but never referenced
..\..\Task\EquipmentList.c(194): warning:  #177-D: variable "pNext" was declared but never referenced
..\..\Task\EquipmentList.c(325): warning:  #177-D: variable "err" was declared but never referenced
..\..\Task\EquipmentList.c(326): warning:  #550-D: variable "n" was set but never used
compiling task_UartRcv.c...
..\..\Task\task_UartRcv.c(49): warning:  #111-D: statement is unreachable
compiling Sensor_Operation.c...
compiling G631Y2.c...
compiling action.c...
compiling alloc.c...
compiling auth.c...
compiling cgi.c...
compiling crypt.c...
compiling file.c...
compiling fs.c...
compiling goahead.c...
compiling http.c...
compiling js.c...
compiling jst.c...
compiling options.c...
compiling osdep.c...
compiling rom-documents.c...
compiling route.c...
compiling runtime.c...
compiling socket.c...
compiling upload.c...
compiling cmd.c...
compiling hfio.c...
compiling hfsocket.c...
compiling hvsftpd.c...
compiling port.c...
compiling session.c...
linking...
Program Size: Code=306030 RO-data=13630 RW-data=11500 ZI-data=14903220  
"..\FLASH_obj\uc1788.axf" - 0 Errors, 71 Warning(s).
Load "..\\FLASH_obj\\uc1788.axf" 
Set JLink Project File to "E:\ARM_Program\LPC1788_Ctrl_LPC1788\Program\GasSub_LPC1788\uc1788\project\JLinkSettings.ini"
* JLink Info: Device "LPC1788" selected (512 KB flash, 64 KB RAM).
 
JLink info:
------------
DLL: V4.68a, compiled Apr 12 2013 13:26:50
Firmware: J-Link ARM V8 compiled Nov 14 2012 22:34:52
Hardware: V8.00
Feature(s) : RDI,FlashDL,FlashBP,JFlash,GDBFULL 
 
* JLink Info: Found SWD-DP with ID 0x2BA01477
* JLink Info: TPIU fitted.
* JLink Info: ETM fitted.
* JLink Info: FPUnit: 6 code (BP) slots and 2 literal slots
* JLink Info: Found Cortex-M3 r2p0, Little endian.
ROMTableAddr = 0xE00FF003
 
Target info:
------------
Device: LPC1788
VTarget = 3.390V
State of Pins: 
TCK: 0, TDI: 1, TDO: 0, TMS: 1, TRES: 1, TRST: 1
Hardware-Breakpoints: 6
Software-Breakpoints: 8192
Watchpoints:          4
JTAG speed: 4000 kHz
 
Include "E:\\ARM_Program\\LPC1788_Ctrl_LPC1788\\Program\\GasSub_LPC1788\\uc1788\\project\\FLASH_download.ini" 
INCLUDE SST39VF1601.ini
FUNC void PinSel(int p1, int n1, int f1)
{
    _WDWORD(0x4002C000 + (p1 * 32 + n1) * 4, 0x8 | f1);
}
FUNC void InitNORFlash(void)
{
    int i;
    
    PinSel(2,16,1);
    PinSel(2,17,1);
    PinSel(2,18,1);
    PinSel(2,20,1);
    PinSel(2,24,1);
    PinSel(2,28,1);
    PinSel(2,29,1);
    PinSel(2,30,1);
    PinSel(2,31,1);
    for(i = 0; i < 32; i++)
        PinSel(3,i,1);
        
    for(i = 0; i < 21; i++)
        PinSel(4,i,1);
    PinSel(4,24,1);
    PinSel(4,25,1);
    PinSel(4,30,1);
    PinSel(4,31,1);
    
    /* PCONP |= 1 << 11 */
    _WDWORD(0x400FC0C4, 0x04288FDE);    // Power On EMC
    /* EMCCONTROL |= 1 */
    _WDWORD(0x2009C000, 0x00000001);    // Enable EMC
    /* EMCDLYCTL */
    _WDWORD(0x400FC1DC, 0x00081818);    // Config data read delay
    /* EMCCONFIG */
    _WDWORD(0x2009C008, 0x00000000);    // Little endian mode
    /* STATICCONFIG1 */
    _WDWORD(0x2009C220, 0x00000081);    // 16bit data width
                                        // Disable asynchronous page mode
                                        // Read when active bits are low
                                        // No extend wait
    /* STATICWAITWEN1 */
    _WDWORD(0x2009C224, 0x00000002);    // WaitWEn
    
    /* STATICWAITOEN1 */
    _WDWORD(0x2009C228, 0x00000002);    // WaitOEn
    /* STATICWAITRD1 */
    _WDWORD(0x2009C22C, 0x0000001F);    // WaitRd
    /* STATICWAITPAGE1 */
    _WDWORD(0x2009C230, 0x0000001F);    // WaitPage
    /* STATICWAITWR1 */
    _WDWORD(0x2009C234, 0x0000001F);    // WaitWr
    /* STATICWAITTURN1 */
    _WDWORD(0x2009C238, 0x0000000F);    // WaitTurn
    _sleep_(100);
}
InitNORFlash();                                 // Initialize memory
Erase Done.
Programming Done.
Verify OK.
