<html>
<body>
<pre>
<h1>礦ision Build Log</h1>
<h2>Project:</h2>
D:\常州\17882_3\17882\1788\uc1788\project\uc1788.uvproj
Project File Date:  08/31/2014

<h2>Output:</h2>
Build target 'FLASH'
compiling user_file.c...
..\..\User\user_file.c(64): warning:  #68-D: integer conversion resulted in a change of sign
..\..\User\user_file.c(229): warning:  #177-D: variable "f2" was declared but never referenced
..\..\User\user_file.c(291): warning:  #550-D: variable "n" was set but never used
..\..\User\user_file.c(349): warning:  #550-D: variable "n" was set but never used
..\..\User\user_file.c(383): warning:  #550-D: variable "n" was set but never used
..\..\User\user_file.c(427): warning:  #550-D: variable "n" was set but never used
..\..\User\user_file.c(475): warning:  #181-D: argument is incompatible with corresponding format string conversion
..\..\User\user_file.c(475): warning:  #181-D: argument is incompatible with corresponding format string conversion
..\..\User\user_file.c(510): warning:  #181-D: argument is incompatible with corresponding format string conversion
..\..\User\user_file.c(532): warning:  #181-D: argument is incompatible with corresponding format string conversion
..\..\User\user_file.c(532): warning:  #181-D: argument is incompatible with corresponding format string conversion
..\..\User\user_file.c(540): warning:  #181-D: argument is incompatible with corresponding format string conversion
..\..\User\user_file.c(560): warning:  #181-D: argument is incompatible with corresponding format string conversion
..\..\User\user_file.c(560): warning:  #181-D: argument is incompatible with corresponding format string conversion
..\..\User\user_file.c(594): warning:  #181-D: argument is incompatible with corresponding format string conversion
..\..\User\user_file.c(594): warning:  #181-D: argument is incompatible with corresponding format string conversion
..\..\User\user_file.c(606): warning:  #181-D: argument is incompatible with corresponding format string conversion
linking...
Program Size: Code=305506 RO-data=13630 RW-data=11500 ZI-data=14903212  
"..\FLASH_obj\uc1788.axf" - 0 Errors, 17 Warning(s).
Load "..\\FLASH_obj\\uc1788.axf" 
Set JLink Project File to "D:\常州\17882_3\17882\1788\uc1788\project\JLinkSettings.ini"
* JLink Info: Device "LPC1788" selected (512 KB flash, 64 KB RAM).
 
JLink info:
------------
DLL: V4.68a, compiled Apr 12 2013 13:26:50
Firmware: J-Link ARM V8 compiled Nov 14 2012 22:34:52
Hardware: V8.00
Feature(s) : RDI,FlashDL,FlashBP,JFlash,GDBFULL 
 
* JLink Info: Found SWD-DP with ID 0x2BA01477
* JLink Info: TPIU fitted.
* JLink Info: ETM fitted.
* JLink Info: FPUnit: 6 code (BP) slots and 2 literal slots
* JLink Info: Found Cortex-M3 r2p0, Little endian.
ROMTableAddr = 0xE00FF003
 
Target info:
------------
Device: LPC1788
VTarget = 3.364V
State of Pins: 
TCK: 0, TDI: 1, TDO: 0, TMS: 1, TRES: 1, TRST: 1
Hardware-Breakpoints: 6
Software-Breakpoints: 8192
Watchpoints:          4
JTAG speed: 4000 kHz
 
Include "D:\\常州\\17882_3\\17882\\1788\\uc1788\\project\\FLASH_download.ini" 
INCLUDE SST39VF1601.ini
FUNC void PinSel(int p1, int n1, int f1)
{
    _WDWORD(0x4002C000 + (p1 * 32 + n1) * 4, 0x8 | f1);
}
FUNC void InitNORFlash(void)
{
    int i;
    
    PinSel(2,16,1);
    PinSel(2,17,1);
    PinSel(2,18,1);
    PinSel(2,20,1);
    PinSel(2,24,1);
    PinSel(2,28,1);
    PinSel(2,29,1);
    PinSel(2,30,1);
    PinSel(2,31,1);
    for(i = 0; i < 32; i++)
        PinSel(3,i,1);
        
    for(i = 0; i < 21; i++)
        PinSel(4,i,1);
    PinSel(4,24,1);
    PinSel(4,25,1);
    PinSel(4,30,1);
    PinSel(4,31,1);
    
    /* PCONP |= 1 << 11 */
    _WDWORD(0x400FC0C4, 0x04288FDE);    // Power On EMC
    /* EMCCONTROL |= 1 */
    _WDWORD(0x2009C000, 0x00000001);    // Enable EMC
    /* EMCDLYCTL */
    _WDWORD(0x400FC1DC, 0x00081818);    // Config data read delay
    /* EMCCONFIG */
    _WDWORD(0x2009C008, 0x00000000);    // Little endian mode
    /* STATICCONFIG1 */
    _WDWORD(0x2009C220, 0x00000081);    // 16bit data width
                                        // Disable asynchronous page mode
                                        // Read when active bits are low
                                        // No extend wait
    /* STATICWAITWEN1 */
    _WDWORD(0x2009C224, 0x00000002);    // WaitWEn
    
    /* STATICWAITOEN1 */
    _WDWORD(0x2009C228, 0x00000002);    // WaitOEn
    /* STATICWAITRD1 */
    _WDWORD(0x2009C22C, 0x0000001F);    // WaitRd
    /* STATICWAITPAGE1 */
    _WDWORD(0x2009C230, 0x0000001F);    // WaitPage
    /* STATICWAITWR1 */
    _WDWORD(0x2009C234, 0x0000001F);    // WaitWr
    /* STATICWAITTURN1 */
    _WDWORD(0x2009C238, 0x0000000F);    // WaitTurn
    _sleep_(100);
}
InitNORFlash();                                 // Initialize memory
Erase Done.
Programming Done.
Verify OK.
Build target 'FLASH'
compiling Sensor_Operation.c...
..\..\Task\Sensor_Operation.c(584): warning:  #177-D: variable "i" was declared but never referenced
linking...
Program Size: Code=305526 RO-data=13630 RW-data=11500 ZI-data=14903212  
"..\FLASH_obj\uc1788.axf" - 0 Errors, 1 Warning(s).
Load "..\\FLASH_obj\\uc1788.axf" 
Set JLink Project File to "D:\常州\17882_3\17882\1788\uc1788\project\JLinkSettings.ini"
* JLink Info: Device "LPC1788" selected (512 KB flash, 64 KB RAM).
 
JLink info:
------------
DLL: V4.68a, compiled Apr 12 2013 13:26:50
Firmware: J-Link ARM V8 compiled Nov 14 2012 22:34:52
Hardware: V8.00
Feature(s) : RDI,FlashDL,FlashBP,JFlash,GDBFULL 
 
* JLink Info: Found SWD-DP with ID 0x2BA01477
* JLink Info: TPIU fitted.
* JLink Info: ETM fitted.
* JLink Info: FPUnit: 6 code (BP) slots and 2 literal slots
* JLink Info: Found Cortex-M3 r2p0, Little endian.
ROMTableAddr = 0xE00FF003
 
Target info:
------------
Device: LPC1788
VTarget = 3.371V
State of Pins: 
TCK: 0, TDI: 1, TDO: 1, TMS: 1, TRES: 1, TRST: 1
Hardware-Breakpoints: 6
Software-Breakpoints: 8192
Watchpoints:          4
JTAG speed: 4000 kHz
 
Include "D:\\常州\\17882_3\\17882\\1788\\uc1788\\project\\FLASH_download.ini" 
INCLUDE SST39VF1601.ini
FUNC void PinSel(int p1, int n1, int f1)
{
    _WDWORD(0x4002C000 + (p1 * 32 + n1) * 4, 0x8 | f1);
}
FUNC void InitNORFlash(void)
{
    int i;
    
    PinSel(2,16,1);
    PinSel(2,17,1);
    PinSel(2,18,1);
    PinSel(2,20,1);
    PinSel(2,24,1);
    PinSel(2,28,1);
    PinSel(2,29,1);
    PinSel(2,30,1);
    PinSel(2,31,1);
    for(i = 0; i < 32; i++)
        PinSel(3,i,1);
        
    for(i = 0; i < 21; i++)
        PinSel(4,i,1);
    PinSel(4,24,1);
    PinSel(4,25,1);
    PinSel(4,30,1);
    PinSel(4,31,1);
    
    /* PCONP |= 1 << 11 */
    _WDWORD(0x400FC0C4, 0x04288FDE);    // Power On EMC
    /* EMCCONTROL |= 1 */
    _WDWORD(0x2009C000, 0x00000001);    // Enable EMC
    /* EMCDLYCTL */
    _WDWORD(0x400FC1DC, 0x00081818);    // Config data read delay
    /* EMCCONFIG */
    _WDWORD(0x2009C008, 0x00000000);    // Little endian mode
    /* STATICCONFIG1 */
    _WDWORD(0x2009C220, 0x00000081);    // 16bit data width
                                        // Disable asynchronous page mode
                                        // Read when active bits are low
                                        // No extend wait
    /* STATICWAITWEN1 */
    _WDWORD(0x2009C224, 0x00000002);    // WaitWEn
    
    /* STATICWAITOEN1 */
    _WDWORD(0x2009C228, 0x00000002);    // WaitOEn
    /* STATICWAITRD1 */
    _WDWORD(0x2009C22C, 0x0000001F);    // WaitRd
    /* STATICWAITPAGE1 */
    _WDWORD(0x2009C230, 0x0000001F);    // WaitPage
    /* STATICWAITWR1 */
    _WDWORD(0x2009C234, 0x0000001F);    // WaitWr
    /* STATICWAITTURN1 */
    _WDWORD(0x2009C238, 0x0000000F);    // WaitTurn
    _sleep_(100);
}
InitNORFlash();                                 // Initialize memory
Erase Done.
Programming Done.
Verify OK.
Build target 'FLASH'
compiling Sensor_Operation.c...
..\..\Task\Sensor_Operation.c(584): warning:  #177-D: variable "i" was declared but never referenced
linking...
Program Size: Code=305526 RO-data=13630 RW-data=11500 ZI-data=14903212  
"..\FLASH_obj\uc1788.axf" - 0 Errors, 1 Warning(s).
Load "..\\FLASH_obj\\uc1788.axf" 
Set JLink Project File to "D:\常州\17882_3\17882\1788\uc1788\project\JLinkSettings.ini"
* JLink Info: Device "LPC1788" selected (512 KB flash, 64 KB RAM).
 
JLink info:
------------
DLL: V4.68a, compiled Apr 12 2013 13:26:50
Firmware: J-Link ARM V8 compiled Nov 14 2012 22:34:52
Hardware: V8.00
Feature(s) : RDI,FlashDL,FlashBP,JFlash,GDBFULL 
 
* JLink Info: Found SWD-DP with ID 0x2BA01477
* JLink Info: TPIU fitted.
* JLink Info: ETM fitted.
* JLink Info: FPUnit: 6 code (BP) slots and 2 literal slots
* JLink Info: Found Cortex-M3 r2p0, Little endian.
ROMTableAddr = 0xE00FF003
 
Target info:
------------
Device: LPC1788
VTarget = 3.371V
State of Pins: 
TCK: 0, TDI: 1, TDO: 1, TMS: 1, TRES: 1, TRST: 1
Hardware-Breakpoints: 6
Software-Breakpoints: 8192
Watchpoints:          4
JTAG speed: 4000 kHz
 
Include "D:\\常州\\17882_3\\17882\\1788\\uc1788\\project\\FLASH_download.ini" 
INCLUDE SST39VF1601.ini
FUNC void PinSel(int p1, int n1, int f1)
{
    _WDWORD(0x4002C000 + (p1 * 32 + n1) * 4, 0x8 | f1);
}
FUNC void InitNORFlash(void)
{
    int i;
    
    PinSel(2,16,1);
    PinSel(2,17,1);
    PinSel(2,18,1);
    PinSel(2,20,1);
    PinSel(2,24,1);
    PinSel(2,28,1);
    PinSel(2,29,1);
    PinSel(2,30,1);
    PinSel(2,31,1);
    for(i = 0; i < 32; i++)
        PinSel(3,i,1);
        
    for(i = 0; i < 21; i++)
        PinSel(4,i,1);
    PinSel(4,24,1);
    PinSel(4,25,1);
    PinSel(4,30,1);
    PinSel(4,31,1);
    
    /* PCONP |= 1 << 11 */
    _WDWORD(0x400FC0C4, 0x04288FDE);    // Power On EMC
    /* EMCCONTROL |= 1 */
    _WDWORD(0x2009C000, 0x00000001);    // Enable EMC
    /* EMCDLYCTL */
    _WDWORD(0x400FC1DC, 0x00081818);    // Config data read delay
    /* EMCCONFIG */
    _WDWORD(0x2009C008, 0x00000000);    // Little endian mode
    /* STATICCONFIG1 */
    _WDWORD(0x2009C220, 0x00000081);    // 16bit data width
                                        // Disable asynchronous page mode
                                        // Read when active bits are low
                                        // No extend wait
    /* STATICWAITWEN1 */
    _WDWORD(0x2009C224, 0x00000002);    // WaitWEn
    
    /* STATICWAITOEN1 */
    _WDWORD(0x2009C228, 0x00000002);    // WaitOEn
    /* STATICWAITRD1 */
    _WDWORD(0x2009C22C, 0x0000001F);    // WaitRd
    /* STATICWAITPAGE1 */
    _WDWORD(0x2009C230, 0x0000001F);    // WaitPage
    /* STATICWAITWR1 */
    _WDWORD(0x2009C234, 0x0000001F);    // WaitWr
    /* STATICWAITTURN1 */
    _WDWORD(0x2009C238, 0x0000000F);    // WaitTurn
    _sleep_(100);
}
InitNORFlash();                                 // Initialize memory
Erase Done.
Programming Done.
Verify OK.
Build target 'FLASH'
compiling user_file.c...
..\..\User\user_file.c(64): warning:  #68-D: integer conversion resulted in a change of sign
..\..\User\user_file.c(229): warning:  #177-D: variable "f2" was declared but never referenced
..\..\User\user_file.c(291): warning:  #550-D: variable "n" was set but never used
..\..\User\user_file.c(349): warning:  #550-D: variable "n" was set but never used
..\..\User\user_file.c(383): warning:  #550-D: variable "n" was set but never used
..\..\User\user_file.c(427): warning:  #550-D: variable "n" was set but never used
..\..\User\user_file.c(475): warning:  #181-D: argument is incompatible with corresponding format string conversion
..\..\User\user_file.c(475): warning:  #181-D: argument is incompatible with corresponding format string conversion
..\..\User\user_file.c(510): warning:  #181-D: argument is incompatible with corresponding format string conversion
..\..\User\user_file.c(532): warning:  #181-D: argument is incompatible with corresponding format string conversion
..\..\User\user_file.c(532): warning:  #181-D: argument is incompatible with corresponding format string conversion
..\..\User\user_file.c(540): warning:  #181-D: argument is incompatible with corresponding format string conversion
..\..\User\user_file.c(560): warning:  #181-D: argument is incompatible with corresponding format string conversion
..\..\User\user_file.c(560): warning:  #181-D: argument is incompatible with corresponding format string conversion
..\..\User\user_file.c(594): warning:  #181-D: argument is incompatible with corresponding format string conversion
..\..\User\user_file.c(594): warning:  #181-D: argument is incompatible with corresponding format string conversion
..\..\User\user_file.c(606): warning:  #181-D: argument is incompatible with corresponding format string conversion
compiling Sensor_Operation.c...
..\..\Task\Sensor_Operation.c(584): warning:  #177-D: variable "i" was declared but never referenced
linking...
Program Size: Code=305534 RO-data=13630 RW-data=11500 ZI-data=14903212  
"..\FLASH_obj\uc1788.axf" - 0 Errors, 18 Warning(s).
Build target 'FLASH'
compiling user_menu.c...
..\..\User\user_menu.c(670): warning:  #223-D: function "LISTVIEW_GetEnterInfo" declared implicitly
linking...
Program Size: Code=305546 RO-data=13630 RW-data=11500 ZI-data=14903212  
"..\FLASH_obj\uc1788.axf" - 0 Errors, 1 Warning(s).
Build target 'FLASH'
compiling com_uart.c...
compiling user_main.c...
..\..\User\user_SaveOption.h(11): warning:  #1295-D: Deprecated declaration EEPROM_ReadRati - give arg types
..\..\User\user_main.c(91): warning:  #1295-D: Deprecated declaration hvsftpd_main - give arg types
..\..\User\user_main.c(101): warning:  #177-D: variable "TaskErrorRateRS485Stk" was declared but never referenced
compiling user_menu.c...
..\..\User\user_menu.c(670): warning:  #223-D: function "LISTVIEW_GetEnterInfo" declared implicitly
compiling task_UartRcv.c...
..\..\Task\task_UartRcv.c(52): warning:  #111-D: statement is unreachable
linking...
Program Size: Code=305622 RO-data=13630 RW-data=11500 ZI-data=14903244  
"..\FLASH_obj\uc1788.axf" - 0 Errors, 5 Warning(s).
Load "..\\FLASH_obj\\uc1788.axf" 
Set JLink Project File to "D:\常州\17882_3\17882\1788\uc1788\project\JLinkSettings.ini"
* JLink Info: Device "LPC1788" selected (512 KB flash, 64 KB RAM).
 
JLink info:
------------
DLL: V4.68a, compiled Apr 12 2013 13:26:50
Firmware: J-Link ARM V8 compiled Nov 14 2012 22:34:52
Hardware: V8.00
Feature(s) : RDI,FlashDL,FlashBP,JFlash,GDBFULL 
 
* JLink Info: Found SWD-DP with ID 0x2BA01477
* JLink Info: TPIU fitted.
* JLink Info: ETM fitted.
* JLink Info: FPUnit: 6 code (BP) slots and 2 literal slots
* JLink Info: Found Cortex-M3 r2p0, Little endian.
ROMTableAddr = 0xE00FF003
 
Target info:
------------
Device: LPC1788
VTarget = 3.371V
State of Pins: 
TCK: 0, TDI: 1, TDO: 0, TMS: 1, TRES: 1, TRST: 1
Hardware-Breakpoints: 6
Software-Breakpoints: 8192
Watchpoints:          4
JTAG speed: 4000 kHz
 
Include "D:\\常州\\17882_3\\17882\\1788\\uc1788\\project\\FLASH_download.ini" 
INCLUDE SST39VF1601.ini
FUNC void PinSel(int p1, int n1, int f1)
{
    _WDWORD(0x4002C000 + (p1 * 32 + n1) * 4, 0x8 | f1);
}
FUNC void InitNORFlash(void)
{
    int i;
    
    PinSel(2,16,1);
    PinSel(2,17,1);
    PinSel(2,18,1);
    PinSel(2,20,1);
    PinSel(2,24,1);
    PinSel(2,28,1);
    PinSel(2,29,1);
    PinSel(2,30,1);
    PinSel(2,31,1);
    for(i = 0; i < 32; i++)
        PinSel(3,i,1);
        
    for(i = 0; i < 21; i++)
        PinSel(4,i,1);
    PinSel(4,24,1);
    PinSel(4,25,1);
    PinSel(4,30,1);
    PinSel(4,31,1);
    
    /* PCONP |= 1 << 11 */
    _WDWORD(0x400FC0C4, 0x04288FDE);    // Power On EMC
    /* EMCCONTROL |= 1 */
    _WDWORD(0x2009C000, 0x00000001);    // Enable EMC
    /* EMCDLYCTL */
    _WDWORD(0x400FC1DC, 0x00081818);    // Config data read delay
    /* EMCCONFIG */
    _WDWORD(0x2009C008, 0x00000000);    // Little endian mode
    /* STATICCONFIG1 */
    _WDWORD(0x2009C220, 0x00000081);    // 16bit data width
                                        // Disable asynchronous page mode
                                        // Read when active bits are low
                                        // No extend wait
    /* STATICWAITWEN1 */
    _WDWORD(0x2009C224, 0x00000002);    // WaitWEn
    
    /* STATICWAITOEN1 */
    _WDWORD(0x2009C228, 0x00000002);    // WaitOEn
    /* STATICWAITRD1 */
    _WDWORD(0x2009C22C, 0x0000001F);    // WaitRd
    /* STATICWAITPAGE1 */
    _WDWORD(0x2009C230, 0x0000001F);    // WaitPage
    /* STATICWAITWR1 */
    _WDWORD(0x2009C234, 0x0000001F);    // WaitWr
    /* STATICWAITTURN1 */
    _WDWORD(0x2009C238, 0x0000000F);    // WaitTurn
    _sleep_(100);
}
InitNORFlash();                                 // Initialize memory
Erase Done.
Programming Done.
Verify OK.
Build target 'FLASH'
compiling user_file.c...
..\..\User\user_file.c(64): warning:  #68-D: integer conversion resulted in a change of sign
..\..\User\user_file.c(229): warning:  #177-D: variable "f2" was declared but never referenced
..\..\User\user_file.c(291): warning:  #550-D: variable "n" was set but never used
..\..\User\user_file.c(349): warning:  #550-D: variable "n" was set but never used
..\..\User\user_file.c(383): warning:  #550-D: variable "n" was set but never used
..\..\User\user_file.c(427): warning:  #550-D: variable "n" was set but never used
..\..\User\user_file.c(475): warning:  #181-D: argument is incompatible with corresponding format string conversion
..\..\User\user_file.c(475): warning:  #181-D: argument is incompatible with corresponding format string conversion
..\..\User\user_file.c(510): warning:  #181-D: argument is incompatible with corresponding format string conversion
..\..\User\user_file.c(532): warning:  #181-D: argument is incompatible with corresponding format string conversion
..\..\User\user_file.c(532): warning:  #181-D: argument is incompatible with corresponding format string conversion
..\..\User\user_file.c(540): warning:  #181-D: argument is incompatible with corresponding format string conversion
..\..\User\user_file.c(560): warning:  #181-D: argument is incompatible with corresponding format string conversion
..\..\User\user_file.c(560): warning:  #181-D: argument is incompatible with corresponding format string conversion
..\..\User\user_file.c(594): warning:  #181-D: argument is incompatible with corresponding format string conversion
..\..\User\user_file.c(594): warning:  #181-D: argument is incompatible with corresponding format string conversion
..\..\User\user_file.c(606): warning:  #181-D: argument is incompatible with corresponding format string conversion
compiling EquipmentList.c...
..\..\Task\EquipmentList.c(145): warning:  #177-D: variable "phead" was declared but never referenced
..\..\Task\EquipmentList.c(175): warning:  #177-D: variable "pNext" was declared but never referenced
..\..\Task\EquipmentList.c(306): warning:  #177-D: variable "err" was declared but never referenced
..\..\Task\EquipmentList.c(307): warning:  #550-D: variable "n" was set but never used
compiling Sensor_Operation.c...
linking...
Program Size: Code=305682 RO-data=13630 RW-data=11500 ZI-data=14903244  
"..\FLASH_obj\uc1788.axf" - 0 Errors, 21 Warning(s).
Load "..\\FLASH_obj\\uc1788.axf" 
Set JLink Project File to "D:\常州\17882_3\17882\1788\uc1788\project\JLinkSettings.ini"
* JLink Info: Device "LPC1788" selected (512 KB flash, 64 KB RAM).
 
JLink info:
------------
DLL: V4.68a, compiled Apr 12 2013 13:26:50
Firmware: J-Link ARM V8 compiled Nov 14 2012 22:34:52
Hardware: V8.00
Feature(s) : RDI,FlashDL,FlashBP,JFlash,GDBFULL 
 
* JLink Info: Found SWD-DP with ID 0x2BA01477
* JLink Info: TPIU fitted.
* JLink Info: ETM fitted.
* JLink Info: FPUnit: 6 code (BP) slots and 2 literal slots
* JLink Info: Found Cortex-M3 r2p0, Little endian.
ROMTableAddr = 0xE00FF003
 
Target info:
------------
Device: LPC1788
VTarget = 3.364V
State of Pins: 
TCK: 0, TDI: 1, TDO: 0, TMS: 1, TRES: 1, TRST: 1
Hardware-Breakpoints: 6
Software-Breakpoints: 8192
Watchpoints:          4
JTAG speed: 4000 kHz
 
Include "D:\\常州\\17882_3\\17882\\1788\\uc1788\\project\\FLASH_download.ini" 
INCLUDE SST39VF1601.ini
FUNC void PinSel(int p1, int n1, int f1)
{
    _WDWORD(0x4002C000 + (p1 * 32 + n1) * 4, 0x8 | f1);
}
FUNC void InitNORFlash(void)
{
    int i;
    
    PinSel(2,16,1);
    PinSel(2,17,1);
    PinSel(2,18,1);
    PinSel(2,20,1);
    PinSel(2,24,1);
    PinSel(2,28,1);
    PinSel(2,29,1);
    PinSel(2,30,1);
    PinSel(2,31,1);
    for(i = 0; i < 32; i++)
        PinSel(3,i,1);
        
    for(i = 0; i < 21; i++)
        PinSel(4,i,1);
    PinSel(4,24,1);
    PinSel(4,25,1);
    PinSel(4,30,1);
    PinSel(4,31,1);
    
    /* PCONP |= 1 << 11 */
    _WDWORD(0x400FC0C4, 0x04288FDE);    // Power On EMC
    /* EMCCONTROL |= 1 */
    _WDWORD(0x2009C000, 0x00000001);    // Enable EMC
    /* EMCDLYCTL */
    _WDWORD(0x400FC1DC, 0x00081818);    // Config data read delay
    /* EMCCONFIG */
    _WDWORD(0x2009C008, 0x00000000);    // Little endian mode
    /* STATICCONFIG1 */
    _WDWORD(0x2009C220, 0x00000081);    // 16bit data width
                                        // Disable asynchronous page mode
                                        // Read when active bits are low
                                        // No extend wait
    /* STATICWAITWEN1 */
    _WDWORD(0x2009C224, 0x00000002);    // WaitWEn
    
    /* STATICWAITOEN1 */
    _WDWORD(0x2009C228, 0x00000002);    // WaitOEn
    /* STATICWAITRD1 */
    _WDWORD(0x2009C22C, 0x0000001F);    // WaitRd
    /* STATICWAITPAGE1 */
    _WDWORD(0x2009C230, 0x0000001F);    // WaitPage
    /* STATICWAITWR1 */
    _WDWORD(0x2009C234, 0x0000001F);    // WaitWr
    /* STATICWAITTURN1 */
    _WDWORD(0x2009C238, 0x0000000F);    // WaitTurn
    _sleep_(100);
}
InitNORFlash();                                 // Initialize memory
Erase Done.
Programming Done.
Verify OK.
Build target 'FLASH'
compiling task_UartRcv.c...
..\..\Task\task_UartRcv.c(52): warning:  #111-D: statement is unreachable
linking...
Program Size: Code=305686 RO-data=13630 RW-data=11500 ZI-data=14903244  
"..\FLASH_obj\uc1788.axf" - 0 Errors, 1 Warning(s).
Load "..\\FLASH_obj\\uc1788.axf" 
Set JLink Project File to "D:\常州\17882_3\17882\1788\uc1788\project\JLinkSettings.ini"
* JLink Info: Device "LPC1788" selected (512 KB flash, 64 KB RAM).
 
JLink info:
------------
DLL: V4.68a, compiled Apr 12 2013 13:26:50
Firmware: J-Link ARM V8 compiled Nov 14 2012 22:34:52
Hardware: V8.00
Feature(s) : RDI,FlashDL,FlashBP,JFlash,GDBFULL 
 
* JLink Info: Found SWD-DP with ID 0x2BA01477
* JLink Info: TPIU fitted.
* JLink Info: ETM fitted.
* JLink Info: FPUnit: 6 code (BP) slots and 2 literal slots
* JLink Info: Found Cortex-M3 r2p0, Little endian.
ROMTableAddr = 0xE00FF003
 
Target info:
------------
Device: LPC1788
VTarget = 3.371V
State of Pins: 
TCK: 0, TDI: 1, TDO: 0, TMS: 1, TRES: 1, TRST: 1
Hardware-Breakpoints: 6
Software-Breakpoints: 8192
Watchpoints:          4
JTAG speed: 4000 kHz
 
Include "D:\\常州\\17882_3\\17882\\1788\\uc1788\\project\\FLASH_download.ini" 
INCLUDE SST39VF1601.ini
FUNC void PinSel(int p1, int n1, int f1)
{
    _WDWORD(0x4002C000 + (p1 * 32 + n1) * 4, 0x8 | f1);
}
FUNC void InitNORFlash(void)
{
    int i;
    
    PinSel(2,16,1);
    PinSel(2,17,1);
    PinSel(2,18,1);
    PinSel(2,20,1);
    PinSel(2,24,1);
    PinSel(2,28,1);
    PinSel(2,29,1);
    PinSel(2,30,1);
    PinSel(2,31,1);
    for(i = 0; i < 32; i++)
        PinSel(3,i,1);
        
    for(i = 0; i < 21; i++)
        PinSel(4,i,1);
    PinSel(4,24,1);
    PinSel(4,25,1);
    PinSel(4,30,1);
    PinSel(4,31,1);
    
    /* PCONP |= 1 << 11 */
    _WDWORD(0x400FC0C4, 0x04288FDE);    // Power On EMC
    /* EMCCONTROL |= 1 */
    _WDWORD(0x2009C000, 0x00000001);    // Enable EMC
    /* EMCDLYCTL */
    _WDWORD(0x400FC1DC, 0x00081818);    // Config data read delay
    /* EMCCONFIG */
    _WDWORD(0x2009C008, 0x00000000);    // Little endian mode
    /* STATICCONFIG1 */
    _WDWORD(0x2009C220, 0x00000081);    // 16bit data width
                                        // Disable asynchronous page mode
                                        // Read when active bits are low
                                        // No extend wait
    /* STATICWAITWEN1 */
    _WDWORD(0x2009C224, 0x00000002);    // WaitWEn
    
    /* STATICWAITOEN1 */
    _WDWORD(0x2009C228, 0x00000002);    // WaitOEn
    /* STATICWAITRD1 */
    _WDWORD(0x2009C22C, 0x0000001F);    // WaitRd
    /* STATICWAITPAGE1 */
    _WDWORD(0x2009C230, 0x0000001F);    // WaitPage
    /* STATICWAITWR1 */
    _WDWORD(0x2009C234, 0x0000001F);    // WaitWr
    /* STATICWAITTURN1 */
    _WDWORD(0x2009C238, 0x0000000F);    // WaitTurn
    _sleep_(100);
}
InitNORFlash();                                 // Initialize memory
Erase Done.
Programming Done.
Verify OK.
Build target 'FLASH'
compiling user_menu.c...
..\..\User\user_menu.c(672): warning:  #223-D: function "LISTVIEW_GetEnterInfo" declared implicitly
compiling Sensor_Operation.c...
linking...
Program Size: Code=305850 RO-data=13630 RW-data=11500 ZI-data=14903244  
"..\FLASH_obj\uc1788.axf" - 0 Errors, 1 Warning(s).
Load "..\\FLASH_obj\\uc1788.axf" 
Set JLink Project File to "D:\常州\17882_3\17882\1788\uc1788\project\JLinkSettings.ini"
* JLink Info: Device "LPC1788" selected (512 KB flash, 64 KB RAM).
 
JLink info:
------------
DLL: V4.68a, compiled Apr 12 2013 13:26:50
Firmware: J-Link ARM V8 compiled Nov 14 2012 22:34:52
Hardware: V8.00
Feature(s) : RDI,FlashDL,FlashBP,JFlash,GDBFULL 
 
* JLink Info: Found SWD-DP with ID 0x2BA01477
* JLink Info: TPIU fitted.
* JLink Info: ETM fitted.
* JLink Info: FPUnit: 6 code (BP) slots and 2 literal slots
* JLink Info: Found Cortex-M3 r2p0, Little endian.
ROMTableAddr = 0xE00FF003
 
Target info:
------------
Device: LPC1788
VTarget = 3.371V
State of Pins: 
TCK: 0, TDI: 1, TDO: 1, TMS: 1, TRES: 1, TRST: 1
Hardware-Breakpoints: 6
Software-Breakpoints: 8192
Watchpoints:          4
JTAG speed: 4000 kHz
 
Include "D:\\常州\\17882_3\\17882\\1788\\uc1788\\project\\FLASH_download.ini" 
INCLUDE SST39VF1601.ini
FUNC void PinSel(int p1, int n1, int f1)
{
    _WDWORD(0x4002C000 + (p1 * 32 + n1) * 4, 0x8 | f1);
}
FUNC void InitNORFlash(void)
{
    int i;
    
    PinSel(2,16,1);
    PinSel(2,17,1);
    PinSel(2,18,1);
    PinSel(2,20,1);
    PinSel(2,24,1);
    PinSel(2,28,1);
    PinSel(2,29,1);
    PinSel(2,30,1);
    PinSel(2,31,1);
    for(i = 0; i < 32; i++)
        PinSel(3,i,1);
        
    for(i = 0; i < 21; i++)
        PinSel(4,i,1);
    PinSel(4,24,1);
    PinSel(4,25,1);
    PinSel(4,30,1);
    PinSel(4,31,1);
    
    /* PCONP |= 1 << 11 */
    _WDWORD(0x400FC0C4, 0x04288FDE);    // Power On EMC
    /* EMCCONTROL |= 1 */
    _WDWORD(0x2009C000, 0x00000001);    // Enable EMC
    /* EMCDLYCTL */
    _WDWORD(0x400FC1DC, 0x00081818);    // Config data read delay
    /* EMCCONFIG */
    _WDWORD(0x2009C008, 0x00000000);    // Little endian mode
    /* STATICCONFIG1 */
    _WDWORD(0x2009C220, 0x00000081);    // 16bit data width
                                        // Disable asynchronous page mode
                                        // Read when active bits are low
                                        // No extend wait
    /* STATICWAITWEN1 */
    _WDWORD(0x2009C224, 0x00000002);    // WaitWEn
    
    /* STATICWAITOEN1 */
    _WDWORD(0x2009C228, 0x00000002);    // WaitOEn
    /* STATICWAITRD1 */
    _WDWORD(0x2009C22C, 0x0000001F);    // WaitRd
    /* STATICWAITPAGE1 */
    _WDWORD(0x2009C230, 0x0000001F);    // WaitPage
    /* STATICWAITWR1 */
    _WDWORD(0x2009C234, 0x0000001F);    // WaitWr
    /* STATICWAITTURN1 */
    _WDWORD(0x2009C238, 0x0000000F);    // WaitTurn
    _sleep_(100);
}
InitNORFlash();                                 // Initialize memory
Erase Done.
Programming Done.
Verify OK.
Build target 'FLASH'
compiling task_UartRcv.c...
..\..\Task\task_UartRcv.c(53): warning:  #111-D: statement is unreachable
linking...
Program Size: Code=305882 RO-data=13630 RW-data=11500 ZI-data=14903244  
"..\FLASH_obj\uc1788.axf" - 0 Errors, 1 Warning(s).
Load "..\\FLASH_obj\\uc1788.axf" 
Set JLink Project File to "D:\常州\17882_3\17882\1788\uc1788\project\JLinkSettings.ini"
* JLink Info: Device "LPC1788" selected (512 KB flash, 64 KB RAM).
 
JLink info:
------------
DLL: V4.68a, compiled Apr 12 2013 13:26:50
Firmware: J-Link ARM V8 compiled Nov 14 2012 22:34:52
Hardware: V8.00
Feature(s) : RDI,FlashDL,FlashBP,JFlash,GDBFULL 
 
* JLink Info: Found SWD-DP with ID 0x2BA01477
* JLink Info: TPIU fitted.
* JLink Info: ETM fitted.
* JLink Info: FPUnit: 6 code (BP) slots and 2 literal slots
* JLink Info: Found Cortex-M3 r2p0, Little endian.
ROMTableAddr = 0xE00FF003
 
Target info:
------------
Device: LPC1788
VTarget = 3.371V
State of Pins: 
TCK: 0, TDI: 1, TDO: 1, TMS: 1, TRES: 1, TRST: 1
Hardware-Breakpoints: 6
Software-Breakpoints: 8192
Watchpoints:          4
JTAG speed: 4000 kHz
 
Include "D:\\常州\\17882_3\\17882\\1788\\uc1788\\project\\FLASH_download.ini" 
INCLUDE SST39VF1601.ini
FUNC void PinSel(int p1, int n1, int f1)
{
    _WDWORD(0x4002C000 + (p1 * 32 + n1) * 4, 0x8 | f1);
}
FUNC void InitNORFlash(void)
{
    int i;
    
    PinSel(2,16,1);
    PinSel(2,17,1);
    PinSel(2,18,1);
    PinSel(2,20,1);
    PinSel(2,24,1);
    PinSel(2,28,1);
    PinSel(2,29,1);
    PinSel(2,30,1);
    PinSel(2,31,1);
    for(i = 0; i < 32; i++)
        PinSel(3,i,1);
        
    for(i = 0; i < 21; i++)
        PinSel(4,i,1);
    PinSel(4,24,1);
    PinSel(4,25,1);
    PinSel(4,30,1);
    PinSel(4,31,1);
    
    /* PCONP |= 1 << 11 */
    _WDWORD(0x400FC0C4, 0x04288FDE);    // Power On EMC
    /* EMCCONTROL |= 1 */
    _WDWORD(0x2009C000, 0x00000001);    // Enable EMC
    /* EMCDLYCTL */
    _WDWORD(0x400FC1DC, 0x00081818);    // Config data read delay
    /* EMCCONFIG */
    _WDWORD(0x2009C008, 0x00000000);    // Little endian mode
    /* STATICCONFIG1 */
    _WDWORD(0x2009C220, 0x00000081);    // 16bit data width
                                        // Disable asynchronous page mode
                                        // Read when active bits are low
                                        // No extend wait
    /* STATICWAITWEN1 */
    _WDWORD(0x2009C224, 0x00000002);    // WaitWEn
    
    /* STATICWAITOEN1 */
    _WDWORD(0x2009C228, 0x00000002);    // WaitOEn
    /* STATICWAITRD1 */
    _WDWORD(0x2009C22C, 0x0000001F);    // WaitRd
    /* STATICWAITPAGE1 */
    _WDWORD(0x2009C230, 0x0000001F);    // WaitPage
    /* STATICWAITWR1 */
    _WDWORD(0x2009C234, 0x0000001F);    // WaitWr
    /* STATICWAITTURN1 */
    _WDWORD(0x2009C238, 0x0000000F);    // WaitTurn
    _sleep_(100);
}
InitNORFlash();                                 // Initialize memory
Erase Done.
Programming Done.
Verify OK.
Build target 'FLASH'
compiling user_main.c...
..\..\User\user_SaveOption.h(11): warning:  #1295-D: Deprecated declaration EEPROM_ReadRati - give arg types
..\..\User\user_main.c(88): warning:  #1295-D: Deprecated declaration hvsftpd_main - give arg types
..\..\User\user_main.c(224): error:  #20: identifier "UartSendQueueHead" is undefined
..\..\User\user_main.c(224): error:  #20: identifier "UartSendMsg" is undefined
..\..\User\user_main.c(98): warning:  #177-D: variable "TaskErrorRateRS485Stk" was declared but never referenced
"..\FLASH_obj\uc1788.axf" - 2 Errors, 3 Warning(s).
Target not created
Build target 'FLASH'
compiling user_main.c...
..\..\User\user_SaveOption.h(11): warning:  #1295-D: Deprecated declaration EEPROM_ReadRati - give arg types
..\..\User\user_main.c(88): warning:  #1295-D: Deprecated declaration hvsftpd_main - give arg types
..\..\User\user_main.c(98): warning:  #177-D: variable "TaskErrorRateRS485Stk" was declared but never referenced
linking...
..\FLASH_obj\uc1788.axf: Error: L6218E: Undefined symbol UartSendQueueHead (referred from user_menu.o).
"..\FLASH_obj\uc1788.axf" - 1 Errors, 3 Warning(s).
Target not created
Build target 'FLASH'
compiling user_menu.c...
..\..\User\user_menu.c(605): error:  #20: identifier "UartSendQueueHead" is undefined
..\..\User\user_menu.c(672): warning:  #223-D: function "LISTVIEW_GetEnterInfo" declared implicitly
compiling task_UartRcv.c...
..\..\Task\task_UartRcv.c(48): warning:  #111-D: statement is unreachable
"..\FLASH_obj\uc1788.axf" - 1 Errors, 2 Warning(s).
Target not created
Build target 'FLASH'
compiling user_main.c...
..\..\User\user_SaveOption.h(11): warning:  #1295-D: Deprecated declaration EEPROM_ReadRati - give arg types
..\..\User\user_main.c(88): warning:  #1295-D: Deprecated declaration hvsftpd_main - give arg types
..\..\User\user_main.c(98): warning:  #177-D: variable "TaskErrorRateRS485Stk" was declared but never referenced
compiling user_menu.c...
..\..\User\user_menu.c(674): warning:  #223-D: function "LISTVIEW_GetEnterInfo" declared implicitly
compiling task_UartRcv.c...
..\..\Task\task_UartRcv.c(49): warning:  #111-D: statement is unreachable
linking...
Program Size: Code=305878 RO-data=13630 RW-data=11500 ZI-data=14903212  
"..\FLASH_obj\uc1788.axf" - 0 Errors, 5 Warning(s).
Load "..\\FLASH_obj\\uc1788.axf" 
Set JLink Project File to "D:\常州\17882_3\17882\1788\uc1788\project\JLinkSettings.ini"
* JLink Info: Device "LPC1788" selected (512 KB flash, 64 KB RAM).
 
JLink info:
------------
DLL: V4.68a, compiled Apr 12 2013 13:26:50
Firmware: J-Link ARM V8 compiled Nov 14 2012 22:34:52
Hardware: V8.00
Feature(s) : RDI,FlashDL,FlashBP,JFlash,GDBFULL 
 
* JLink Info: Found SWD-DP with ID 0x2BA01477
* JLink Info: TPIU fitted.
* JLink Info: ETM fitted.
* JLink Info: FPUnit: 6 code (BP) slots and 2 literal slots
* JLink Info: Found Cortex-M3 r2p0, Little endian.
ROMTableAddr = 0xE00FF003
 
Target info:
------------
Device: LPC1788
VTarget = 3.371V
State of Pins: 
TCK: 0, TDI: 1, TDO: 1, TMS: 1, TRES: 1, TRST: 1
Hardware-Breakpoints: 6
Software-Breakpoints: 8192
Watchpoints:          4
JTAG speed: 4000 kHz
 
Include "D:\\常州\\17882_3\\17882\\1788\\uc1788\\project\\FLASH_download.ini" 
INCLUDE SST39VF1601.ini
FUNC void PinSel(int p1, int n1, int f1)
{
    _WDWORD(0x4002C000 + (p1 * 32 + n1) * 4, 0x8 | f1);
}
FUNC void InitNORFlash(void)
{
    int i;
    
    PinSel(2,16,1);
    PinSel(2,17,1);
    PinSel(2,18,1);
    PinSel(2,20,1);
    PinSel(2,24,1);
    PinSel(2,28,1);
    PinSel(2,29,1);
    PinSel(2,30,1);
    PinSel(2,31,1);
    for(i = 0; i < 32; i++)
        PinSel(3,i,1);
        
    for(i = 0; i < 21; i++)
        PinSel(4,i,1);
    PinSel(4,24,1);
    PinSel(4,25,1);
    PinSel(4,30,1);
    PinSel(4,31,1);
    
    /* PCONP |= 1 << 11 */
    _WDWORD(0x400FC0C4, 0x04288FDE);    // Power On EMC
    /* EMCCONTROL |= 1 */
    _WDWORD(0x2009C000, 0x00000001);    // Enable EMC
    /* EMCDLYCTL */
    _WDWORD(0x400FC1DC, 0x00081818);    // Config data read delay
    /* EMCCONFIG */
    _WDWORD(0x2009C008, 0x00000000);    // Little endian mode
    /* STATICCONFIG1 */
    _WDWORD(0x2009C220, 0x00000081);    // 16bit data width
                                        // Disable asynchronous page mode
                                        // Read when active bits are low
                                        // No extend wait
    /* STATICWAITWEN1 */
    _WDWORD(0x2009C224, 0x00000002);    // WaitWEn
    
    /* STATICWAITOEN1 */
    _WDWORD(0x2009C228, 0x00000002);    // WaitOEn
    /* STATICWAITRD1 */
    _WDWORD(0x2009C22C, 0x0000001F);    // WaitRd
    /* STATICWAITPAGE1 */
    _WDWORD(0x2009C230, 0x0000001F);    // WaitPage
    /* STATICWAITWR1 */
    _WDWORD(0x2009C234, 0x0000001F);    // WaitWr
    /* STATICWAITTURN1 */
    _WDWORD(0x2009C238, 0x0000000F);    // WaitTurn
    _sleep_(100);
}
InitNORFlash();                                 // Initialize memory
Erase Done.
Programming Done.
Verify OK.
Build target 'FLASH'
compiling user_BrowsTestpoint.c...
..\..\Task\EquipmentList.h(44): warning:  #65-D: expected a ";"
..\..\User\user_BrowsTestpoint.c(130): warning:  #181-D: argument is incompatible with corresponding format string conversion
..\..\User\user_BrowsTestpoint.c(239): warning:  #181-D: argument is incompatible with corresponding format string conversion
compiling user_menu.c...
..\..\Task\EquipmentList.h(44): warning:  #65-D: expected a ";"
..\..\User\user_menu.c(678): warning:  #223-D: function "LISTVIEW_GetEnterInfo" declared implicitly
compiling user_file.c...
..\..\Task\EquipmentList.h(44): warning:  #65-D: expected a ";"
..\..\User\user_file.c(64): warning:  #68-D: integer conversion resulted in a change of sign
..\..\User\user_file.c(229): warning:  #177-D: variable "f2" was declared but never referenced
..\..\User\user_file.c(291): warning:  #550-D: variable "n" was set but never used
..\..\User\user_file.c(349): warning:  #550-D: variable "n" was set but never used
..\..\User\user_file.c(383): warning:  #550-D: variable "n" was set but never used
..\..\User\user_file.c(427): warning:  #550-D: variable "n" was set but never used
..\..\User\user_file.c(475): warning:  #181-D: argument is incompatible with corresponding format string conversion
..\..\User\user_file.c(475): warning:  #181-D: argument is incompatible with corresponding format string conversion
..\..\User\user_file.c(510): warning:  #181-D: argument is incompatible with corresponding format string conversion
..\..\User\user_file.c(532): warning:  #181-D: argument is incompatible with corresponding format string conversion
..\..\User\user_file.c(532): warning:  #181-D: argument is incompatible with corresponding format string conversion
..\..\User\user_file.c(540): warning:  #181-D: argument is incompatible with corresponding format string conversion
..\..\User\user_file.c(560): warning:  #181-D: argument is incompatible with corresponding format string conversion
..\..\User\user_file.c(560): warning:  #181-D: argument is incompatible with corresponding format string conversion
..\..\User\user_file.c(594): warning:  #181-D: argument is incompatible with corresponding format string conversion
..\..\User\user_file.c(594): warning:  #181-D: argument is incompatible with corresponding format string conversion
..\..\User\user_file.c(606): warning:  #181-D: argument is incompatible with corresponding format string conversion
compiling EquipmentList.c...
..\..\Task\EquipmentList.h(44): warning:  #65-D: expected a ";"
..\..\Task\EquipmentList.c(164): warning:  #177-D: variable "phead" was declared but never referenced
..\..\Task\EquipmentList.c(194): warning:  #177-D: variable "pNext" was declared but never referenced
..\..\Task\EquipmentList.c(325): warning:  #177-D: variable "err" was declared but never referenced
..\..\Task\EquipmentList.c(326): warning:  #550-D: variable "n" was set but never used
compiling Sensor_Operation.c...
..\..\Task\EquipmentList.h(44): warning:  #65-D: expected a ";"
linking...
Program Size: Code=305966 RO-data=13630 RW-data=11500 ZI-data=14903220  
"..\FLASH_obj\uc1788.axf" - 0 Errors, 29 Warning(s).
Build target 'FLASH'
compiling user_BrowsTestpoint.c...
..\..\User\user_BrowsTestpoint.c(130): warning:  #181-D: argument is incompatible with corresponding format string conversion
..\..\User\user_BrowsTestpoint.c(239): warning:  #181-D: argument is incompatible with corresponding format string conversion
compiling user_menu.c...
..\..\User\user_menu.c(678): warning:  #223-D: function "LISTVIEW_GetEnterInfo" declared implicitly
compiling user_file.c...
..\..\User\user_file.c(64): warning:  #68-D: integer conversion resulted in a change of sign
..\..\User\user_file.c(229): warning:  #177-D: variable "f2" was declared but never referenced
..\..\User\user_file.c(291): warning:  #550-D: variable "n" was set but never used
..\..\User\user_file.c(349): warning:  #550-D: variable "n" was set but never used
..\..\User\user_file.c(383): warning:  #550-D: variable "n" was set but never used
..\..\User\user_file.c(427): warning:  #550-D: variable "n" was set but never used
..\..\User\user_file.c(475): warning:  #181-D: argument is incompatible with corresponding format string conversion
..\..\User\user_file.c(475): warning:  #181-D: argument is incompatible with corresponding format string conversion
..\..\User\user_file.c(510): warning:  #181-D: argument is incompatible with corresponding format string conversion
..\..\User\user_file.c(532): warning:  #181-D: argument is incompatible with corresponding format string conversion
..\..\User\user_file.c(532): warning:  #181-D: argument is incompatible with corresponding format string conversion
..\..\User\user_file.c(540): warning:  #181-D: argument is incompatible with corresponding format string conversion
..\..\User\user_file.c(560): warning:  #181-D: argument is incompatible with corresponding format string conversion
..\..\User\user_file.c(560): warning:  #181-D: argument is incompatible with corresponding format string conversion
..\..\User\user_file.c(594): warning:  #181-D: argument is incompatible with corresponding format string conversion
..\..\User\user_file.c(594): warning:  #181-D: argument is incompatible with corresponding format string conversion
..\..\User\user_file.c(606): warning:  #181-D: argument is incompatible with corresponding format string conversion
compiling EquipmentList.c...
..\..\Task\EquipmentList.c(164): warning:  #177-D: variable "phead" was declared but never referenced
..\..\Task\EquipmentList.c(194): warning:  #177-D: variable "pNext" was declared but never referenced
..\..\Task\EquipmentList.c(325): warning:  #177-D: variable "err" was declared but never referenced
..\..\Task\EquipmentList.c(326): warning:  #550-D: variable "n" was set but never used
compiling Sensor_Operation.c...
linking...
Program Size: Code=305966 RO-data=13630 RW-data=11500 ZI-data=14903220  
"..\FLASH_obj\uc1788.axf" - 0 Errors, 24 Warning(s).
Load "..\\FLASH_obj\\uc1788.axf" 
Set JLink Project File to "D:\常州\17882_3\17882\1788\uc1788\project\JLinkSettings.ini"
* JLink Info: Device "LPC1788" selected (512 KB flash, 64 KB RAM).
 
JLink info:
------------
DLL: V4.68a, compiled Apr 12 2013 13:26:50
Firmware: J-Link ARM V8 compiled Nov 14 2012 22:34:52
Hardware: V8.00
Feature(s) : RDI,FlashDL,FlashBP,JFlash,GDBFULL 
 
* JLink Info: Found SWD-DP with ID 0x2BA01477
* JLink Info: TPIU fitted.
* JLink Info: ETM fitted.
* JLink Info: FPUnit: 6 code (BP) slots and 2 literal slots
* JLink Info: Found Cortex-M3 r2p0, Little endian.
ROMTableAddr = 0xE00FF003
 
Target info:
------------
Device: LPC1788
VTarget = 3.371V
State of Pins: 
TCK: 0, TDI: 1, TDO: 1, TMS: 1, TRES: 1, TRST: 1
Hardware-Breakpoints: 6
Software-Breakpoints: 8192
Watchpoints:          4
JTAG speed: 4000 kHz
 
Include "D:\\常州\\17882_3\\17882\\1788\\uc1788\\project\\FLASH_download.ini" 
INCLUDE SST39VF1601.ini
FUNC void PinSel(int p1, int n1, int f1)
{
    _WDWORD(0x4002C000 + (p1 * 32 + n1) * 4, 0x8 | f1);
}
FUNC void InitNORFlash(void)
{
    int i;
    
    PinSel(2,16,1);
    PinSel(2,17,1);
    PinSel(2,18,1);
    PinSel(2,20,1);
    PinSel(2,24,1);
    PinSel(2,28,1);
    PinSel(2,29,1);
    PinSel(2,30,1);
    PinSel(2,31,1);
    for(i = 0; i < 32; i++)
        PinSel(3,i,1);
        
    for(i = 0; i < 21; i++)
        PinSel(4,i,1);
    PinSel(4,24,1);
    PinSel(4,25,1);
    PinSel(4,30,1);
    PinSel(4,31,1);
    
    /* PCONP |= 1 << 11 */
    _WDWORD(0x400FC0C4, 0x04288FDE);    // Power On EMC
    /* EMCCONTROL |= 1 */
    _WDWORD(0x2009C000, 0x00000001);    // Enable EMC
    /* EMCDLYCTL */
    _WDWORD(0x400FC1DC, 0x00081818);    // Config data read delay
    /* EMCCONFIG */
    _WDWORD(0x2009C008, 0x00000000);    // Little endian mode
    /* STATICCONFIG1 */
    _WDWORD(0x2009C220, 0x00000081);    // 16bit data width
                                        // Disable asynchronous page mode
                                        // Read when active bits are low
                                        // No extend wait
    /* STATICWAITWEN1 */
    _WDWORD(0x2009C224, 0x00000002);    // WaitWEn
    
    /* STATICWAITOEN1 */
    _WDWORD(0x2009C228, 0x00000002);    // WaitOEn
    /* STATICWAITRD1 */
    _WDWORD(0x2009C22C, 0x0000001F);    // WaitRd
    /* STATICWAITPAGE1 */
    _WDWORD(0x2009C230, 0x0000001F);    // WaitPage
    /* STATICWAITWR1 */
    _WDWORD(0x2009C234, 0x0000001F);    // WaitWr
    /* STATICWAITTURN1 */
    _WDWORD(0x2009C238, 0x0000000F);    // WaitTurn
    _sleep_(100);
}
InitNORFlash();                                 // Initialize memory
Erase Done.
Programming Done.
Verify OK.
Build target 'FLASH'
compiling user_menu.c...
..\..\User\user_menu.c(679): warning:  #223-D: function "LISTVIEW_GetEnterInfo" declared implicitly
linking...
Program Size: Code=306010 RO-data=13630 RW-data=11500 ZI-data=14903220  
"..\FLASH_obj\uc1788.axf" - 0 Errors, 1 Warning(s).
Load "..\\FLASH_obj\\uc1788.axf" 
Set JLink Project File to "D:\常州\17882_3\17882\1788\uc1788\project\JLinkSettings.ini"
* JLink Info: Device "LPC1788" selected (512 KB flash, 64 KB RAM).
 
JLink info:
------------
DLL: V4.68a, compiled Apr 12 2013 13:26:50
Firmware: J-Link ARM V8 compiled Nov 14 2012 22:34:52
Hardware: V8.00
Feature(s) : RDI,FlashDL,FlashBP,JFlash,GDBFULL 
 
* JLink Info: Found SWD-DP with ID 0x2BA01477
* JLink Info: TPIU fitted.
* JLink Info: ETM fitted.
* JLink Info: FPUnit: 6 code (BP) slots and 2 literal slots
* JLink Info: Found Cortex-M3 r2p0, Little endian.
ROMTableAddr = 0xE00FF003
 
Target info:
------------
Device: LPC1788
VTarget = 3.371V
State of Pins: 
TCK: 0, TDI: 1, TDO: 1, TMS: 1, TRES: 1, TRST: 1
Hardware-Breakpoints: 6
Software-Breakpoints: 8192
Watchpoints:          4
JTAG speed: 4000 kHz
 
Include "D:\\常州\\17882_3\\17882\\1788\\uc1788\\project\\FLASH_download.ini" 
INCLUDE SST39VF1601.ini
FUNC void PinSel(int p1, int n1, int f1)
{
    _WDWORD(0x4002C000 + (p1 * 32 + n1) * 4, 0x8 | f1);
}
FUNC void InitNORFlash(void)
{
    int i;
    
    PinSel(2,16,1);
    PinSel(2,17,1);
    PinSel(2,18,1);
    PinSel(2,20,1);
    PinSel(2,24,1);
    PinSel(2,28,1);
    PinSel(2,29,1);
    PinSel(2,30,1);
    PinSel(2,31,1);
    for(i = 0; i < 32; i++)
        PinSel(3,i,1);
        
    for(i = 0; i < 21; i++)
        PinSel(4,i,1);
    PinSel(4,24,1);
    PinSel(4,25,1);
    PinSel(4,30,1);
    PinSel(4,31,1);
    
    /* PCONP |= 1 << 11 */
    _WDWORD(0x400FC0C4, 0x04288FDE);    // Power On EMC
    /* EMCCONTROL |= 1 */
    _WDWORD(0x2009C000, 0x00000001);    // Enable EMC
    /* EMCDLYCTL */
    _WDWORD(0x400FC1DC, 0x00081818);    // Config data read delay
    /* EMCCONFIG */
    _WDWORD(0x2009C008, 0x00000000);    // Little endian mode
    /* STATICCONFIG1 */
    _WDWORD(0x2009C220, 0x00000081);    // 16bit data width
                                        // Disable asynchronous page mode
                                        // Read when active bits are low
                                        // No extend wait
    /* STATICWAITWEN1 */
    _WDWORD(0x2009C224, 0x00000002);    // WaitWEn
    
    /* STATICWAITOEN1 */
    _WDWORD(0x2009C228, 0x00000002);    // WaitOEn
    /* STATICWAITRD1 */
    _WDWORD(0x2009C22C, 0x0000001F);    // WaitRd
    /* STATICWAITPAGE1 */
    _WDWORD(0x2009C230, 0x0000001F);    // WaitPage
    /* STATICWAITWR1 */
    _WDWORD(0x2009C234, 0x0000001F);    // WaitWr
    /* STATICWAITTURN1 */
    _WDWORD(0x2009C238, 0x0000000F);    // WaitTurn
    _sleep_(100);
}
InitNORFlash();                                 // Initialize memory
Erase Done.
Programming Done.
Verify OK.
