ARM Linker, 5.03 [Build 76] [MDK-ARM Standard]

==============================================================================

Section Cross References

    startup_lpc177x_8x.o(STACK) refers (Special) to heapauxi.o(.text) for __use_two_region_memory
    startup_lpc177x_8x.o(HEAP) refers (Special) to heapauxi.o(.text) for __use_two_region_memory
    startup_lpc177x_8x.o(RESET) refers (Special) to heapauxi.o(.text) for __use_two_region_memory
    startup_lpc177x_8x.o(RESET) refers to startup_lpc177x_8x.o(STACK) for __initial_sp
    startup_lpc177x_8x.o(RESET) refers to startup_lpc177x_8x.o(.text) for Reset_Handler
    startup_lpc177x_8x.o(RESET) refers to os_cpu_a.o(.text) for OS_CPU_PendSVHandler
    startup_lpc177x_8x.o(RESET) refers to os_cpu_c.o(.text) for OS_CPU_SysTickHandler
    startup_lpc177x_8x.o(RESET) refers to user_key.o(.text) for TIMER0_IRQHandler
    startup_lpc177x_8x.o(RESET) refers to com_uart.o(.text) for UART0_IRQHandler
    startup_lpc177x_8x.o(RESET) refers to lpc177x_8x_emac.o(.text) for ENET_IRQHandler
    startup_lpc177x_8x.o(.ARM.__at_0x02FC) refers (Special) to heapauxi.o(.text) for __use_two_region_memory
    startup_lpc177x_8x.o(.text) refers (Special) to heapauxi.o(.text) for __use_two_region_memory
    startup_lpc177x_8x.o(.text) refers to system_lpc177x_8x.o(.text) for SystemInit
    startup_lpc177x_8x.o(.text) refers to __main.o(!!!main) for __main
    startup_lpc177x_8x.o(.text) refers to startup_lpc177x_8x.o(HEAP) for Heap_Mem
    startup_lpc177x_8x.o(.text) refers to startup_lpc177x_8x.o(STACK) for Stack_Mem
    system_lpc177x_8x.o(.text) refers to gpioconfig.o(.text) for GPIOIni
    system_lpc177x_8x.o(.text) refers to system_lpc177x_8x.o(STARTUP_DATA) for SystemCoreClock
    lpc177x_8x_clkpwr.o(.text) refers to system_lpc177x_8x.o(.text) for SystemCoreClockUpdate
    lpc177x_8x_clkpwr.o(.text) refers to system_lpc177x_8x.o(STARTUP_DATA) for SystemCoreClock
    lpc177x_8x_emc.o(.text) refers to lpc177x_8x_clkpwr.o(.text) for CLKPWR_GetCLK
    lpc177x_8x_emc.o(.text) refers to lludivv7m.o(.text) for __aeabi_uldivmod
    lpc177x_8x_emc.o(.text) refers to lpc177x_8x_pinsel.o(.text) for PINSEL_ConfigPin
    lpc177x_8x_emc.o(.text) refers to lpc177x_8x_gpio.o(.text) for GPIO_SetDir
    lpc177x_8x_gpio.o(.text) refers to lpc177x_8x_clkpwr.o(.text) for CLKPWR_ConfigPPWR
    lpc177x_8x_rtc.o(.text) refers to lpc177x_8x_clkpwr.o(.text) for CLKPWR_ConfigPPWR
    lpc177x_8x_ssp.o(.text) refers to lpc177x_8x_clkpwr.o(.text) for CLKPWR_GetCLK
    lpc177x_8x_timer.o(.text) refers to lpc177x_8x_clkpwr.o(.text) for CLKPWR_GetCLK
    lpc177x_8x_timer.o(.text) refers to lludivv7m.o(.text) for __aeabi_uldivmod
    lpc177x_8x_emac.o(.text) refers to rt_memcpy_w.o(.text) for __aeabi_memcpy4
    lpc177x_8x_emac.o(.text) refers to lpc177x_8x_clkpwr.o(.text) for CLKPWR_ConfigPPWR
    lpc177x_8x_emac.o(.text) refers to lpc177x_8x_pinsel.o(.text) for PINSEL_ConfigPin
    lpc177x_8x_emac.o(.text) refers to lpc177x_8x_emac.o(.bss) for EMAC_Configs
    lpc177x_8x_emac.o(.text) refers to lpc177x_8x_emac.o(.constdata) for EMAC_clkdiv
    lpc177x_8x_emac.o(.text) refers to ethernetif.o(.text) for ethernetif_frame_ready
    lpc177x_8x_lcd.o(.text) refers to lpc177x_8x_lcd.o(.bss) for FrameBuffer
    lpc177x_8x_lcd.o(.text) refers to guicore.o(.bss) for GUI_Context
    lpc177x_8x_lcd.o(.text) refers to lpc177x_8x_gpio.o(.text) for GPIO_SetDir
    lpc177x_8x_lcd.o(.text) refers to lpc177x_8x_clkpwr.o(.text) for CLKPWR_ConfigPPWR
    lpc177x_8x_uart.o(.text) refers to lpc177x_8x_clkpwr.o(.text) for CLKPWR_GetCLK
    lpc177x_8x_uart.o(.text) refers to lludivv7m.o(.text) for __aeabi_uldivmod
    lpc177x_8x_i2c.o(.text) refers to lpc177x_8x_clkpwr.o(.text) for CLKPWR_GetCLK
    lpc177x_8x_i2c.o(.text) refers to lpc177x_8x_i2c.o(.bss) for i2cdat
    lpc177x_8x_i2c.o(.text) refers to lpc177x_8x_i2c.o(.data) for I2C_MonitorBufferIndex
    sdram_mt48lc8m32lfb5.o(.text) refers to lpc177x_8x_timer.o(.text) for TIM_Init
    sdram_mt48lc8m32lfb5.o(.text) refers to lpc177x_8x_emc.o(.text) for DynMem_Init
    norflash_sst39vf1601.o(.text) refers to lpc177x_8x_emc.o(.text) for StaticMem_Init
    norflash_sst39vf1601.o(.text) refers to lpc177x_8x_timer.o(.text) for TIM_Init
    nandflash_k9f4g08u0b.o(.text) refers to lpc177x_8x_timer.o(.text) for TIM_Waitus
    nandflash_k9f4g08u0b.o(.text) refers to lpc177x_8x_emc.o(.text) for StaticMem_Init
    nandflash_k9f4g08u0b.o(.text) refers to __2printf.o(.text) for __2printf
    phylan_dm9161a.o(.text) refers to lpc177x_8x_emac.o(.text) for EMAC_Read_PHY
    phylan_dm9161a.o(.text) refers to rt_memcpy_w.o(.text) for __aeabi_memcpy4
    phylan_dm9161a.o(.text) refers to phylan_dm9161a.o(.constdata) for .constdata
    ssp_gt21l16s2w.o(.text) refers to lpc177x_8x_ssp.o(.text) for SSP_ConfigStructInit
    ssp_gt21l16s2w.o(.text) refers to lpc177x_8x_gpio.o(.text) for GPIO_ClearValue
    gpioconfig.o(.text) refers to lpc177x_8x_pinsel.o(.text) for PINSEL_ConfigPin
[...]
    0xa00036c4   0x00000798   Code   RO          269    .text               lpc177x_8x_lcd.o
    0xa0003e5c   0x00000c98   Code   RO          378    .text               lpc177x_8x_uart.o
    0xa0004af4   0x000000c4   Code   RO          401    .text               lpc177x_8x_exti.o
    0xa0004bb8   0x000008ec   Code   RO          420    .text               lpc177x_8x_i2c.o
    0xa00054a4   0x0000016c   Code   RO          503    .text               norflash_sst39vf1601.o
    0xa0005610   0x00000424   Code   RO          531    .text               nandflash_k9f4g08u0b.o
    0xa0005a34   0x000000b4   Code   RO          577    .text               ssp_gt21l16s2w.o
    0xa0005ae8   0x000002f2   Code   RO          605    .text               gpioconfig.o
    0xa0005dda   0x00000002   PAD
    0xa0005ddc   0x00000e5c   Code   RO          624    .text               com_uart.o
    0xa0006c38   0x000000b4   Code   RO          672    .text               ssp_m25p128.o
    0xa0006cec   0x00000200   Code   RO          694    .text               eeprom_st24c02.o
    0xa0006eec   0x00000bd0   Code   RO          719    .text               os_core.o
    0xa0007abc   0x00000824   Code   RO          739    .text               os_flag.o
    0xa00082e0   0x000001e4   Code   RO          763    .text               os_mem.o
    0xa00084c4   0x00000600   Code   RO          787    .text               os_q.o
    0xa0008ac4   0x000003a4   Code   RO          799    .text               os_sem.o
    0xa0008e68   0x00000868   Code   RO          811    .text               os_task.o
    0xa00096d0   0x000001b8   Code   RO          823    .text               os_time.o
    0xa0009888   0x0000067c   Code   RO          835    .text               os_tmr.o
    0xa0009f04   0x00000198   Code   RO          847    .text               os_cpu_c.o
    0xa000a09c   0x000000b0   Code   RO          870    .text               os_cpu_a.o
    0xa000a14c   0x0000015c   Code   RO          873    .text               os_dbg.o
    0xa000a2a8   0x00000080   Code   RO          888    .text               gui_x_ucos-ii.o
    0xa000a328   0x000004d4   Code   RO          917    .text               yaffs_allocator.o
    0xa000a7fc   0x000001ba   Code   RO          973    .text               yaffs_attribs.o
    0xa000a9b6   0x00000002   PAD
    0xa000a9b8   0x00000288   Code   RO          988    .text               yaffs_bitmap.o
    0xa000ac40   0x00000a2c   Code   RO         1003    .text               yaffs_checkptrw.o
    0xa000b66c   0x00000358   Code   RO         1022    .text               yaffs_ecc.o
    0xa000b9c4   0x00005498   Code   RO         1045    .text               yaffs_guts.o
    0xa0010e5c   0x0000007c   Code   RO         1085    .text               yaffs_hweight.o
    0xa0010ed8   0x000000f2   Code   RO         1100    .text               yaffs_k9f4g08u0b.o
    0xa0010fca   0x000002d0   Code   RO         1130    .text               yaffs_nameval.o
    0xa001129a   0x00000002   PAD
    0xa001129c   0x0000025c   Code   RO         1142    .text               yaffs_nand.o
    0xa00114f8   0x000002ac   Code   RO         1155    .text               yaffs_nand_drv.o
    0xa00117a4   0x000002c4   Code   RO         1173    .text               yaffs_packedtags2.o
    0xa0011a68   0x000003ce   Code   RO         1186    .text               yaffs_qsort.o
    0xa0011e36   0x000004e0   Code   RO         1198    .text               yaffs_summary.o
    0xa0012316   0x00000002   PAD
    0xa0012318   0x000006ec   Code   RO         1219    .text               yaffs_tagscompat.o
    0xa0012a04   0x00000438   Code   RO         1233    .text               yaffs_tagsmarshall.o
    0xa0012e3c   0x000000ec   Code   RO         1245    .text               yaffs_ucos_glue.o
    0xa0012f28   0x00000e34   Code   RO         1297    .text               yaffs_verify.o
    0xa0013d5c   0x000006b8   Code   RO         1313    .text               yaffs_yaffs1.o
    0xa0014414   0x00001c64   Code   RO         1326    .text               yaffs_yaffs2.o
    0xa0016078   0x00000070   Code   RO         1339    .text               yaffscfg2k.o
    0xa00160e8   0x00003c50   Code   RO         1358    .text               yaffsfs.o
    0xa0019d38   0x00000550   Code   RO         1378    .text               sys_arch.o
    0xa001a288   0x00001068   Code   RO         1440    .text               etharp.o
    0xa001b2f0   0x00000d18   Code   RO         1540    .text               api_lib.o
    0xa001c008   0x0000195c   Code   RO         1629    .text               api_msg.o
    0xa001d964   0x00000374   Code   RO         1659    .text               netbuf.o
    0xa001dcd8   0x00002112   Code   RO         1722    .text               sockets.o
    0xa001fdea   0x00000002   PAD
    0xa001fdec   0x000003c8   Code   RO         1738    .text               tcpip.o
    0xa00201b4   0x0000003e   Code   RO         1771    .text               def.o
    0xa00201f2   0x00000002   PAD
    0xa00201f4   0x000007c4   Code   RO         1789    .text               dns.o
    0xa00209b8   0x00000034   Code   RO         1811    .text               init.o
    0xa00209ec   0x00000810   Code   RO         1858    .text               mem.o
    0xa00211fc   0x0000027c   Code   RO         1874    .text               memp.o
    0xa0021478   0x000007d0   Code   RO         1906    .text               netif.o
    0xa0021c48   0x00001110   Code   RO         1944    .text               pbuf.o
    0xa0022d58   0x00000234   Code   RO         1971    .text               raw.o
    0xa0022f8c   0x00000564   Code   RO         1991    .text               stats.o
    0xa00234f0   0x000015b0   Code   RO         2026    .text               tcp.o
    0xa0024aa0   0x00001eb4   Code   RO         2053    .text               tcp_in.o
    0xa0026954   0x00001490   Code   RO         2079    .text               tcp_out.o
    0xa0027de4   0x0000031c   Code   RO         2099    .text               timers.o
    0xa0028100   0x000007f0   Code   RO         2116    .text               udp.o
    0xa00288f0   0x000004dc   Code   RO         2143    .text               icmp.o
    0xa0028dcc   0x000008ac   Code   RO         2155    .text               igmp.o
    0xa0029678   0x000002a8   Code   RO         2187    .text               inet_chksum.o
    0xa0029920   0x000007f0   Code   RO         2202    .text               ip.o
    0xa002a110   0x00000314   Code   RO         2223    .text               ip_addr.o
    0xa002a424   0x00000aa4   Code   RO         2246    .text               ip_frag.o
    0xa002aec8   0x000004e8   Code   RO         2263    .text               asn1_dec.o
    0xa002b3b0   0x000003d8   Code   RO         2278    .text               asn1_enc.o
    0xa002b788   0x00002570   Code   RO         2290    .text               mib2.o
    0xa002dcf8   0x00000b78   Code   RO         2312    .text               mib_structs.o
    0xa002e870   0x00001548   Code   RO         2333    .text               msg_in.o
    0xa002fdb8   0x00000988   Code   RO         2358    .text               msg_out.o
    0xa0030740   0x000002c8   Code   RO         2379    .text               ethernetif.o
    0xa0030a08   0x00000054   Code   RO         2407    .text               app_hooks.o
    0xa0030a5c   0x00000024   Code   RO         2536    .text               jlink_putc.o
    0xa0030a80   0x00000304   Code   RO         2567    .text               tcp_test.o
    0xa0030d84   0x00000da8   Code   RO         2677    .text               user_browstestpoint.o
    0xa0031b2c   0x000003a8   Code   RO         2784    .text               user_dispbackpower.o
    0xa0031ed4   0x000002fc   Code   RO         2905    .text               user_dispconnect.o
    0xa00321d0   0x00000638   Code   RO         2926    .text               user_key.o
    0xa0032808   0x00000368   Code   RO         2960    .text               user_main.o
    0xa0032b70   0x00000b34   Code   RO         3178    .text               user_menu.o
    0xa00336a4   0x00000af4   Code   RO         3258    .text               user_setaddr.o
    0xa0034198   0x000002c8   Code   RO         3280    .text               user_setconnect.o
    0xa0034460   0x0000026c   Code   RO         3304    .text               user_setpassword.o
    0xa00346cc   0x000004b0   Code   RO         3326    .text               user_settime.o
    0xa0034b7c   0x00000194   Code   RO         3351    .text               user_settype.o
    0xa0034d10   0x00000434   Code   RO         3376    .text               user_testio.o
    0xa0035144   0x000002bc   Code   RO         3404    .text               user_testrs485.o
    0xa0035400   0x0000016c   Code   RO         3426    .text               user_testserial.o
    0xa003556c   0x00000a04   Code   RO         3452    .text               listview.o
    0xa0035f70   0x00001258   Code   RO         3532    .text               menu.o
    0xa00371c8   0x000003b8   Code   RO         3554    .text               equipmentlist.o
    0xa0037580   0x000000c4   Code   RO         3607    .text               task_uartrcv.o
    0xa0037644   0x00000698   Code   RO         3629    .text               sensor_operation.o
    0xa0037cdc   0x00000042   Code   RO         4169    .text               ucGui.lib(gui__intersectrect.o)
    0xa0037d1e   0x00000022   Code   RO         4219    .text               ucGui.lib(gui__reducerect.o)
    0xa0037d40   0x00000016   Code   RO         4231    .text               ucGui.lib(gui__strlen.o)
    0xa0037d56   0x0000001a   Code   RO         4243    .text               ucGui.lib(gui_clearrectex.o)
    0xa0037d70   0x00000028   Code   RO         4255    .text               ucGui.lib(gui_dispstringat.o)
    0xa0037d98   0x000001e0   Code   RO         4267    .text               ucGui.lib(gui_dispstringinrect.o)
    0xa0037f78   0x00000104   Code   RO         4289    .text               ucGui.lib(gui_drawbitmap.o)
    0xa003807c   0x00000060   Code   RO         4314    .text               ucGui.lib(gui_drawhline.o)
    0xa00380dc   0x0000005c   Code   RO         4326    .text               ucGui.lib(gui_drawvline.o)
    0xa0038138   0x0000006c   Code   RO         4338    .text               ucGui.lib(gui_fillrect.o)
    0xa00381a4   0x00000016   Code   RO         4350    .text               ucGui.lib(gui_getstringdistx.o)
    0xa00381ba   0x00000014   Code   RO         4365    .text               ucGui.lib(gui_getysizeoffont.o)
    0xa00381ce   0x00000024   Code   RO         4377    .text               ucGui.lib(gui_moverect.o)
    0xa00381f2   0x00000002   PAD
    0xa00381f4   0x00000098   Code   RO         4389    .text               ucGui.lib(gui_onkey.o)
    0xa003828c   0x00000028   Code   RO         4412    .text               ucGui.lib(gui_setcolor.o)
    0xa00382b4   0x00000020   Code   RO         4424    .text               ucGui.lib(gui_setfont.o)
    0xa00382d4   0x00000020   Code   RO         4436    .text               ucGui.lib(gui_settextmode.o)
    0xa00382f4   0x00000438   Code   RO         4448    .text               ucGui.lib(guialloc.o)
    0xa003872c   0x00000124   Code   RO         4467    .text               ucGui.lib(guicore.o)
    0xa0038850   0x00000148   Code   RO         4488    .text               ucGui.lib(guitask.o)
    0xa0038998   0x0000003e   Code   RO         4503    .text               ucGui.lib(guitime.o)
    0xa00389d6   0x00000002   PAD
    0xa00389d8   0x00000468   Code   RO         4515    .text               ucGui.lib(lcd.o)
    0xa0038e40   0x00000230   Code   RO         4527    .text               ucGui.lib(lcdrle8.o)
    0xa0039070   0x00000050   Code   RO         4550    .text               ucGui.lib(button_createindirect.o)
    0xa00390c0   0x00000138   Code   RO         4583    .text               ucGui.lib(dialog.o)
    0xa00391f8   0x000007d8   Code   RO         4627    .text               ucGui.lib(dropdown.o)
    0xa00399d0   0x00000048   Code   RO         4652    .text               ucGui.lib(dropdown_createindirect.o)
    0xa0039a18   0x0000004c   Code   RO         4664    .text               ucGui.lib(dropdown_setautoscroll.o)
    0xa0039a64   0x00000a34   Code   RO         4676    .text               ucGui.lib(edit.o)
    0xa003a498   0x0000005c   Code   RO         4694    .text               ucGui.lib(edit_createindirect.o)
    0xa003a4f4   0x0000002a   Code   RO         4706    .text               ucGui.lib(edit_setcursoratchar.o)
    0xa003a51e   0x00000002   PAD
    0xa003a520   0x000007c8   Code   RO         4722    .text               ucGui.lib(framewin.o)
    0xa003ace8   0x0000009c   Code   RO         4743    .text               ucGui.lib(framewin_addmenu.o)
    0xa003ad84   0x0000004e   Code   RO         4762    .text               ucGui.lib(framewin_createindirect.o)
    0xa003add2   0x000000cc   Code   RO         4774    .text               ucGui.lib(framewin_setcolors.o)
    0xa003ae9e   0x0000003e   Code   RO         4786    .text               ucGui.lib(framewin_setfont.o)
    0xa003aedc   0x0000004e   Code   RO         4798    .text               ucGui.lib(framewin_settitleheight.o)
    0xa003af2a   0x000001ac   Code   RO         4810    .text               ucGui.lib(gui_array.o)
    0xa003b0d6   0x00000058   Code   RO         4822    .text               ucGui.lib(gui_array_deleteitem.o)
    0xa003b12e   0x00000002   PAD
    0xa003b130   0x000008a4   Code   RO         4834    .text               ucGui.lib(header.o)
    0xa003b9d4   0x00000048   Code   RO         4854    .text               ucGui.lib(listview_createindirect.o)
    0xa003ba1c   0x00000044   Code   RO         4869    .text               ucGui.lib(listview_default.o)
    0xa003ba60   0x00000028   Code   RO         4885    .text               ucGui.lib(listview_getnumrows.o)
    0xa003ba88   0x00000022   Code   RO         4897    .text               ucGui.lib(listview_getsel.o)
    0xa003baaa   0x00000042   Code   RO         4909    .text               ucGui.lib(listview_setbkcolor.o)
    0xa003baec   0x0000003c   Code   RO         4921    .text               ucGui.lib(listview_setgridvis.o)
    0xa003bb28   0x00000074   Code   RO         4933    .text               ucGui.lib(listview_setitemtext.o)
    0xa003bb9c   0x0000003c   Code   RO         4945    .text               ucGui.lib(listview_setrowheight.o)
    0xa003bbd8   0x00000078   Code   RO         4957    .text               ucGui.lib(listview_setsel.o)
    0xa003bc50   0x00000050   Code   RO         4969    .text               ucGui.lib(listview_settextalign.o)
    0xa003bca0   0x00000042   Code   RO         4981    .text               ucGui.lib(listview_settextcolor.o)
    0xa003bce2   0x00000002   PAD
    0xa003bce4   0x0000007c   Code   RO         4993    .text               ucGui.lib(menu_default.o)
    0xa003bd60   0x00000058   Code   RO         5009    .text               ucGui.lib(radio_createindirect.o)
    0xa003bdb8   0x000004b8   Code   RO         5021    .text               ucGui.lib(widget.o)
    0xa003c270   0x00000110   Code   RO         5036    .text               ucGui.lib(widget_effect_3d1l.o)
    0xa003c380   0x00000120   Code   RO         5055    .text               ucGui.lib(widget_fillstringinrect.o)
    0xa003c4a0   0x0000001e   Code   RO         5067    .text               ucGui.lib(widget_seteffect.o)
    0xa003c4be   0x00000024   Code   RO         5079    .text               ucGui.lib(wm__sendmessage.o)
    0xa003c4e2   0x000000be   Code   RO         5091    .text               ucGui.lib(wm_attachwindow.o)
    0xa003c5a0   0x00000076   Code   RO         5103    .text               ucGui.lib(wm_checkscrollpos.o)
    0xa003c616   0x00000002   PAD
    0xa003c618   0x00000058   Code   RO         5115    .text               ucGui.lib(wm_getclientrect.o)
    0xa003c670   0x0000001a   Code   RO         5127    .text               ucGui.lib(wm_getclientwindow.o)
    0xa003c68a   0x00000002   PAD
    0xa003c68c   0x0000000c   Code   RO         5139    .text               ucGui.lib(wm_getdesktopwindow.o)
    0xa003c698   0x0000006a   Code   RO         5155    .text               ucGui.lib(wm_getdialogitem.o)
    0xa003c702   0x00000014   Code   RO         5167    .text               ucGui.lib(wm_getid.o)
    0xa003c716   0x000000be   Code   RO         5179    .text               ucGui.lib(wm_getinsiderectexscrollbar.o)
    0xa003c7d4   0x0000005c   Code   RO         5191    .text               ucGui.lib(wm_getorg.o)
    0xa003c830   0x0000001c   Code   RO         5203    .text               ucGui.lib(wm_getparent.o)
    0xa003c84c   0x0000001c   Code   RO         5215    .text               ucGui.lib(wm_getscrollbar.o)
    0xa003c868   0x00000016   Code   RO         5227    .text               ucGui.lib(wm_getscrollstate.o)
    0xa003c87e   0x00000002   PAD
    0xa003c880   0x00000018   Code   RO         5239    .text               ucGui.lib(wm_hascaptured.o)
    0xa003c898   0x00000010   Code   RO         5251    .text               ucGui.lib(wm_pid__getprevstate.o)
    0xa003c8a8   0x00000060   Code   RO         5263    .text               ucGui.lib(wm_setcapture.o)
    0xa003c908   0x00000010   Code   RO         5275    .text               ucGui.lib(wm_setcreateflags.o)
    0xa003c918   0x000000b0   Code   RO         5287    .text               ucGui.lib(wm_setfocus.o)
    0xa003c9c8   0x0000004a   Code   RO         5299    .text               ucGui.lib(wm_setsize.o)
    0xa003ca12   0x0000004a   Code   RO         5311    .text               ucGui.lib(wmmemdev.o)
    0xa003ca5c   0x00001080   Code   RO         5323    .text               ucGui.lib(wm.o)
    0xa003dadc   0x000000c4   Code   RO         5359    .text               ucGui.lib(gui__calctextrect.o)
    0xa003dba0   0x0000001a   Code   RO         5371    .text               ucGui.lib(gui__getnumchars.o)
    0xa003dbba   0x00000018   Code   RO         5383    .text               ucGui.lib(gui__handleeoline.o)
    0xa003dbd2   0x00000088   Code   RO         5395    .text               ucGui.lib(gui__intersectrects.o)
    0xa003dc5a   0x0000004e   Code   RO         5407    .text               ucGui.lib(gui__settext.o)
    0xa003dca8   0x00000048   Code   RO         5419    .text               ucGui.lib(gui_alloc_allocinit.o)
    0xa003dcf0   0x0000002a   Code   RO         5431    .text               ucGui.lib(gui_alloc_alloczero.o)
    0xa003dd1a   0x00000002   PAD
    0xa003dd1c   0x0000014c   Code   RO         5460    .text               ucGui.lib(gui_dispstring.o)
    0xa003de68   0x000000cc   Code   RO         5472    .text               ucGui.lib(gui_drawfocusrect.o)
    0xa003df34   0x00000038   Code   RO         5484    .text               ucGui.lib(gui_exec.o)
    0xa003df6c   0x0000001a   Code   RO         5496    .text               ucGui.lib(gui_fillrectex.o)
    0xa003df86   0x00000012   Code   RO         5508    .text               ucGui.lib(gui_getclientrect.o)
    0xa003df98   0x00000014   Code   RO         5520    .text               ucGui.lib(gui_getfontsizey.o)
    0xa003dfac   0x00000070   Code   RO         5532    .text               ucGui.lib(gui_goto.o)
    0xa003e01c   0x00000078   Code   RO         5544    .text               ucGui.lib(gui_invertrect.o)
    0xa003e094   0x00000082   Code   RO         5556    .text               ucGui.lib(gui_mergerect.o)
    0xa003e116   0x0000003a   Code   RO         5568    .text               ucGui.lib(gui_rectsintersect.o)
    0xa003e150   0x00000024   Code   RO         5580    .text               ucGui.lib(gui_savecontext.o)
    0xa003e174   0x0000004c   Code   RO         5592    .text               ucGui.lib(gui_setdefault.o)
    0xa003e1c0   0x00000018   Code   RO         5604    .text               ucGui.lib(gui_setdrawmode.o)
    0xa003e1d8   0x000000e8   Code   RO         5616    .text               ucGui.lib(gui_uc.o)
    0xa003e2c0   0x00000038   Code   RO         5628    .text               ucGui.lib(gui_uc_encodenone.o)
    0xa003e2f8   0x000000e8   Code   RO         5647    .text               ucGui.lib(guichar.o)
    0xa003e3e0   0x000001b8   Code   RO         5659    .text               ucGui.lib(guicharline.o)
    0xa003e598   0x00000324   Code   RO         5671    .text               ucGui.lib(guicharp.o)
    0xa003e8bc   0x000000b0   Code   RO         5683    .text               ucGui.lib(guiencjs.o)
    0xa003e96c   0x00000058   Code   RO         5709    .text               ucGui.lib(guirealloc.o)
    0xa003e9c4   0x0000005c   Code   RO         5735    .text               ucGui.lib(lcd_drawvline.o)
    0xa003ea20   0x00000038   Code   RO         5747    .text               ucGui.lib(lcd_l0_generic.o)
    0xa003ea58   0x00000020   Code   RO         5759    .text               ucGui.lib(lcd_setcliprectex.o)
    0xa003ea78   0x00000054   Code   RO         5771    .text               ucGui.lib(lcdcolor.o)
    0xa003eacc   0x00000116   Code   RO         5790    .text               ucGui.lib(guidev_banding.o)
    0xa003ebe2   0x00000002   PAD
    0xa003ebe4   0x000003d0   Code   RO         5802    .text               ucGui.lib(button.o)
    0xa003efb4   0x000000fe   Code   RO         5820    .text               ucGui.lib(framewin__updatebuttons.o)
    0xa003f0b2   0x0000005a   Code   RO         5832    .text               ucGui.lib(gui_array_resizeitem.o)
    0xa003f10c   0x0000005e   Code   RO         5844    .text               ucGui.lib(gui_draw.o)
    0xa003f16a   0x00000002   PAD
    0xa003f16c   0x00000dcc   Code   RO         5856    .text               ucGui.lib(listbox.o)
    0xa003ff38   0x00000064   Code   RO         5874    .text               ucGui.lib(listbox_create.o)
    0xa003ff9c   0x00000044   Code   RO         5886    .text               ucGui.lib(listbox_font.o)
    0xa003ffe0   0x0000004c   Code   RO         5902    .text               ucGui.lib(listbox_itemspacing.o)
    0xa004002c   0x00000080   Code   RO         5914    .text               ucGui.lib(listbox_setautoscroll.o)
    0xa00400ac   0x00000032   Code   RO         5926    .text               ucGui.lib(listbox_setbkcolor.o)
    0xa00400de   0x00000026   Code   RO         5938    .text               ucGui.lib(listbox_setowner.o)
    0xa0040104   0x00000034   Code   RO         5950    .text               ucGui.lib(listbox_setscrollbarwidth.o)
    0xa0040138   0x0000003e   Code   RO         5962    .text               ucGui.lib(listbox_settextcolor.o)
    0xa0040176   0x00000028   Code   RO         5974    .text               ucGui.lib(listview_getnumcolumns.o)
    0xa004019e   0x00000060   Code   RO         5986    .text               ucGui.lib(menu_attach.o)
    0xa00401fe   0x00000002   PAD
    0xa0040200   0x000004f8   Code   RO         5998    .text               ucGui.lib(radio.o)
    0xa00406f8   0x000001ac   Code   RO         6017    .text               ucGui.lib(widget_effect_3d.o)
    0xa00408a4   0x0000004e   Code   RO         6036    .text               ucGui.lib(wm__isancestor.o)
    0xa00408f2   0x0000001a   Code   RO         6048    .text               ucGui.lib(wm__isenabled.o)
    0xa004090c   0x00000186   Code   RO         6060    .text               ucGui.lib(wm__updatechildpositions.o)
    0xa0040a92   0x00000050   Code   RO         6072    .text               ucGui.lib(wm_bringtobottom.o)
    0xa0040ae2   0x00000002   PAD
    0xa0040ae4   0x00000090   Code   RO         6084    .text               ucGui.lib(wm_bringtotop.o)
    0xa0040b74   0x00000050   Code   RO         6096    .text               ucGui.lib(wm_criticalhandle.o)
    0xa0040bc4   0x0000001c   Code   RO         6108    .text               ucGui.lib(wm_getbkcolor.o)
    0xa0040be0   0x0000001c   Code   RO         6120    .text               ucGui.lib(wm_getflags.o)
    0xa0040bfc   0x0000002c   Code   RO         6132    .text               ucGui.lib(wm_getinsiderect.o)
    0xa0040c28   0x00000068   Code   RO         6144    .text               ucGui.lib(wm_getwindowrect.o)
    0xa0040c90   0x00000080   Code   RO         6156    .text               ucGui.lib(wm_getwindowsize.o)
    0xa0040d10   0x00000018   Code   RO         6168    .text               ucGui.lib(wm_iswindow.o)
    0xa0040d28   0x00000110   Code   RO         6180    .text               ucGui.lib(wm_move.o)
    0xa0040e38   0x00000058   Code   RO         6192    .text               ucGui.lib(wm_movechildto.o)
    0xa0040e90   0x00000016   Code   RO         6204    .text               ucGui.lib(wm_notifyparent.o)
    0xa0040ea6   0x00000002   PAD
    0xa0040ea8   0x00000040   Code   RO         6216    .text               ucGui.lib(wm_onkey.o)
    0xa0040ee8   0x000000f2   Code   RO         6228    .text               ucGui.lib(wm_resizewindow.o)
    0xa0040fda   0x00000018   Code   RO         6240    .text               ucGui.lib(wm_sendmessagenopara.o)
    0xa0040ff2   0x00000028   Code   RO         6252    .text               ucGui.lib(wm_sendtoparent.o)
    0xa004101a   0x00000032   Code   RO         6264    .text               ucGui.lib(wm_setanchor.o)
    0xa004104c   0x00000098   Code   RO         6276    .text               ucGui.lib(wm_setcapturemove.o)
    0xa00410e4   0x00000098   Code   RO         6290    .text               ucGui.lib(wm_setfocusonnextchild.o)
    0xa004117c   0x0000001c   Code   RO         6302    .text               ucGui.lib(wm_setscrollstate.o)
    0xa0041198   0x00000020   Code   RO         6314    .text               ucGui.lib(wm_setusercliprect.o)
    0xa00411b8   0x00000060   Code   RO         6326    .text               ucGui.lib(wm_show.o)
    0xa0041218   0x00000020   Code   RO         6374    .text               ucGui.lib(lcdp565.o)
    0xa0041238   0x0000081c   Code   RO         6386    .text               ucGui.lib(gui2dlib.o)
    0xa0041a54   0x00000014   Code   RO         6401    .text               ucGui.lib(gui__getfontsizey.o)
    0xa0041a68   0x00000054   Code   RO         6413    .text               ucGui.lib(gui__memset.o)
    0xa0041abc   0x00000050   Code   RO         6425    .text               ucGui.lib(gui__strcmp.o)
    0xa0041b0c   0x0000005c   Code   RO         6463    .text               ucGui.lib(gui_getcolor.o)
    0xa0041b68   0x00000030   Code   RO         6475    .text               ucGui.lib(gui_getfontinfo.o)
    0xa0041b98   0x00000054   Code   RO         6487    .text               ucGui.lib(gui_pen.o)
    0xa0041bec   0x0000001c   Code   RO         6513    .text               ucGui.lib(gui_setlinestyle.o)
    0xa0041c08   0x00000020   Code   RO         6525    .text               ucGui.lib(gui_settextalign.o)
    0xa0041c28   0x000001d8   Code   RO         6537    .text               ucGui.lib(guicharm.o)
    0xa0041e00   0x00000030   Code   RO         6549    .text               ucGui.lib(lcdinfo0.o)
    0xa0041e30   0x00000038   Code   RO         6561    .text               ucGui.lib(lcdp565_index2color.o)
    0xa0041e68   0x00000440   Code   RO         6573    .text               ucGui.lib(guidev.o)
    0xa00422a8   0x000008a2   Code   RO         6585    .text               ucGui.lib(guidev_16.o)
    0xa0042b4a   0x00000002   PAD
    0xa0042b4c   0x00000048   Code   RO         6629    .text               ucGui.lib(guidev_clear.o)
    0xa0042b94   0x0000002c   Code   RO         6641    .text               ucGui.lib(guidev_getysize.o)
    0xa0042bc0   0x00000038   Code   RO         6653    .text               ucGui.lib(guidev_reduceysize.o)
    0xa0042bf8   0x0000006c   Code   RO         6665    .text               ucGui.lib(guidev_setorg.o)
    0xa0042c64   0x00000068   Code   RO         6690    .text               ucGui.lib(scrollbar_defaults.o)
    0xa0042ccc   0x00000026   Code   RO         6706    .text               ucGui.lib(scrollbar_setwidth.o)
    0xa0042cf2   0x00000002   PAD
    0xa0042cf4   0x00000024   Code   RO         6718    .text               ucGui.lib(wm__getfocussedchild.o)
    0xa0042d18   0x00000036   Code   RO         6730    .text               ucGui.lib(wm__getprevsibling.o)
    0xa0042d4e   0x00000028   Code   RO         6754    .text               ucGui.lib(wm__sendmessagenopara.o)
    0xa0042d76   0x0000001c   Code   RO         6766    .text               ucGui.lib(wm_foreachdesc.o)
    0xa0042d92   0x0000001c   Code   RO         6778    .text               ucGui.lib(wm_getfirstchild.o)
    0xa0042dae   0x00000020   Code   RO         6790    .text               ucGui.lib(wm_isfocussable.o)
    0xa0042dce   0x0000009e   Code   RO         6814    .text               ucGui.lib(wm_setscrollbar.o)
    0xa0042e6c   0x00000098   Code   RO         6826    .text               ucGui.lib(wm_settrans.o)
    0xa0042f04   0x0000004e   Code   RO         6838    .text               ucGui.lib(gui__memset16.o)
    0xa0042f52   0x00000002   PAD
    0xa0042f54   0x00000340   Code   RO         6850    .text               ucGui.lib(gui_fillpolygon.o)
    0xa0043294   0x00000018   Code   RO         6865    .text               ucGui.lib(gui_selectlcd.o)
    0xa00432ac   0x00000484   Code   RO         6877    .text               ucGui.lib(guicirc.o)
    0xa0043730   0x00000010   Code   RO         6889    .text               ucGui.lib(lcd_getcolorindex.o)
    0xa0043740   0x00000078   Code   RO         6913    .text               ucGui.lib(guidev_usage.o)
    0xa00437b8   0x0000022c   Code   RO         6925    .text               ucGui.lib(guidev_usagebm.o)
    0xa00439e4   0x000007ac   Code   RO         6939    .text               ucGui.lib(scrollbar.o)
    0xa0044190   0x00000070   Code   RO         6957    .text               ucGui.lib(scrollbar_create.o)
    0xa0044200   0x00000042   Code   RO         6969    .text               ucGui.lib(widget_setwidth.o)
    0xa0044242   0x0000003c   Code   RO         6981    .text               ucGui.lib(wm__foreachdesc.o)
    0xa004427e   0x0000001e   Code   RO         6993    .text               ucGui.lib(wm__getfirstsibling.o)
    0xa004429c   0x00000028   Code   RO         7005    .text               ucGui.lib(wm__ischild.o)
    0xa00442c4   0x00000038   Code   RO         7017    .text               ucGui.lib(wm_hide.o)
    0xa00442fc   0x0000001a   Code   RO         7029    .text               ucGui.lib(gui__divideround.o)
    0xa0044316   0x00000002   PAD
    0xa0044318   0x00000024   Code   RO         7041    .text               ucGui.lib(lcd_selectlcd.o)
    0xa004433c   0x00000024   Code   RO         7053    .text               ucGui.lib(lcd_updatecolorindices.o)
    0xa0044360   0x0000002a   Code   RO         7065    .text               ucGui.lib(wm_getscrollpartner.o)
    0xa004438a   0x0000004a   Code   RO         7077    .text               ucGui.lib(wm_setxsize.o)
    0xa00443d4   0x0000004a   Code   RO         7089    .text               ucGui.lib(wm_setysize.o)
    0xa004441e   0x00000002   PAD
    0xa0044420   0x00000010   Code   RO         7103    .text               c_w.l(rt_ctype_table.o)
    0xa0044430   0x00000008   Code   RO         7108    .text               c_w.l(rt_errno_addr_intlibspace.o)
    0xa0044438   0x0000005e   Code   RO         7116    .text               c_w.l(h1_alloc.o)
    0xa0044496   0x0000004e   Code   RO         7118    .text               c_w.l(h1_free.o)
    0xa00444e4   0x000000ee   Code   RO         7178    .text               c_w.l(lludivv7m.o)
    0xa00445d2   0x00000026   Code   RO         7180    .text               c_w.l(llsshr.o)
    0xa00445f8   0x00000048   Code   RO         7182    .text               c_w.l(llsdiv.o)
    0xa0044640   0x00000018   Code   RO         7192    .text               c_w.l(__2printf.o)
    0xa0044658   0x0000002c   Code   RO         7194    .text               c_w.l(__2sprintf.o)
    0xa0044684   0x00000052   Code   RO         7202    .text               c_w.l(_printf_pad.o)
    0xa00446d6   0x00000024   Code   RO         7204    .text               c_w.l(_printf_truncate.o)
    0xa00446fa   0x00000052   Code   RO         7206    .text               c_w.l(_printf_str.o)
    0xa004474c   0x00000078   Code   RO         7208    .text               c_w.l(_printf_dec.o)
    0xa00447c4   0x00000078   Code   RO         7210    .text               c_w.l(_printf_longlong_dec.o)
    0xa004483c   0x0000009c   Code   RO         7230    .text               c_w.l(_printf_hex_int_ll_ptr.o)
    0xa00448d8   0x0000018c   Code   RO         7250    .text               c_w.l(__printf_flags_ss_wp.o)
    0xa0044a64   0x0000003c   Code   RO         7263    .text               c_w.l(__0sscanf.o)
    0xa0044aa0   0x00000150   Code   RO         7265    .text               c_w.l(_scanf_int.o)
    0xa0044bf0   0x0000002c   Code   RO         7269    .text               c_w.l(puts.o)
    0xa0044c1c   0x0000003c   Code   RO         7272    .text               c_w.l(rand.o)
    0xa0044c58   0x0000000c   Code   RO         7276    .text               c_w.l(exit.o)
    0xa0044c64   0x00000010   Code   RO         7278    .text               c_w.l(abort.o)
    0xa0044c74   0x00000058   Code   RO         7290    .text               c_w.l(memcmp.o)
    0xa0044ccc   0x00000048   Code   RO         7292    .text               c_w.l(strcpy.o)
    0xa0044d14   0x0000003e   Code   RO         7298    .text               c_w.l(strlen.o)
    0xa0044d52   0x00000096   Code   RO         7302    .text               c_w.l(strncmp.o)
    0xa0044de8   0x00000018   Code   RO         7304    .text               c_w.l(strcat.o)
    0xa0044e00   0x0000008a   Code   RO         7306    .text               c_w.l(rt_memcpy_v6.o)
    0xa0044e8a   0x00000084   Code   RO         7308    .text               c_w.l(rt_memmove_v6.o)
    0xa0044f0e   0x00000064   Code   RO         7310    .text               c_w.l(rt_memcpy_w.o)
    0xa0044f72   0x0000007a   Code   RO         7312    .text               c_w.l(rt_memmove_w.o)
    0xa0044fec   0x00000010   Code   RO         7314    .text               c_w.l(aeabi_memset.o)
    0xa0044ffc   0x00000044   Code   RO         7316    .text               c_w.l(rt_memclr.o)
    0xa0045040   0x0000004e   Code   RO         7318    .text               c_w.l(rt_memclr_w.o)
    0xa004508e   0x00000056   Code   RO         7320    .text               c_w.l(strncpy.o)
    0xa00450e4   0x00000080   Code   RO         7322    .text               c_w.l(strcmpv7m.o)
    0xa0045164   0x00000006   Code   RO         7326    .text               c_w.l(heapauxi.o)
    0xa004516a   0x00000002   PAD
    0xa004516c   0x0000000c   Code   RO         7362    .text               c_w.l(sys_exit.o)
    0xa0045178   0x00000008   Code   RO         7364    .text               c_w.l(libspace.o)
    0xa0045180   0x00000002   Code   RO         7367    .text               c_w.l(use_no_semi.o)
    0xa0045182   0x00000000   Code   RO         7371    .text               c_w.l(indicate_semi.o)
    0xa0045182   0x00000002   PAD
    0xa0045184   0x00000008   Code   RO         7382    .text               c_w.l(rt_heap_descriptor_intlibspace.o)
    0xa004518c   0x00000008   Code   RO         7387    .text               c_w.l(rt_locale_intlibspace.o)
    0xa0045194   0x00000004   Code   RO         7389    .text               c_w.l(hguard.o)
    0xa0045198   0x0000008a   Code   RO         7391    .text               c_w.l(init_alloc.o)
    0xa0045222   0x0000000e   Code   RO         7395    .text               c_w.l(h1_init.o)
    0xa0045230   0x0000008a   Code   RO         7409    .text               c_w.l(lludiv10.o)
    0xa00452ba   0x000000b8   Code   RO         7411    .text               c_w.l(_printf_intcommon.o)
    0xa0045372   0x00000420   Code   RO         7415    .text               c_w.l(_printf_fp_dec.o)
    0xa0045792   0x00000002   PAD
    0xa0045794   0x00000030   Code   RO         7417    .text               c_w.l(_printf_char_common.o)
    0xa00457c4   0x0000000a   Code   RO         7419    .text               c_w.l(_sputc.o)
    0xa00457ce   0x0000002c   Code   RO         7423    .text               c_w.l(_printf_char.o)
    0xa00457fa   0x00000002   PAD
    0xa00457fc   0x00000024   Code   RO         7425    .text               c_w.l(_printf_char_file.o)
    0xa0045820   0x0000001c   Code   RO         7450    .text               c_w.l(_chval.o)
    0xa004583c   0x0000002c   Code   RO         7452    .text               c_w.l(scanf_char.o)
    0xa0045868   0x00000040   Code   RO         7454    .text               c_w.l(_sgetc.o)
    0xa00458a8   0x0000000e   Code   RO         7461    .text               c_w.l(defsig_abrt_outer.o)
    0xa00458b6   0x00000034   Code   RO         7557    .text               c_w.l(h1_extend.o)
    0xa00458ea   0x00000012   Code   RO         7561    .text               c_w.l(isspace.o)
    0xa00458fc   0x00000080   Code   RO         7563    .text               c_w.l(_printf_fp_infnan.o)
    0xa004597c   0x00000370   Code   RO         7569    .text               c_w.l(_scanf.o)
    0xa0045cec   0x000000e4   Code   RO         7573    .text               c_w.l(bigflt0.o)
    0xa0045dd0   0x00000008   Code   RO         7598    .text               c_w.l(ferror.o)
    0xa0045dd8   0x0000000a   Code   RO         7607    .text               c_w.l(defsig_exit.o)
    0xa0045de2   0x00000002   PAD
    0xa0045de4   0x00000030   Code   RO         7609    .text               c_w.l(defsig_abrt_inner.o)
    0xa0045e14   0x0000000e   Code   RO         7611    .text               c_w.l(defsig_rtmem_outer.o)
    0xa0045e22   0x0000004a   Code   RO         7632    .text               c_w.l(sys_stackheap_outer.o)
    0xa0045e6c   0x00000032   Code   RO         7643    .text               c_w.l(defsig_general.o)
    0xa0045e9e   0x00000002   PAD
    0xa0045ea0   0x00000050   Code   RO         7649    .text               c_w.l(defsig_rtmem_inner.o)
    0xa0045ef0   0x0000000e   Code   RO         7665    .text               c_w.l(sys_wrch.o)
    0xa0045efe   0x0000003e   Code   RO         7576    CL$$btod_d2e        c_w.l(btod.o)
    0xa0045f3c   0x00000046   Code   RO         7578    CL$$btod_d2e_denorm_low  c_w.l(btod.o)
    0xa0045f82   0x00000060   Code   RO         7577    CL$$btod_d2e_norm_op1  c_w.l(btod.o)
    0xa0045fe2   0x00000338   Code   RO         7586    CL$$btod_div_common  c_w.l(btod.o)
    0xa004631a   0x000000c6   Code   RO         7583    CL$$btod_e2e        c_w.l(btod.o)
    0xa00463e0   0x00000028   Code   RO         7580    CL$$btod_ediv       c_w.l(btod.o)
    0xa0046408   0x00000028   Code   RO         7579    CL$$btod_emul       c_w.l(btod.o)
    0xa0046430   0x00000244   Code   RO         7585    CL$$btod_mult_common  c_w.l(btod.o)
    0xa0046674   0x00000028   Code   RO         7630    i.__ARM_fpclassify  m_ws.l(fpclassify.o)
    0xa004669c   0x0000000e   Code   RO         7243    i._is_digit         c_w.l(__printf_wp.o)
    0xa00466aa   0x00000002   PAD
    0xa00466ac   0x0000002c   Code   RO         7459    locale$$code        c_w.l(lc_ctype_c.o)
    0xa00466d8   0x0000002c   Code   RO         7605    locale$$code        c_w.l(lc_numeric_c.o)
    0xa0046704   0x0000000c   Code   RO         7520    x$fpl$dretinf       fz_ws.l(dretinf.o)
    0xa0046710   0x00000056   Code   RO         7354    x$fpl$f2d           fz_ws.l(f2d.o)
    0xa0046766   0x0000008c   Code   RO         7522    x$fpl$fnaninf       fz_ws.l(fnaninf.o)
    0xa00467f2   0x00000004   Code   RO         7356    x$fpl$printf1       fz_ws.l(printf1.o)
    0xa00467f6   0x00000000   Code   RO         7524    x$fpl$usenofp       fz_ws.l(usenofp.o)
    0xa00467f6   0x0000000f   Data   RO          216    .constdata          lpc177x_8x_emac.o
    0xa0046805   0x00000100   Data   RO          721    .constdata          os_core.o
    0xa0046905   0x00000003   PAD
    0xa0046908   0x00000072   Data   RO          874    .constdata          os_dbg.o
    0xa004697a   0x00000002   PAD
    0xa004697c   0x0000009d   Data   RO         1004    .constdata          yaffs_checkptrw.o
    0xa0046a19   0x00000100   Data   RO         1023    .constdata          yaffs_ecc.o
    0xa0046b19   0x00000003   PAD
    0xa0046b1c   0x00000250   Data   RO         1046    .constdata          yaffs_guts.o
    0xa0046d6c   0x00000100   Data   RO         1086    .constdata          yaffs_hweight.o
    0xa0046e6c   0x0000005b   Data   RO         1174    .constdata          yaffs_packedtags2.o
    0xa0046ec7   0x00000001   PAD
    0xa0046ec8   0x0000014c   Data   RO         1298    .constdata          yaffs_verify.o
    0xa0047014   0x00000062   Data   RO         1314    .constdata          yaffs_yaffs1.o
    0xa0047076   0x00000002   PAD
    0xa0047078   0x000002ed   Data   RO         1327    .constdata          yaffs_yaffs2.o
    0xa0047365   0x00000003   PAD
    0xa0047368   0x00000050   Data   RO         1442    .constdata          etharp.o
    0xa00473b8   0x00000040   Data   RO         1724    .constdata          sockets.o
    0xa00473f8   0x00000054   Data   RO         1876    .constdata          memp.o
    0xa004744c   0x000000a8   Data   RO         1993    .constdata          stats.o
    0xa00474f4   0x00000050   Data   RO         2027    .constdata          tcp.o
    0xa0047544   0x00000055   Data   RO         2080    .constdata          tcp_out.o
    0xa0047599   0x00000003   PAD
    0xa004759c   0x00000008   Data   RO         2225    .constdata          ip_addr.o
    0xa00475a4   0x000008fc   Data   RO         2291    .constdata          mib2.o
    0xa0047ea0   0x00000010   Data   RO         2314    .constdata          mib_structs.o
    0xa0047eb0   0x0000000b   Data   RO         2335    .constdata          msg_in.o
    0xa0047ebb   0x00000001   PAD
    0xa0047ebc   0x00000048   Data   RO         2679    .constdata          user_browstestpoint.o
    0xa0047f04   0x00000048   Data   RO         2785    .constdata          user_dispbackpower.o
    0xa0047f4c   0x00000048   Data   RO         2906    .constdata          user_dispconnect.o
    0xa0047f94   0x00000531   Data   RO         3180    .constdata          user_menu.o
    0xa00484c5   0x00000003   PAD
    0xa00484c8   0x000001f8   Data   RO         3259    .constdata          user_setaddr.o
    0xa00486c0   0x000000d8   Data   RO         3281    .constdata          user_setconnect.o
    0xa0048798   0x00000168   Data   RO         3306    .constdata          user_setpassword.o
    0xa0048900   0x000000d8   Data   RO         3327    .constdata          user_settime.o
    0xa00489d8   0x00000060   Data   RO         3352    .constdata          user_settype.o
    0xa0048a38   0x00000120   Data   RO         3378    .constdata          user_testio.o
    0xa0048b58   0x00000060   Data   RO         3405    .constdata          user_testrs485.o
    0xa0048bb8   0x000000a8   Data   RO         3427    .constdata          user_testserial.o
    0xa0048c60   0x00003b99   Data   RO         3644    .constdata          g631y2.o
    0xa004c7f9   0x00000003   PAD
    0xa004c7fc   0x00000008   Data   RO         4469    .constdata          ucGui.lib(guicore.o)
    0xa004c804   0x00000008   Data   RO         4529    .constdata          ucGui.lib(lcdrle8.o)
    0xa004c80c   0x00000018   Data   RO         5037    .constdata          ucGui.lib(widget_effect_3d1l.o)
    0xa004c824   0x00000408   Data   RO         5346    .constdata          ucGui.lib(hzk16.o)
    0xa004cc2c   0x00000020   Data   RO         5443    .constdata          ucGui.lib(gui_cursorheaderm.o)
    0xa004cc4c   0x00000010   Data   RO         5629    .constdata          ucGui.lib(gui_uc_encodenone.o)
    0xa004cc5c   0x0000000c   Data   RO         5684    .constdata          ucGui.lib(guiencjs.o)
    0xa004cc68   0x00000040   Data   RO         5721    .constdata          ucGui.lib(lcd_api.o)
    0xa004cca8   0x00000018   Data   RO         6018    .constdata          ucGui.lib(widget_effect_3d.o)
    0xa004ccc0   0x00000734   Data   RO         6357    .constdata          ucGui.lib(f6x8.o)
    0xa004d3f4   0x00000044   Data   RO         6387    .constdata          ucGui.lib(gui2dlib.o)
    0xa004d438   0x00000055   Data   RO         6437    .constdata          ucGui.lib(gui_cursorheadermpx.o)
    0xa004d48d   0x00000003   PAD
    0xa004d490   0x00000018   Data   RO         6450    .constdata          ucGui.lib(gui_cursorpal.o)
    0xa004d4a8   0x00000060   Data   RO         6586    .constdata          ucGui.lib(guidev_16.o)
    0xa004d508   0x000000b0   Data   RO         6677    .constdata          ucGui.lib(radio_image.o)
    0xa004d5b8   0x00000100   Data   RO         6901    .constdata          ucGui.lib(lcd_mirror.o)
    0xa004d6b8   0x00000018   Data   RO         6926    .constdata          ucGui.lib(guidev_usagebm.o)
    0xa004d6d0   0x00000028   Data   RO         7231    .constdata          c_w.l(_printf_hex_int_ll_ptr.o)
    0xa004d6f8   0x00000011   Data   RO         7251    .constdata          c_w.l(__printf_flags_ss_wp.o)
    0xa004d709   0x00000003   PAD
    0xa004d70c   0x00000094   Data   RO         7574    .constdata          c_w.l(bigflt0.o)
    0xa004d7a0   0x00000053   Data   RO         1299    .conststring        yaffs_verify.o
    0xa004d7f3   0x000000de   Data   RO         1994    .conststring        stats.o
    0xa004d8d1   0x00000061   Data   RO         2028    .conststring        tcp.o
    0xa004d932   0x0000000e   Data   RO         2680    .conststring        user_browstestpoint.o
    0xa004d940   0x0000000e   Data   RO         2786    .conststring        user_dispbackpower.o
    0xa004d94e   0x00000009   Data   RO         2907    .conststring        user_dispconnect.o
    0xa004d957   0x00000010   Data   RO         3260    .conststring        user_setaddr.o
    0xa004d967   0x00000009   Data   RO         3282    .conststring        user_setconnect.o
    0xa004d970   0x0000001e   Data   RO         3307    .conststring        user_setpassword.o
    0xa004d98e   0x00000009   Data   RO         3328    .conststring        user_settime.o
    0xa004d997   0x0000000d   Data   RO         3353    .conststring        user_settype.o
    0xa004d9a4   0x00000014   Data   RO         3379    .conststring        user_testio.o
    0xa004d9b8   0x0000000a   Data   RO         3406    .conststring        user_testrs485.o
    0xa004d9c2   0x00000018   Data   RO         3428    .conststring        user_testserial.o
    0xa004d9da   0x00000002   PAD
    0xa004d9dc   0x00000110   Data   RO         7458    locale$$data        c_w.l(lc_ctype_c.o)
    0xa004daec   0x0000001c   Data   RO         7604    locale$$data        c_w.l(lc_numeric_c.o)
    0xa004db08   0x00000004   Data   RW          422    .data               lpc177x_8x_i2c.o
    0xa004db0c   0x0000000f   Data   RW          626    .data               com_uart.o
    0xa004db1b   0x00000001   PAD
    0xa004db1c   0x00000058   Data   RW          722    .data               os_core.o
    0xa004db74   0x00000006   Data   RW          849    .data               os_cpu_c.o
    0xa004db7a   0x00000002   PAD
    0xa004db7c   0x00000010   Data   RW          889    .data               gui_x_ucos-ii.o
    0xa004db8c   0x00000008   Data   RW         1221    .data               yaffs_tagscompat.o
    0xa004db94   0x00000008   Data   RW         1246    .data               yaffs_ucos_glue.o
    0xa004db9c   0x00000004   Data   RW         1300    .data               yaffs_verify.o
    0xa004dba0   0x00000008   Data   RW         1340    .data               yaffscfg2k.o
    0xa004dba8   0x0000001c   Data   RW         1360    .data               yaffsfs.o
    0xa004dbc4   0x00000008   Data   RW         1380    .data               sys_arch.o
    0xa004dbcc   0x00000001   Data   RW         1443    .data               etharp.o
    0xa004dbcd   0x00000003   PAD
    0xa004dbd0   0x00000008   Data   RW         1725    .data               sockets.o
    0xa004dbd8   0x00000010   Data   RW         1739    .data               tcpip.o
    0xa004dbe8   0x00000014   Data   RW         1791    .data               dns.o
    0xa004dbfc   0x00000014   Data   RW         1860    .data               mem.o
    0xa004dc10   0x00000009   Data   RW         1908    .data               netif.o
    0xa004dc19   0x00000001   Data   RW         1945    .data               pbuf.o
    0xa004dc1a   0x00000002   PAD
    0xa004dc1c   0x00000004   Data   RW         1972    .data               raw.o
    0xa004dc20   0x00000023   Data   RW         2029    .data               tcp.o
    0xa004dc43   0x00000001   PAD
    0xa004dc44   0x00000020   Data   RW         2055    .data               tcp_in.o
    0xa004dc64   0x00000008   Data   RW         2100    .data               timers.o
    0xa004dc6c   0x00000008   Data   RW         2117    .data               udp.o
    0xa004dc74   0x0000000c   Data   RW         2156    .data               igmp.o
    0xa004dc80   0x00000012   Data   RW         2203    .data               ip.o
    0xa004dc92   0x00000002   PAD
    0xa004dc94   0x00000006   Data   RW         2247    .data               ip_frag.o
    0xa004dc9a   0x00000002   PAD
    0xa004dc9c   0x00000458   Data   RW         2292    .data               mib2.o
    0xa004e0f4   0x00000001   Data   RW         2315    .data               mib_structs.o
    0xa004e0f5   0x00000003   PAD
    0xa004e0f8   0x00000004   Data   RW         2336    .data               msg_in.o
    0xa004e0fc   0x00000008   Data   RW         2360    .data               msg_out.o
    0xa004e104   0x00000008   Data   RW         2381    .data               ethernetif.o
    0xa004e10c   0x00000008   Data   RW         2537    .data               jlink_putc.o
    0xa004e114   0x0000002a   Data   RW         2928    .data               user_key.o
    0xa004e13e   0x00000002   PAD
    0xa004e140   0x0000001c   Data   RW         2962    .data               user_main.o
    0xa004e15c   0x00000019   Data   RW         3181    .data               user_menu.o
    0xa004e175   0x00000003   PAD
    0xa004e178   0x00000004   Data   RW         3261    .data               user_setaddr.o
    0xa004e17c   0x00000004   Data   RW         3329    .data               user_settime.o
    0xa004e180   0x00000010   Data   RW         3407    .data               user_testrs485.o
    0xa004e190   0x00000021   Data   RW         3453    .data               listview.o
    0xa004e1b1   0x00000003   PAD
    0xa004e1b4   0x00000034   Data   RW         3533    .data               menu.o
    0xa004e1e8   0x00000004   Data   RW         3556    .data               equipmentlist.o
    0xa004e1ec   0x0000000a   Data   RW         3608    .data               task_uartrcv.o
    0xa004e1f6   0x00000300   Data   RW         3630    .data               sensor_operation.o
    0xa004e4f6   0x00000002   PAD
    0xa004e4f8   0x00000120   Data   RW         3645    .data               g631y2.o
    0xa004e618   0x00000014   Data   RW         4390    .data               ucGui.lib(gui_onkey.o)
    0xa004e62c   0x00000001   Data   RW         4450    .data               ucGui.lib(guialloc.o)
    0xa004e62d   0x00000003   PAD
    0xa004e630   0x00000014   Data   RW         4470    .data               ucGui.lib(guicore.o)
    0xa004e644   0x0000000c   Data   RW         4490    .data               ucGui.lib(guitask.o)
    0xa004e650   0x00000004   Data   RW         4584    .data               ucGui.lib(dialog.o)
    0xa004e654   0x00000020   Data   RW         4628    .data               ucGui.lib(dropdown.o)
    0xa004e674   0x0000001c   Data   RW         4677    .data               ucGui.lib(edit.o)
    0xa004e690   0x00000022   Data   RW         4723    .data               ucGui.lib(framewin.o)
    0xa004e6b2   0x00000002   PAD
    0xa004e6b4   0x0000001c   Data   RW         4835    .data               ucGui.lib(header.o)
    0xa004e6d0   0x00000004   Data   RW         5022    .data               ucGui.lib(widget.o)
    0xa004e6d4   0x00000031   Data   RW         5325    .data               ucGui.lib(wm.o)
    0xa004e705   0x00000003   PAD
    0xa004e708   0x00000004   Data   RW         5722    .data               ucGui.lib(lcd_api.o)
    0xa004e70c   0x00000020   Data   RW         5803    .data               ucGui.lib(button.o)
    0xa004e72c   0x00000028   Data   RW         5857    .data               ucGui.lib(listbox.o)
    0xa004e754   0x00000018   Data   RW         5999    .data               ucGui.lib(radio.o)
    0xa004e76c   0x00000004   Data   RW         6277    .data               ucGui.lib(wm_setcapturemove.o)
    0xa004e770   0x00000010   Data   RW         6339    .data               ucGui.lib(wmtouch.o)
    0xa004e780   0x00000004   Data   RW         6852    .data               ucGui.lib(gui_fillpolygon.o)
    0xa004e784   0x00000012   Data   RW         6940    .data               ucGui.lib(scrollbar.o)
    0xa004e796   0x00000002   PAD
    0xa004e798   0x00000010   Data   RW           15    STARTUP_DATA        system_lpc177x_8x.o
    0xa004e7a8   0x0000002c   Zero   RW          215    .bss                lpc177x_8x_emac.o
    0xa004e7d4   0x00070800   Zero   RW          270    .bss                lpc177x_8x_lcd.o
    0xa00befd4   0x00000030   Zero   RW          421    .bss                lpc177x_8x_i2c.o
    0xa00bf004   0x00000288   Zero   RW          578    .bss                ssp_gt21l16s2w.o
    0xa00bf28c   0x000000fe   Zero   RW          625    .bss                com_uart.o
    0xa00bf38a   0x00000002   PAD
    0xa00bf38c   0x00001620   Zero   RW          720    .bss                os_core.o
    0xa00c09ac   0x00000200   Zero   RW          848    .bss                os_cpu_c.o
    0xa00c0bac   0x00000020   Zero   RW         1220    .bss                yaffs_tagscompat.o
    0xa00c0bcc   0x00000004   PAD
    0xa00c0bd0   0x00003610   Zero   RW         1359    .bss                yaffsfs.o
    0xa00c41e0   0x00002900   Zero   RW         1379    .bss                sys_arch.o
    0xa00c6ae0   0x000000c8   Zero   RW         1441    .bss                etharp.o
    0xa00c6ba8   0x000000f0   Zero   RW         1723    .bss                sockets.o
    0xa00c6c98   0x00000663   Zero   RW         1790    .bss                dns.o
    0xa00c72fb   0x0001001c   Zero   RW         1859    .bss                mem.o
    0xa00d7317   0x00000001   PAD
    0xa00d7318   0x00013e87   Zero   RW         1875    .bss                memp.o
    0xa00eb19f   0x00000001   PAD
    0xa00eb1a0   0x00000070   Zero   RW         1907    .bss                netif.o
    0xa00eb210   0x00000290   Zero   RW         1992    .bss                stats.o
    0xa00eb4a0   0x00000014   Zero   RW         2054    .bss                tcp_in.o
    0xa00eb4b4   0x00000010   Zero   RW         2224    .bss                ip_addr.o
    0xa00eb4c4   0x00000180   Zero   RW         2313    .bss                mib_structs.o
    0xa00eb644   0x00000130   Zero   RW         2334    .bss                msg_in.o
    0xa00eb774   0x00000044   Zero   RW         2359    .bss                msg_out.o
    0xa00eb7b8   0x00000800   Zero   RW         2380    .bss                ethernetif.o
    0xa00ebfb8   0x00008200   Zero   RW         2568    .bss                tcp_test.o
    0xa00f41b8   0x00000048   Zero   RW         2678    .bss                user_browstestpoint.o
    0xa00f4200   0x0000100c   Zero   RW         2927    .bss                user_key.o
    0xa00f520c   0x00004140   Zero   RW         2961    .bss                user_main.o
    0xa00f934c   0x00000050   Zero   RW         3179    .bss                user_menu.o
    0xa00f939c   0x00000014   Zero   RW         3377    .bss                user_testio.o
    0xa00f93b0   0x000000fc   Zero   RW         3555    .bss                equipmentlist.o
    0xa00f94ac   0x00580030   Zero   RW         4449    .bss                ucGui.lib(guialloc.o)
    0xa06794dc   0x00000060   Zero   RW         4468    .bss                ucGui.lib(guicore.o)
    0xa067953c   0x00000190   Zero   RW         4489    .bss                ucGui.lib(guitask.o)
    0xa06796cc   0x00000010   Zero   RW         4528    .bss                ucGui.lib(lcdrle8.o)
    0xa06796dc   0x00000024   Zero   RW         5324    .bss                ucGui.lib(wm.o)
    0xa0679700   0x00000200   Zero   RW         5772    .bss                ucGui.lib(lcdcolor.o)
    0xa0679900   0x00000018   Zero   RW         6851    .bss                ucGui.lib(gui_fillpolygon.o)
    0xa0679918   0x000000e4   Zero   RW         7273    .bss                c_w.l(rand.o)
    0xa06799fc   0x00000060   Zero   RW         7365    .bss                c_w.l(libspace.o)
    0xa0679a5c   0x00000004   PAD
    0xa0679a60   0x00500000   Zero   RW            2    HEAP                startup_lpc177x_8x.o
    0xa0b79a60   0x00008000   Zero   RW            1    STACK               startup_lpc177x_8x.o



  Load Region LR$$.ARM.__at_0x02FC (Base: 0x000002fc, Size: 0x00000004, Max: 0x00000004, ABSOLUTE)

    Execution Region ER$$.ARM.__at_0x02FC (Base: 0x000002fc, Size: 0x00000004, Max: 0x00000004, ABSOLUTE, UNINIT)

    Base Addr    Size         Type   Attr      Idx    E Section Name        Object

    0x000002fc   0x00000004   Code   RO            4    .ARM.__at_0x02FC    startup_lpc177x_8x.o


==============================================================================

Image component sizes


      Code (inc. data)   RO Data    RW Data    ZI Data      Debug   Object Name

      3352        922          0          0          0      32995   api_lib.o
      6492       1220          0          0          0      11320   api_msg.o
        84          0          0          0          0      11235   app_hooks.o
      1256          0          0          0          0       4572   asn1_dec.o
       984          0          0          0          0       5161   asn1_enc.o
      3676        226          0         15        254      40904   com_uart.o
        62          0          0          0          0        998   def.o
      1988        292          0         20       1635       8336   dns.o
       512          6          0          0          0       5302   eeprom_st24c02.o
       952        226          0          4        252       4550   equipmentlist.o
      4200        640         80          1        200      23882   etharp.o
       712        134          0          8       2048       2805   ethernetif.o
         0          0      15257        288          0        578   g631y2.o
       754          0          0          0          0       1014   gpioconfig.o
       128         14          0         16          0      11859   gui_x_ucos-ii.o
      1244        360          0          0          0       2478   icmp.o
      2220        398          0         12          0       7151   igmp.o
       680         90          0          0          0       2729   inet_chksum.o
        52          0          0          0          0      11268   init.o
      2032        182          0         18          0       7432   ip.o
       788         94          8          0         16       9679   ip_addr.o
      2724        482          0          6          0       7008   ip_frag.o
        36          6          0          8          0       2170   jlink_putc.o
      2564         18          0         33          0      14037   listview.o
       368         48          0          0          0       1535   lpc177x_8x_clkpwr.o
      2124        126         15          0         44      58078   lpc177x_8x_emac.o
      4588        290          0          0          0      13170   lpc177x_8x_emc.o
       196         16          0          0          0       2417   lpc177x_8x_exti.o
      1134         62          0          0          0       8910   lpc177x_8x_gpio.o
      2284         60          0          4         48      27897   lpc177x_8x_i2c.o
      1944         42          0          0     460800      12269   lpc177x_8x_lcd.o
      1104         18          0          0          0       6050   lpc177x_8x_pinsel.o
      1554         64          0          0          0       8171   lpc177x_8x_rtc.o
      1012         16          0          0          0       9168   lpc177x_8x_ssp.o
       932         18          0          0          0       7781   lpc177x_8x_timer.o
      3224        122          0          0          0      17777   lpc177x_8x_uart.o
      2064        556          0         20      65564       3998   mem.o
       636        186         84          0      81543       2482   memp.o
      4696         28          0         52          0      19014   menu.o
      9584       1392       2300       1112          0      46077   mib2.o
      2936        200         16          1        384      11506   mib_structs.o
      5448        232         11          4        304      12977   msg_in.o
      2440         24          0          8         68       7933   msg_out.o
      1060         38          0          0          0       5595   nandflash_k9f4g08u0b.o
       884        326          0          0          0       7313   netbuf.o
         0          0          0          0          0       5760   netdb.o
      2000        344          0          9        112       8756   netif.o
       364         12          0          0          0      14232   norflash_sst39vf1601.o
      3024        208        256         88       5664      17932   os_core.o
       176         36          0          0          0        320   os_cpu_a.o
       408         32          0          6        512      12090   os_cpu_c.o
       348        230        114          0          0       3341   os_dbg.o
      2084         40          0          0          0       6736   os_flag.o
       484         16          0          0          0       3016   os_mem.o
      1536         36          0          0          0       5441   os_q.o
       932         22          0          0          0       3786   os_sem.o
      2152         72          0          0          0       7828   os_task.o
       440         30          0          0          0       1718   os_time.o
      1660        134          0          0          0       5409   os_tmr.o
      4368       1228          0          1          0      10367   pbuf.o
       564        118          0          4          0       3505   raw.o
         0          0          0          0          0      25468   sdram_mt48lc8m32lfb5.o
      1688        442          0        768          0       4324   sensor_operation.o
      8466        700         64          8        240      19318   sockets.o
       180          4          0          0        648       5052   ssp_gt21l16s2w.o
       180          4          0          0          0       1200   ssp_m25p128.o
        68         30        228          0    5275648       1072   startup_lpc177x_8x.o
      1380        622        390          0        656       5406   stats.o
      1360         16          0          8      10496      10324   sys_arch.o
       948         86          0         16          0      38535   system_lpc177x_8x.o
       196         20          0         10          0       1640   task_uartrcv.o
      5552       1110        177         35          0      22340   tcp.o
      7860       1072          0         32         20      15567   tcp_in.o
      5264        960         85          0          0      18208   tcp_out.o
       772        280          0          0      33280      17582   tcp_test.o
       968        178          0         16          0      11011   tcpip.o
       796        168          0          8          0       3211   timers.o
      2032        194          0          8          0       8094   udp.o
      3496        184         86          0         72      12518   user_browstestpoint.o
       936        204         86          0          0      17245   user_dispbackpower.o
       764        100         81          0          0       1733   user_dispconnect.o
      1592         80          0         42       4108      20767   user_key.o
       872        130          0         28      16704      45228   user_main.o
      2868        556       1329         25         80      11363   user_menu.o
      2804        104        520          4          0       4116   user_setaddr.o
       712        156        225          0          0       1792   user_setconnect.o
       620         40        390          0          0       1773   user_setpassword.o
      1200         76        225          4          0       3071   user_settime.o
       404         98        109          0          0       2558   user_settype.o
      1076        130        308          0         20       2470   user_testio.o
       700        132        106         16          0       2300   user_testrs485.o
       364         84        192          0          0       1660   user_testserial.o
      1236        192          0          0          0      21008   yaffs_allocator.o
       442          0          0          0          0       3362   yaffs_attribs.o
       648        108          0          0          0       3734   yaffs_bitmap.o
      2604        464        157          0          0       7002   yaffs_checkptrw.o
       856          4        256          0          0       4212   yaffs_ecc.o
     21656       2824        592          0          0      57509   yaffs_guts.o
       124          6        256          0          0       2005   yaffs_hweight.o
       242          0          0          0          0       2811   yaffs_k9f4g08u0b.o
       720          0          0          0          0       4050   yaffs_nameval.o
       604        102          0          0          0       3896   yaffs_nand.o
       684         60          0          0          0       5053   yaffs_nand_drv.o
       708         60         91          0          0       3746   yaffs_packedtags2.o
       974          0          0          0          0       3494   yaffs_qsort.o
      1248          0          0          0          0      15900   yaffs_summary.o
      1772        300          0          8         32       6409   yaffs_tagscompat.o
      1080        292          0          0          0       3926   yaffs_tagsmarshall.o
       236         36          0          8          0       5806   yaffs_ucos_glue.o
      3636       1292        415          4          0       7679   yaffs_verify.o
      1720        278         98          0          0       3590   yaffs_yaffs1.o
      7268       1198        749          0          0      16439   yaffs_yaffs2.o
       112         12          0          8          0       1604   yaffscfg2k.o
     15440        118          0         28      13840      64581   yaffsfs.o

    ----------------------------------------------------------------------
    228400      27038      25398       2848    5975300    1214580   Object Totals
        10          0         16          0          0          0   (incl. Generated)
        18          0         26         26          8          0   (incl. Padding)

    ----------------------------------------------------------------------

      Code (inc. data)   RO Data    RW Data    ZI Data      Debug   Library Member Name

        60          8          0          0          0         84   __0sscanf.o
        24          4          0          0          0         84   __2printf.o
        44          6          0          0          0         84   __2sprintf.o
         8          0          0          0          0         68   __main.o
       396          6         17          0          0         92   __printf_flags_ss_wp.o
        14          0          0          0          0         68   __printf_wp.o
        52          8          0          0          0          0   __scatter.o
        28          0          0          0          0          0   __scatter_zi.o
        28          0          0          0          0         68   _chval.o
        44          0          0          0          0        108   _printf_char.o
        48          6          0          0          0         96   _printf_char_common.o
        36          4          0          0          0         80   _printf_char_file.o
         6          0          0          0          0          0   _printf_d.o
       120         18          0          0          0         92   _printf_dec.o
         6          0          0          0          0          0   _printf_f.o
      1056          0          0          0          0        216   _printf_fp_dec.o
       128         16          0          0          0         84   _printf_fp_infnan.o
       156          6         40          0          0        160   _printf_hex_int_ll_ptr.o
       184          0          0          0          0         88   _printf_intcommon.o
        10          0          0          0          0          0   _printf_ll.o
         6          0          0          0          0          0   _printf_lld.o
       120         16          0          0          0         92   _printf_longlong_dec.o
         6          0          0          0          0          0   _printf_p.o
        82          0          0          0          0        108   _printf_pad.o
         0          0          0          0          0          0   _printf_percent.o
         4          0          0          0          0          0   _printf_percent_end.o
         6          0          0          0          0          0   _printf_s.o
        82          0          0          0          0         80   _printf_str.o
        36          0          0          0          0         84   _printf_truncate.o
         6          0          0          0          0          0   _printf_u.o
         6          0          0          0          0          0   _printf_x.o
       880          4          0          0          0        100   _scanf.o
       336          0          0          0          0         96   _scanf_int.o
        64          0          0          0          0         84   _sgetc.o
        10          0          0          0          0         68   _sputc.o
        16          0          0          0          0         72   abort.o
        16          0          0          0          0         68   aeabi_memset.o
       228          6        148          0          0         96   bigflt0.o
      1910        128          0          0          0        672   btod.o
        48         34          0          0          0         76   defsig_abrt_inner.o
        14          0          0          0          0         80   defsig_abrt_outer.o
        10          0          0          0          0         68   defsig_exit.o
        50          0          0          0          0         88   defsig_general.o
        80         58          0          0          0         76   defsig_rtmem_inner.o
        14          0          0          0          0         80   defsig_rtmem_outer.o
        12          0          0          0          0         72   exit.o
         8          0          0          0          0         68   ferror.o
        94          0          0          0          0         80   h1_alloc.o
        52          0          0          0          0         68   h1_extend.o
        78          0          0          0          0         80   h1_free.o
        14          0          0          0          0         84   h1_init.o
         6          0          0          0          0        152   heapauxi.o
         4          0          0          0          0        136   hguard.o
         0          0          0          0          0          0   indicate_semi.o
       138          0          0          0          0        168   init_alloc.o
        18          0          0          0          0         76   isspace.o
        44         10        272          0          0         76   lc_ctype_c.o
        44         10         28          0          0         76   lc_numeric_c.o
         2          0          0          0          0          0   libinit.o
        42          0          0          0          0          0   libinit2.o
         2          0          0          0          0          0   libshutdown.o
         2          0          0          0          0          0   libshutdown2.o
         8          4          0          0         96         68   libspace.o
        72          0          0          0          0         76   llsdiv.o
        38          0          0          0          0         68   llsshr.o
       138          0          0          0          0         80   lludiv10.o
       238          0          0          0          0        100   lludivv7m.o
         0          0          0          0          0          0   maybetermalloc1.o
        88          0          0          0          0         76   memcmp.o
        44          4          0          0          0         84   puts.o
       112         18          0          0        228        160   rand.o
        16          4          0          0          0         76   rt_ctype_table.o
         8          4          0          0          0         68   rt_errno_addr_intlibspace.o
         8          4          0          0          0         68   rt_heap_descriptor_intlibspace.o
         8          4          0          0          0         68   rt_locale_intlibspace.o
        68          0          0          0          0         68   rt_memclr.o
        78          0          0          0          0         80   rt_memclr_w.o
       138          0          0          0          0         68   rt_memcpy_v6.o
       100          0          0          0          0         80   rt_memcpy_w.o
       132          0          0          0          0         68   rt_memmove_v6.o
       122          0          0          0          0         80   rt_memmove_w.o
         0          0          0          0          0          0   rtentry.o
        12          0          0          0          0          0   rtentry2.o
         6          0          0          0          0          0   rtentry4.o
         2          0          0          0          0          0   rtexit.o
        10          0          0          0          0          0   rtexit2.o
        44          8          0          0          0         84   scanf_char.o
        24          0          0          0          0         68   strcat.o
       128          0          0          0          0         68   strcmpv7m.o
        72          0          0          0          0         80   strcpy.o
        62          0          0          0          0         76   strlen.o
       150          0          0          0          0         80   strncmp.o
        86          0          0          0          0         76   strncpy.o
        12          4          0          0          0         68   sys_exit.o
        74          0          0          0          0         80   sys_stackheap_outer.o
        14          0          0          0          0         76   sys_wrch.o
         2          0          0          0          0         68   use_no_semi.o
        12          0          0          0          0         68   dretinf.o
        86          4          0          0          0         84   f2d.o
       140          4          0          0          0         84   fnaninf.o
         4          0          0          0          0         68   printf1.o
         0          0          0          0          0          0   usenofp.o
        40          0          0          0          0         68   fpclassify.o
       976          6          0         32          0       6044   button.o
        80          0          0          0          0       5962   button_createindirect.o
       312          4          0          4          0       7458   dialog.o
      2008         18          0         32          0      10288   dropdown.o
        72          0          0          0          0        682   dropdown_createindirect.o
        76          0          0          0          0        929   dropdown_setautoscroll.o
      2612          8          0         28          0      11305   edit.o
        92          0          0          0          0        690   edit_createindirect.o
        42          0          0          0          0       1800   edit_setcursoratchar.o
         0          0       1844          0          0       1990   f6x8.o
      1992         20          0         34          0       8172   framewin.o
       254          0          0          0          0       1386   framewin__updatebuttons.o
       156          0          0          0          0       3312   framewin_addmenu.o
        78          0          0          0          0        686   framewin_createindirect.o
       204          0          0          0          0       1849   framewin_setcolors.o
        62          0          0          0          0        919   framewin_setfont.o
        78          0          0          0          0       1002   framewin_settitleheight.o
      2076         18         68          0          0       7980   gui2dlib.o
       196          0          0          0          0       1212   gui__calctextrect.o
        26          0          0          0          0        499   gui__divideround.o
        20          4          0          0          0        404   gui__getfontsizey.o
        26          0          0          0          0        483   gui__getnumchars.o
        24          0          0          0          0        556   gui__handleeoline.o
        66          0          0          0          0      28298   gui__intersectrect.o
       136          0          0          0          0        966   gui__intersectrects.o
        84          0          0          0          0        694   gui__memset.o
        78          0          0          0          0        692   gui__memset16.o
        34          0          0          0          0        738   gui__reducerect.o
        78          0          0          0          0        639   gui__settext.o
        80          4          0          0          0        765   gui__strcmp.o
        22          0          0          0          0        450   gui__strlen.o
        72          0          0          0          0        678   gui_alloc_allocinit.o
        42          0          0          0          0        510   gui_alloc_alloczero.o
       428          0          0          0          0       3102   gui_array.o
        88          0          0          0          0       1059   gui_array_deleteitem.o
        90          0          0          0          0       1063   gui_array_resizeitem.o
        26          0          0          0          0        674   gui_clearrectex.o
         0          0         32          0          0      15685   gui_cursorheaderm.o
         0          0         85          0          0        444   gui_cursorheadermpx.o
         0          0         24          0          0        472   gui_cursorpal.o
       332          4          0          0          0        885   gui_dispstring.o
        40          6          0          0          0        531   gui_dispstringat.o
       480          6          0          0          0       5685   gui_dispstringinrect.o
        94          0          0          0          0       1387   gui_draw.o
       260          6          0          0          0       1307   gui_drawbitmap.o
       204          4          0          0          0        988   gui_drawfocusrect.o
        96          6          0          0          0        548   gui_drawhline.o
        92          6          0          0          0        548   gui_drawvline.o
        56          4          0          0          0        573   gui_exec.o
       832         12          0          4         24       3901   gui_fillpolygon.o
       108          6          0          0          0        591   gui_fillrect.o
        26          0          0          0          0        661   gui_fillrectex.o
        18          0          0          0          0        780   gui_getclientrect.o
        92          0          0          0          0        944   gui_getcolor.o
        48          6          0          0          0        506   gui_getfontinfo.o
        20          0          0          0          0        435   gui_getfontsizey.o
        22          0          0          0          0        481   gui_getstringdistx.o
        20          0          0          0          0        612   gui_getysizeoffont.o
       112          6          0          0          0       1105   gui_goto.o
       120          4          0          0          0        617   gui_invertrect.o
       130          0          0          0          0        884   gui_mergerect.o
        36          0          0          0          0        707   gui_moverect.o
       152         12          0         20          0      17128   gui_onkey.o
        84          4          0          0          0       1000   gui_pen.o
        58          0          0          0          0        825   gui_rectsintersect.o
        36          4          0          0          0        873   gui_savecontext.o
        24          0          0          0          0        408   gui_selectlcd.o
        40          0          0          0          0        602   gui_setcolor.o
        76          6          0          0          0        547   gui_setdefault.o
        24          0          0          0          0        486   gui_setdrawmode.o
        32          6          0          0          0        486   gui_setfont.o
        28          6          0          0          0        495   gui_setlinestyle.o
        32          4          0          0          0        483   gui_settextalign.o
        32          4          0          0          0        478   gui_settextmode.o
       232          6          0          0          0       1936   gui_uc.o
        56          8         16          0          0       1468   gui_uc_encodenone.o
      1080         20          0          1    5767216       5364   guialloc.o
       232          8          0          0          0       1156   guichar.o
       440         12          0          0          0       1951   guicharline.o
       472          6          0          0          0       2009   guicharm.o
       804         12          0          0          0       2377   guicharp.o
      1156         10          0          0          0       3350   guicirc.o
       292         24          8         20         96       4998   guicore.o
      1088         14          0          0          0       5513   guidev.o
      2210         16         96          0          0      35135   guidev_16.o
       278          0          0          0          0       1718   guidev_banding.o
        72          6          0          0          0        911   guidev_clear.o
        44          4          0          0          0        834   guidev_getysize.o
        56          6          0          0          0        901   guidev_reduceysize.o
       108          4          0          0          0        992   guidev_setorg.o
       120          4          0          0          0       1289   guidev_usage.o
       556          4         24          0          0       3146   guidev_usagebm.o
       176          0         12          0          0       6202   guiencjs.o
        88          0          0          0          0        716   guirealloc.o
       328         20          0         12        400       1779   guitask.o
        62          0          0          0          0        644   guitime.o
      2212         56          0         28          0      12658   header.o
         0          0       1032          0          0       5441   hzk16.o
      1128         12          0          0          0       4340   lcd.o
         0          0         64          4          0        506   lcd_api.o
        92          4          0          0          0        528   lcd_drawvline.o
        16          4          0          0          0        528   lcd_getcolorindex.o
        56          0          0          0          0       1043   lcd_l0_generic.o
         0          0        256          0          0        422   lcd_mirror.o
        36         10          0          0          0        400   lcd_selectlcd.o
        32          4          0          0          0        708   lcd_setcliprectex.o
        36          4          0          0          0        425   lcd_updatecolorindices.o
        84          4          0          0        512       1514   lcdcolor.o
        48          0          0          0          0       1321   lcdinfo0.o
        32          0          0          0          0        699   lcdp565.o
        56          0          0          0          0        546   lcdp565_index2color.o
       560          8          8          0         16       2320   lcdrle8.o
      3532         10          0         40          0      16158   listbox.o
       100          0          0          0          0       1335   listbox_create.o
        68          0          0          0          0       2129   listbox_font.o
        76          0          0          0          0       1168   listbox_itemspacing.o
       128          0          0          0          0       1428   listbox_setautoscroll.o
        50          0          0          0          0        853   listbox_setbkcolor.o
        38          0          0          0          0        787   listbox_setowner.o
        52          0          0          0          0        868   listbox_setscrollbarwidth.o
        62          0          0          0          0        979   listbox_settextcolor.o
        72          0          0          0          0       1274   listview_createindirect.o
        68          6          0          0          0       2307   listview_default.o
        40          0          0          0          0        853   listview_getnumcolumns.o
        40          0          0          0          0        838   listview_getnumrows.o
        34          0          0          0          0        786   listview_getsel.o
        66          0          0          0          0        886   listview_setbkcolor.o
        60          0          0          0          0        866   listview_setgridvis.o
       116          0          0          0          0       1115   listview_setitemtext.o
        60          0          0          0          0        896   listview_setrowheight.o
       120          0          0          0          0        930   listview_setsel.o
        80          0          0          0          0        972   listview_settextalign.o
        66          0          0          0          0        900   listview_settextcolor.o
        96          0          0          0          0        986   menu_attach.o
       124          8          0          0          0       3336   menu_default.o
      1272         30          0         24          0       6449   radio.o
        88          0          0          0          0        723   radio_createindirect.o
         0          0        176          0          0        833   radio_image.o
      1964         16          0         18          0       8381   scrollbar.o
       112          0          0          0          0       1060   scrollbar_create.o
       104         12          0          0          0       1678   scrollbar_defaults.o
        38          0          0          0          0        537   scrollbar_setwidth.o
      1208          4          0          4          0       7389   widget.o
       428         18         24          0          0       3528   widget_effect_3d.o
       272         12         24          0          0       3482   widget_effect_3d1l.o
       288          6          0          0          0       1263   widget_fillstringinrect.o
        30          0          0          0          0        503   widget_seteffect.o
        66          0          0          0          0        958   widget_setwidth.o
      4224        160          0         49         36      18498   wm.o
        60          0          0          0          0        830   wm__foreachdesc.o
        30          0          0          0          0        502   wm__getfirstsibling.o
        36          6          0          0          0        495   wm__getfocussedchild.o
        54          0          0          0          0        761   wm__getprevsibling.o
        78          0          0          0          0       1086   wm__isancestor.o
        40          0          0          0          0        778   wm__ischild.o
        26          0          0          0          0        464   wm__isenabled.o
        36          0          0          0          0        786   wm__sendmessage.o
        40          0          0          0          0        860   wm__sendmessagenopara.o
       390          0          0          0          0       1427   wm__updatechildpositions.o
       190          0          0          0          0       1448   wm_attachwindow.o
        80          0          0          0          0        823   wm_bringtobottom.o
       144          6          0          0          0       1400   wm_bringtotop.o
       118          0          0          0          0       1307   wm_checkscrollpos.o
        80          4          0          0          0        821   wm_criticalhandle.o
        28          0          0          0          0        737   wm_foreachdesc.o
        28          0          0          0          0        504   wm_getbkcolor.o
        88          8          0          0          0        950   wm_getclientrect.o
        26          0          0          0          0        493   wm_getclientwindow.o
        12          4          0          0          0        406   wm_getdesktopwindow.o
       106          0          0          0          0       1131   wm_getdialogitem.o
        28          0          0          0          0        467   wm_getfirstchild.o
        28          0          0          0          0        474   wm_getflags.o
        20          0          0          0          0        447   wm_getid.o
        44          4          0          0          0        882   wm_getinsiderect.o
       190          0          0          0          0       1082   wm_getinsiderectexscrollbar.o
        92          4          0          0          0        950   wm_getorg.o
        28          0          0          0          0        451   wm_getparent.o
        28          0          0          0          0        640   wm_getscrollbar.o
        42          0          0          0          0        518   wm_getscrollpartner.o
        22          0          0          0          0        724   wm_getscrollstate.o
       104          8          0          0          0       1138   wm_getwindowrect.o
       128          0          0          0          0       1520   wm_getwindowsize.o
        24          4          0          0          0        453   wm_hascaptured.o
        56          0          0          0          0        740   wm_hide.o
        32          0          0          0          0        506   wm_isfocussable.o
        24          0          0          0          0        454   wm_iswindow.o
       272          0          0          0          0       1772   wm_move.o
        88          0          0          0          0        893   wm_movechildto.o
        22          0          0          0          0        494   wm_notifyparent.o
        64          6          0          0          0        567   wm_onkey.o
        16          6          0          0          0        707   wm_pid__getprevstate.o
       242          0          0          0          0       1050   wm_resizewindow.o
        24          0          0          0          0        495   wm_sendmessagenopara.o
        40          0          0          0          0        542   wm_sendtoparent.o
        50          0          0          0          0        815   wm_setanchor.o
        96          8          0          0          0        782   wm_setcapture.o
       152          4          0          4          0       1080   wm_setcapturemove.o
        16          6          0          0          0        456   wm_setcreateflags.o
       176          4          0          0          0        638   wm_setfocus.o
       152          0          0          0          0       1409   wm_setfocusonnextchild.o
       158          0          0          0          0       1536   wm_setscrollbar.o
        28          0          0          0          0        740   wm_setscrollstate.o
        74          0          0          0          0        869   wm_setsize.o
       152          6          0          0          0       1155   wm_settrans.o
        32          6          0          0          0        729   wm_setusercliprect.o
        74          0          0          0          0        758   wm_setxsize.o
        74          0          0          0          0        758   wm_setysize.o
        96          0          0          0          0       1049   wm_show.o
        74          0          0          0          0        959   wmmemdev.o
         0          0          0         16          0       1951   wmtouch.o

    ----------------------------------------------------------------------
     60462       1280       4304        384    5768628     455731   Library Totals
        54          0          6         10          4          0   (incl. Padding)

    ----------------------------------------------------------------------

      Code (inc. data)   RO Data    RW Data    ZI Data      Debug   Library Name

      9152        402        505          0        324       6956   c_w.l
       242          8          0          0          0        304   fz_ws.l
        40          0          0          0          0         68   m_ws.l
     50974        870       3793        374    5768300     448403   ucGui.lib

    ----------------------------------------------------------------------
     60462       1280       4304        384    5768628     455731   Library Totals

    ----------------------------------------------------------------------

==============================================================================


      Code (inc. data)   RO Data    RW Data    ZI Data      Debug   

    288862      28318      29702       3232   11743928    1644935   Grand Totals
    288862      28318      29702       3232   11743928    1644935   ELF Image Totals
    288862      28318      29702       3232          0          0   ROM Totals

==============================================================================

    Total RO  Size (Code + RO Data)               318564 ( 311.10kB)
    Total RW  Size (RW Data + ZI Data)          11747160 (11471.84kB)
    Total ROM Size (Code + RO Data + RW Data)     321796 ( 314.25kB)

==============================================================================

